QUBO++ Ver. 2026.09.25
Floating License for Hiroshima Univ. CS/IS Lab Member Only
Expires at: 2027/03/31 23:59:59
Variable Limit: Unlimited/Unlimited (CPU/GPU)
  (Unlimited: capped only by the implementation — up to 2^30 - 1 variables of each kind, binary and integer)
instance    = n60w20.001  N=61 (顧客 60)  L[0]=601  時間枠の平均幅 19.3
HINT: この定式化はモデルが重いので 60 秒以上を推奨 (いまは 30.0 秒)
N=61  o vars = 1593  (待機 419 / サービス 1174)
conflict terms = 47572
colocated terms = 0
penalty: RET=602 CUST=249 CONF=125 CONT=125
build       = 1.023 sec (式の構築 + simplify)
solve now...(30.0 sec)
TTS         = 1.914 sec (最良解を見つけた時刻)

----------result(30.0 sec)----------
energy          = 551
objective       = 551
makespan        = 586
total_wait      = 35
once_constraint = 0
conflict_constr = 0
colocated       = 0
contiguity      = 0
violated cons   = 0
  return= 586 (RET var = 586)
tour        = [0, 6, 12, 38, 48, 9, 15, 51, 34, 56, 17, 19, 42, 58, 22, 59, 32, 7, 25, 13, 4, 52, 5, 44, 50, 30, 18, 47, 46, 31, 16, 23, 21, 2, 28, 41, 10, 29, 11, 27, 39, 43, 45, 35, 26, 8, 57, 3, 33, 54, 1, 24, 49, 37, 20, 36, 55, 14, 40, 60, 53, 0]
visited     = 60/60
travel time = 551
return      = 586 (limit 601, 最早開始)
tw violations = 0
feasible    = True
model times = ok (ソルバの時刻: 到着前の開始 0 / 時間枠外 0 / 帰着 586)
var_count   = 1593
term_count  = 47088
      (制約違反がなければ objective >= travel time。等号が既定で、
       大きくなるのは (1) ソルバが時刻を詰め切れず移動中に遊んでいる
       (2) 全ペア制約が三角不等式の破れで余分に効いている
       (conflict_terms() の docstring) とき。評価は travel time で行う)
