QUBO++ Ver. 2026.09.30
Floating License for Hiroshima Univ. CS/IS Lab Member Only
Expires at: 2027/03/31 23:59:59
Variable Limit: Unlimited/Unlimited (CPU/GPU)
  (Unlimited: capped only by the implementation — up to 2^30 - 1 variables of each kind, binary and integer)
instance    = n150w60.003  N=151 (顧客 150)  L[0]=1063  時間枠の平均幅 56.2
N=151  o vars = 8725  (待機 1334 / サービス 7391)  prune=True  prec=True (10225 組)  arcgap=True
conflict terms = 1099930  (1998 対)  うち 3 次の補正 0
colocated terms = 25
penalty: RET=1064 CUST=245 CONF=123 CONT=123
build       = 1.580 sec
round 0: energy=917 obj=917 feasible=True travel=862 bad_cust=[] bad_pair=0 [] t=20.4
lns 1 early(K=20): energy=6565716 obj=909 feasible=True travel=858 bad_cust=[] bad_pair=0 [] t=21.7
lns 3 early(K=20): energy=6565681 obj=909 feasible=True travel=853 bad_cust=[] bad_pair=0 [] t=24.6
lns 6 early(K=20): energy=6515533 obj=902 feasible=True travel=853 bad_cust=[] bad_pair=0 [] t=29.6
lns 9 early(K=20): energy=6515513 obj=902 feasible=True travel=853 bad_cust=[] bad_pair=0 [] t=34.9
lns 12 early(K=20): energy=6486853 obj=898 feasible=True travel=853 bad_cust=[] bad_pair=0 [] t=39.9
lns 15 early(K=20): energy=6486827 obj=898 feasible=True travel=853 bad_cust=[] bad_pair=0 [] t=44.1
lns 18 early(K=20): energy=6486820 obj=898 feasible=True travel=853 bad_cust=[] bad_pair=0 [] t=47.9
lns 21 early(K=20): energy=6479661 obj=897 feasible=True travel=855 bad_cust=[] bad_pair=0 [] t=51.4
lns 24 early(K=20): energy=6443796 obj=892 feasible=True travel=851 bad_cust=[] bad_pair=0 [] t=54.9
lns 27 early(K=20): energy=6443766 obj=892 feasible=True travel=851 bad_cust=[] bad_pair=0 [] t=58.4
lns 30 early(K=20): energy=6364949 obj=881 feasible=True travel=851 bad_cust=[] bad_pair=0 [] t=61.9
lns 33 early(K=20): energy=6364917 obj=881 feasible=True travel=848 bad_cust=[] bad_pair=0 [] t=65.4
lns 36 early(K=20): energy=6321868 obj=875 feasible=True travel=846 bad_cust=[] bad_pair=0 [] t=68.9
lns 39 early(K=20): energy=6321856 obj=875 feasible=True travel=844 bad_cust=[] bad_pair=0 [] t=72.4
lns 42 early(K=20): energy=6300344 obj=872 feasible=True travel=844 bad_cust=[] bad_pair=0 [] t=76.0
lns 45 early(K=20): energy=6171390 obj=854 feasible=True travel=829 bad_cust=[] bad_pair=0 [] t=79.5
lns 47 early(K=20): energy=6171372 obj=854 feasible=True travel=829 bad_cust=[] bad_pair=0 [] t=81.9
lns 50 early(K=20): energy=6157044 obj=852 feasible=True travel=829 bad_cust=[] bad_pair=0 [] t=85.6
lns 53 early(K=20): energy=6157022 obj=852 feasible=True travel=827 bad_cust=[] bad_pair=0 [] t=89.4
lns 56 early(K=20): energy=6121174 obj=847 feasible=True travel=827 bad_cust=[] bad_pair=0 [] t=93.1
lns 59 early(K=20): energy=6070959 obj=840 feasible=True travel=820 bad_cust=[] bad_pair=0 [] t=96.6
lns 63 early(K=20): energy=6020776 obj=833 feasible=True travel=815 bad_cust=[] bad_pair=0 [] t=101.3
lns 66 early(K=20): energy=5762768 obj=797 feasible=True travel=796 bad_cust=[] bad_pair=0 [] t=104.9
lns 67 early(K=20): energy=5748462 obj=795 feasible=True travel=794 bad_cust=[] bad_pair=0 [] t=106.1
lns: K = 30 (t=143.7)
lns: K = 45 (t=169.5)
lns: K = 60 (t=194.9)
restart 1: energy=865 obj=865 feasible=True travel=839 bad_cust=[] bad_pair=0 [] t=239.3
lns: K = 20 (t=239.3)
lns 131 early(K=20): energy=6250274 obj=865 feasible=True travel=839 bad_cust=[] bad_pair=0 [] t=240.6
lns 133 early(K=20): energy=6250262 obj=865 feasible=True travel=839 bad_cust=[] bad_pair=0 [] t=243.7
lns 136 early(K=20): energy=6207277 obj=859 feasible=True travel=839 bad_cust=[] bad_pair=0 [] t=248.8
lns 139 early(K=20): energy=6207265 obj=859 feasible=True travel=839 bad_cust=[] bad_pair=0 [] t=254.3
lns 142 early(K=20): energy=6192931 obj=857 feasible=True travel=839 bad_cust=[] bad_pair=0 [] t=259.4
lns 145 early(K=20): energy=6178577 obj=855 feasible=True travel=839 bad_cust=[] bad_pair=0 [] t=263.7
lns 149 early(K=20): energy=6178557 obj=855 feasible=True travel=838 bad_cust=[] bad_pair=0 [] t=268.9
lns 152 early(K=20): energy=6128358 obj=848 feasible=True travel=834 bad_cust=[] bad_pair=0 [] t=272.6
lns 155 early(K=20): energy=6128356 obj=848 feasible=True travel=834 bad_cust=[] bad_pair=0 [] t=276.2
lns 158 early(K=20): energy=6121192 obj=847 feasible=True travel=834 bad_cust=[] bad_pair=0 [] t=279.9
lns 161 early(K=20): energy=6099676 obj=844 feasible=True travel=832 bad_cust=[] bad_pair=0 [] t=283.6
lns 166 early(K=20): energy=6092508 obj=843 feasible=True travel=836 bad_cust=[] bad_pair=0 [] t=289.8
lns 169 early(K=20): energy=5970652 obj=826 feasible=True travel=817 bad_cust=[] bad_pair=0 [] t=293.5
lns 171 early(K=20): energy=5970634 obj=826 feasible=True travel=817 bad_cust=[] bad_pair=0 [] t=295.9
lns 174 early(K=20): energy=5949203 obj=823 feasible=True travel=816 bad_cust=[] bad_pair=0 [] t=299.8
lns: 174 回解き直し、改善 39 回、再出発 1 回

----------result(300.0 sec)----------
energy          = 795
objective       = 795
total_wait      = 189
violated cons   = 0
TTS         = 106.083 sec (最良解を見つけた時刻)
tour        = [0, 90, 86, 127, 10, 94, 113, 104, 126, 137, 88, 49, 96, 143, 27, 24, 74, 123, 37, 67, 38, 44, 30, 19, 36, 83, 65, 63, 142, 31, 72, 129, 148, 66, 40, 21, 147, 120, 125, 107, 46, 73, 59, 131, 135, 145, 115, 102, 71, 16, 110, 17, 57, 138, 111, 61, 81, 132, 78, 109, 48, 34, 99, 2, 87, 45, 25, 136, 47, 55, 4, 29, 128, 85, 50, 133, 6, 101, 52, 130, 97, 134, 13, 82, 121, 18, 53, 108, 42, 22, 56, 141, 75, 64, 33, 146, 12, 117, 92, 14, 80, 32, 26, 28, 41, 54, 69, 8, 5, 144, 76, 106, 11, 58, 60, 35, 9, 79, 116, 23, 70, 3, 51, 15, 98, 118, 122, 95, 68, 100, 149, 124, 114, 105, 93, 112, 20, 39, 84, 7, 77, 140, 91, 103, 119, 62, 89, 1, 150, 139, 43, 0]
visited     = 150/150
travel time = 794
return      = 984 (limit 1063, 最早開始)
tw violations = 0
feasible    = True
model times = ok (ソルバの時刻: 到着前の開始 0 / 時間枠外 0 / 帰着 984)
var_count   = 8725
term_count  = 1062704
build       = 1.580 sec (式の構築 + simplify)
