QUBO++ Ver. 2026.09.30
Floating License for Hiroshima Univ. CS/IS Lab Member Only
Expires at: 2027/03/31 23:59:59
Variable Limit: Unlimited/Unlimited (CPU/GPU)
  (Unlimited: capped only by the implementation — up to 2^30 - 1 variables of each kind, binary and integer)
instance    = n20w80.003  N=21 (顧客 20)  L[0]=427  時間枠の平均幅 75.8
N=21  o vars = 1309  (待機 135 / サービス 1174)  prune=True  prec=True (152 組)  arcgap=True
conflict terms = 98950  (99 対)  うち 3 次の補正 0
colocated terms = 0
penalty: RET=428 CUST=205 CONF=103 CONT=103
build       = 0.974 sec
round 0: energy=320 obj=320 feasible=True travel=320 bad_cust=[] bad_pair=0 [] t=1.1

----------result(300.0 sec)----------
energy          = 320
objective       = 320
total_wait      = 45
violated cons   = 0
TTS         = 1.055 sec (最良解を見つけた時刻)
tour        = [0, 3, 15, 9, 16, 19, 10, 14, 13, 11, 4, 2, 18, 7, 12, 6, 1, 5, 20, 17, 8, 0]
visited     = 20/20
travel time = 320
return      = 365 (limit 427, 最早開始)
tw violations = 0
feasible    = True
model times = ok (ソルバの時刻: 到着前の開始 0 / 時間枠外 0 / 帰着 365)
var_count   = 1309
term_count  = 97529
build       = 0.974 sec (式の構築 + simplify)
