QUBO++ Ver. 2026.09.30
Floating License for Hiroshima Univ. CS/IS Lab Member Only
Expires at: 2027/03/31 23:59:59
Variable Limit: Unlimited/Unlimited (CPU/GPU)
  (Unlimited: capped only by the implementation — up to 2^30 - 1 variables of each kind, binary and integer)
instance    = n20w20.003  N=21 (顧客 20)  L[0]=417  時間枠の平均幅 21.6
N=21  o vars = 249  (待機 18 / サービス 231)  prune=True  prec=True (185 組)  arcgap=True
conflict terms = 2003  (41 対)  うち 3 次の補正 0
colocated terms = 0
penalty: RET=418 CUST=261 CONF=131 CONT=131
build       = 0.973 sec
round 0: energy=394 obj=394 feasible=True travel=394 bad_cust=[] bad_pair=0 [] t=0.8

----------result(300.0 sec)----------
energy          = 394
objective       = 394
total_wait      = 9
violated cons   = 0
TTS         = 0.757 sec (最良解を見つけた時刻)
tour        = [0, 5, 19, 13, 1, 8, 4, 16, 9, 3, 7, 15, 14, 17, 11, 2, 10, 18, 20, 6, 12, 0]
visited     = 20/20
travel time = 394
return      = 403 (limit 417, 最早開始)
tw violations = 0
feasible    = True
model times = ok (ソルバの時刻: 到着前の開始 0 / 時間枠外 0 / 帰着 403)
var_count   = 249
term_count  = 1986
build       = 0.973 sec (式の構築 + simplify)
