QUBO++ Ver. 2026.09.30
Floating License for Hiroshima Univ. CS/IS Lab Member Only
Expires at: 2027/03/31 23:59:59
Variable Limit: Unlimited/Unlimited (CPU/GPU)
  (Unlimited: capped only by the implementation — up to 2^30 - 1 variables of each kind, binary and integer)
instance    = n20w40.003  N=21 (顧客 20)  L[0]=372  時間枠の平均幅 37.4
N=21  o vars = 663  (待機 95 / サービス 568)  prune=True  prec=True (176 組)  arcgap=True
conflict terms = 18309  (60 対)  うち 3 次の補正 0
colocated terms = 0
penalty: RET=373 CUST=237 CONF=119 CONT=119
build       = 0.987 sec
round 0: energy=317 obj=317 feasible=True travel=317 bad_cust=[] bad_pair=0 [] t=0.7

----------result(300.0 sec)----------
energy          = 317
objective       = 317
total_wait      = 41
violated cons   = 0
TTS         = 0.732 sec (最良解を見つけた時刻)
tour        = [0, 11, 9, 14, 7, 17, 3, 15, 10, 13, 6, 8, 4, 12, 16, 1, 19, 20, 5, 2, 18, 0]
visited     = 20/20
travel time = 317
return      = 358 (limit 372, 最早開始)
tw violations = 0
feasible    = True
model times = ok (ソルバの時刻: 到着前の開始 0 / 時間枠外 0 / 帰着 358)
var_count   = 663
term_count  = 18162
build       = 0.987 sec (式の構築 + simplify)
