QUBO++ Ver. 2026.09.30
Floating License for Hiroshima Univ. CS/IS Lab Member Only
Expires at: 2027/03/31 23:59:59
Variable Limit: Unlimited/Unlimited (CPU/GPU)
  (Unlimited: capped only by the implementation — up to 2^30 - 1 variables of each kind, binary and integer)
instance    = n40w40.003  N=41 (顧客 40)  L[0]=563  時間枠の平均幅 36.4
N=41  o vars = 1066  (待機 123 / サービス 943)  prune=True  prec=True (739 組)  arcgap=True
conflict terms = 32514  (163 対)  うち 3 次の補正 0
colocated terms = 1
penalty: RET=564 CUST=241 CONF=121 CONT=121
build       = 1.037 sec
round 0: energy=474 obj=474 feasible=True travel=474 bad_cust=[] bad_pair=0 [] t=1.3

----------result(300.0 sec)----------
energy          = 474
objective       = 474
total_wait      = 62
violated cons   = 0
TTS         = 1.345 sec (最良解を見つけた時刻)
tour        = [0, 16, 1, 17, 11, 31, 30, 35, 10, 9, 34, 7, 38, 23, 27, 24, 2, 32, 4, 6, 29, 5, 14, 22, 25, 12, 36, 19, 3, 26, 20, 8, 37, 21, 39, 13, 33, 28, 40, 18, 15, 0]
visited     = 40/40
travel time = 474
return      = 536 (limit 563, 最早開始)
tw violations = 0
feasible    = True
model times = ok (ソルバの時刻: 到着前の開始 0 / 時間枠外 0 / 帰着 536)
var_count   = 1066
term_count  = 31947
build       = 1.037 sec (式の構築 + simplify)
