QUBO++ Ver. 2026.09.30
Floating License for Hiroshima Univ. CS/IS Lab Member Only
Expires at: 2027/03/31 23:59:59
Variable Limit: Unlimited/Unlimited (CPU/GPU)
  (Unlimited: capped only by the implementation — up to 2^30 - 1 variables of each kind, binary and integer)
instance    = n40w60.003  N=41 (顧客 40)  L[0]=520  時間枠の平均幅 54.4
N=41  o vars = 1671  (待機 168 / サービス 1503)  prune=True  prec=True (690 組)  arcgap=True
conflict terms = 93708  (235 対)  うち 3 次の補正 0
colocated terms = 37
penalty: RET=521 CUST=233 CONF=117 CONT=117
build       = 1.003 sec
round 0: energy=408 obj=408 feasible=True travel=408 bad_cust=[] bad_pair=0 [] t=20.2

----------result(300.0 sec)----------
energy          = 408
objective       = 408
total_wait      = 60
violated cons   = 0
TTS         = 20.158 sec (最良解を見つけた時刻)
tour        = [0, 6, 18, 12, 36, 10, 8, 35, 27, 34, 28, 16, 17, 19, 39, 26, 33, 22, 25, 23, 4, 1, 24, 30, 14, 38, 37, 9, 32, 31, 20, 7, 15, 2, 13, 29, 3, 5, 21, 11, 40, 0]
visited     = 40/40
travel time = 408
return      = 468 (limit 520, 最早開始)
tw violations = 0
feasible    = True
model times = ok (ソルバの時刻: 到着前の開始 0 / 時間枠外 0 / 帰着 468)
var_count   = 1671
term_count  = 91252
build       = 1.003 sec (式の構築 + simplify)
