QUBO++ Ver. 2026.09.30
Floating License for Hiroshima Univ. CS/IS Lab Member Only
Expires at: 2027/03/31 23:59:59
Variable Limit: Unlimited/Unlimited (CPU/GPU)
  (Unlimited: capped only by the implementation — up to 2^30 - 1 variables of each kind, binary and integer)
instance    = n60w40.003  N=61 (顧客 60)  L[0]=719  時間枠の平均幅 39.8
N=61  o vars = 2590  (待機 423 / サービス 2167)  prune=True  prec=True (1601 組)  arcgap=True
conflict terms = 158866  (407 対)  うち 3 次の補正 0
colocated terms = 0
penalty: RET=720 CUST=249 CONF=125 CONT=125
build       = 1.125 sec
round 0: energy=603 obj=603 feasible=True travel=603 bad_cust=[] bad_pair=0 [] t=5.5

----------result(300.0 sec)----------
energy          = 603
objective       = 603
total_wait      = 72
violated cons   = 0
TTS         = 5.489 sec (最良解を見つけた時刻)
tour        = [0, 18, 33, 15, 43, 52, 28, 45, 40, 32, 1, 55, 7, 19, 2, 41, 58, 6, 49, 27, 29, 9, 54, 26, 38, 34, 42, 37, 51, 36, 25, 35, 12, 5, 8, 30, 44, 47, 56, 24, 17, 50, 57, 39, 14, 11, 53, 20, 21, 16, 3, 13, 31, 4, 59, 22, 10, 46, 48, 60, 23, 0]
visited     = 60/60
travel time = 603
return      = 675 (limit 719, 最早開始)
tw violations = 0
feasible    = True
model times = ok (ソルバの時刻: 到着前の開始 0 / 時間枠外 0 / 帰着 675)
var_count   = 2590
term_count  = 154037
build       = 1.125 sec (式の構築 + simplify)
