QUBO++ Ver. 2026.09.30
Floating License for Hiroshima Univ. CS/IS Lab Member Only
Expires at: 2027/03/31 23:59:59
Variable Limit: Unlimited/Unlimited (CPU/GPU)
  (Unlimited: capped only by the implementation — up to 2^30 - 1 variables of each kind, binary and integer)
instance    = n60w100.003  N=61 (顧客 60)  L[0]=651  時間枠の平均幅 99.9
N=61  o vars = 6246  (待機 921 / サービス 5325)  prune=True  prec=True (1344 組)  arcgap=True
conflict terms = 1471098  (885 対)  うち 3 次の補正 0
colocated terms = 0
penalty: RET=652 CUST=217 CONF=109 CONT=109
build       = 1.536 sec
round 0: energy=616 obj=616 feasible=True travel=576 bad_cust=[] bad_pair=0 [] t=20.5
lns 1 early(K=20): energy=3180165 obj=610 feasible=True travel=576 bad_cust=[] bad_pair=0 [] t=21.7
lns 2 early(K=20): energy=3159449 obj=606 feasible=True travel=572 bad_cust=[] bad_pair=0 [] t=22.9
lns 6 early(K=20): energy=3149061 obj=604 feasible=True travel=574 bad_cust=[] bad_pair=0 [] t=32.3
lns 9 early(K=20): energy=3149039 obj=604 feasible=True travel=574 bad_cust=[] bad_pair=0 [] t=42.0
lns 12 early(K=20): energy=3112591 obj=597 feasible=True travel=591 bad_cust=[] bad_pair=0 [] t=53.6
lns 13 early(K=20): energy=3096837 obj=594 feasible=True travel=588 bad_cust=[] bad_pair=0 [] t=57.3
lns 15 early(K=20): energy=3091657 obj=593 feasible=True travel=587 bad_cust=[] bad_pair=0 [] t=64.3
lns 19 early(K=20): energy=3060279 obj=587 feasible=True travel=583 bad_cust=[] bad_pair=0 [] t=80.4
lns 21 early(K=20): energy=3054986 obj=586 feasible=True travel=582 bad_cust=[] bad_pair=0 [] t=89.5
lns 24 early(K=20): energy=2925114 obj=561 feasible=True travel=561 bad_cust=[] bad_pair=0 [] t=102.7
lns 25 early(K=20): energy=2919961 obj=560 feasible=True travel=560 bad_cust=[] bad_pair=0 [] t=107.0
lns: 25 回解き直し、改善 11 回、再出発 0 回

----------result(300.0 sec)----------
energy          = 560
objective       = 560
total_wait      = 50
violated cons   = 0
TTS         = 106.969 sec (最良解を見つけた時刻)
tour        = [0, 9, 55, 3, 1, 24, 32, 6, 40, 30, 44, 54, 35, 14, 50, 16, 22, 8, 36, 21, 29, 59, 17, 11, 5, 26, 28, 19, 41, 51, 52, 33, 58, 43, 46, 57, 45, 39, 38, 56, 42, 15, 7, 48, 47, 13, 12, 20, 31, 4, 18, 2, 23, 49, 27, 10, 25, 53, 34, 37, 60, 0]
visited     = 60/60
travel time = 560
return      = 610 (limit 651, 最早開始)
tw violations = 0
feasible    = True
model times = ok (ソルバの時刻: 到着前の開始 0 / 時間枠外 0 / 帰着 610)
var_count   = 6246
term_count  = 1441707
build       = 1.536 sec (式の構築 + simplify)
