QUBO++ Ver. 2026.09.30
Floating License for Hiroshima Univ. CS/IS Lab Member Only
Expires at: 2027/03/31 23:59:59
Variable Limit: Unlimited/Unlimited (CPU/GPU)
  (Unlimited: capped only by the implementation — up to 2^30 - 1 variables of each kind, binary and integer)
instance    = n80w40.003  N=81 (顧客 80)  L[0]=771  時間枠の平均幅 38.5
N=81  o vars = 2920  (待機 443 / サービス 2477)  prune=True  prec=True (2956 組)  arcgap=True
conflict terms = 161516  (603 対)  うち 3 次の補正 0
colocated terms = 2
penalty: RET=772 CUST=249 CONF=125 CONT=125
build       = 1.066 sec
round 0: energy=683 obj=683 feasible=True travel=679 bad_cust=[] bad_pair=0 [] t=20.2
lns 9 early(K=20): energy=1617986 obj=678 feasible=True travel=674 bad_cust=[] bad_pair=0 [] t=29.7
lns: 9 回解き直し、改善 1 回、再出発 0 回

----------result(300.0 sec)----------
energy          = 678
objective       = 678
total_wait      = 58
violated cons   = 0
TTS         = 29.676 sec (最良解を見つけた時刻)
tour        = [0, 52, 19, 42, 57, 54, 45, 35, 10, 71, 56, 53, 79, 69, 28, 67, 40, 64, 27, 4, 12, 11, 44, 18, 32, 24, 58, 61, 39, 73, 49, 17, 38, 29, 51, 34, 8, 7, 5, 72, 33, 14, 31, 46, 76, 21, 20, 62, 3, 55, 6, 65, 59, 16, 22, 74, 78, 23, 15, 68, 41, 47, 43, 13, 75, 48, 30, 63, 25, 2, 9, 36, 1, 50, 66, 70, 77, 26, 80, 60, 37, 0]
visited     = 80/80
travel time = 674
return      = 732 (limit 771, 最早開始)
tw violations = 0
feasible    = True
model times = ok (ソルバの時刻: 到着前の開始 0 / 時間枠外 0 / 帰着 736)
var_count   = 2920
term_count  = 156772
build       = 1.066 sec (式の構築 + simplify)
