QUBO++ Ver. 2026.09.30
Floating License for Hiroshima Univ. CS/IS Lab Member Only
Expires at: 2027/03/31 23:59:59
Variable Limit: Unlimited/Unlimited (CPU/GPU)
  (Unlimited: capped only by the implementation — up to 2^30 - 1 variables of each kind, binary and integer)
instance    = n100w40.005  N=101 (顧客 100)  L[0]=883  時間枠の平均幅 39.2
N=101  o vars = 3667  (待機 538 / サービス 3129)  prune=True  prec=True (4638 組)  arcgap=True
conflict terms = 236698  (780 対)  うち 3 次の補正 0
colocated terms = 42
penalty: RET=884 CUST=261 CONF=131 CONT=131
build       = 1.107 sec
round 0: energy=702 obj=702 feasible=True travel=702 bad_cust=[] bad_pair=0 [] t=20.2
lns 1 early(K=20): energy=2121567 obj=702 feasible=True travel=702 bad_cust=[] bad_pair=0 [] t=21.3
lns 5 early(K=20): energy=2118574 obj=701 feasible=True travel=701 bad_cust=[] bad_pair=0 [] t=25.5
lns 11 early(K=20): energy=2118564 obj=701 feasible=True travel=701 bad_cust=[] bad_pair=0 [] t=31.9
lns 15 early(K=20): energy=2118552 obj=701 feasible=True travel=699 bad_cust=[] bad_pair=0 [] t=36.2
lns: 15 回解き直し、改善 4 回、再出発 0 回

----------result(300.0 sec)----------
energy          = 701
objective       = 701
total_wait      = 133
violated cons   = 0
TTS         = 36.170 sec (最良解を見つけた時刻)
tour        = [0, 3, 58, 21, 7, 37, 91, 42, 77, 62, 80, 17, 89, 31, 70, 74, 88, 51, 44, 84, 9, 11, 5, 1, 19, 75, 79, 39, 4, 30, 82, 65, 53, 22, 98, 61, 48, 43, 34, 38, 10, 57, 94, 52, 35, 18, 33, 50, 15, 2, 25, 87, 96, 83, 99, 45, 28, 40, 12, 24, 86, 59, 46, 85, 71, 36, 13, 8, 54, 6, 56, 29, 69, 90, 60, 55, 95, 49, 92, 78, 93, 73, 27, 47, 23, 76, 20, 14, 72, 68, 16, 81, 66, 26, 67, 32, 97, 41, 64, 100, 63, 0]
visited     = 100/100
travel time = 699
return      = 834 (limit 883, 最早開始)
tw violations = 0
feasible    = True
model times = ok (ソルバの時刻: 到着前の開始 0 / 時間枠外 0 / 帰着 834)
var_count   = 3667
term_count  = 228344
build       = 1.107 sec (式の構築 + simplify)
