QUBO++ Ver. 2026.09.30
Floating License for Hiroshima Univ. CS/IS Lab Member Only
Expires at: 2027/03/31 23:59:59
Variable Limit: Unlimited/Unlimited (CPU/GPU)
  (Unlimited: capped only by the implementation — up to 2^30 - 1 variables of each kind, binary and integer)
instance    = n200w40.005  N=201 (顧客 200)  L[0]=1187  時間枠の平均幅 40.6
N=201  o vars = 7933  (待機 1110 / サービス 6823)  prune=True  prec=True (18850 組)  arcgap=True
conflict terms = 757007  (2494 対)  うち 3 次の補正 0
colocated terms = 62
penalty: RET=1188 CUST=253 CONF=127 CONT=127
build       = 1.648 sec
round 0: energy=1291 obj=1164 feasible=True travel=1064 bad_cust=[] bad_pair=1 [(21, 168)] t=20.3
lns 1 early(K=20): energy=9447352 obj=1164 feasible=True travel=1063 bad_cust=[] bad_pair=1 [(21, 168)] t=21.6
lns 3 early(K=20): energy=9440728 obj=1163 feasible=True travel=1064 bad_cust=[] bad_pair=1 [(21, 168)] t=23.8
lns 6 early(K=20): energy=9401131 obj=1157 feasible=True travel=1061 bad_cust=[] bad_pair=1 [(21, 168)] t=27.2
lns 9 early(K=20): energy=9401119 obj=1157 feasible=True travel=1061 bad_cust=[] bad_pair=1 [(21, 168)] t=30.7
lns 12 early(K=20): energy=9381283 obj=1154 feasible=True travel=1061 bad_cust=[] bad_pair=1 [(21, 168)] t=34.1
lns 15 early(K=20): energy=9368057 obj=1152 feasible=True travel=1061 bad_cust=[] bad_pair=1 [(21, 168)] t=37.5
lns 18 early(K=20): energy=9368033 obj=1152 feasible=True travel=1061 bad_cust=[] bad_pair=1 [(21, 168)] t=40.9
lns 21 early(K=20): energy=9361392 obj=1151 feasible=True travel=1059 bad_cust=[] bad_pair=1 [(21, 168)] t=44.3
lns 24 early(K=20): energy=9275478 obj=1138 feasible=True travel=1056 bad_cust=[] bad_pair=1 [(21, 168)] t=47.8
lns 27 early(K=20): energy=9249046 obj=1134 feasible=True travel=1056 bad_cust=[] bad_pair=1 [(21, 168)] t=51.2
lns 30 early(K=20): energy=9249042 obj=1134 feasible=True travel=1056 bad_cust=[] bad_pair=1 [(21, 168)] t=54.6
lns 33 early(K=20): energy=9242418 obj=1133 feasible=True travel=1056 bad_cust=[] bad_pair=1 [(21, 168)] t=58.1
lns 36 early(K=20): energy=9176382 obj=1123 feasible=True travel=1052 bad_cust=[] bad_pair=1 [(21, 168)] t=61.5
lns 39 early(K=20): energy=9176365 obj=1123 feasible=True travel=1057 bad_cust=[] bad_pair=1 [(21, 168)] t=65.0
lns 42 early(K=20): energy=9176326 obj=1123 feasible=True travel=1051 bad_cust=[] bad_pair=1 [(21, 168)] t=68.5
lns 45 early(K=20): energy=9116852 obj=1114 feasible=True travel=1051 bad_cust=[] bad_pair=1 [(21, 168)] t=71.9
lns 48 early(K=20): energy=9116849 obj=1114 feasible=True travel=1051 bad_cust=[] bad_pair=1 [(21, 168)] t=75.4
lns 51 early(K=20): energy=9116839 obj=1114 feasible=True travel=1051 bad_cust=[] bad_pair=1 [(21, 168)] t=78.9
lns 54 early(K=20): energy=9077122 obj=1108 feasible=True travel=1048 bad_cust=[] bad_pair=1 [(21, 168)] t=82.4
lns 57 early(K=20): energy=9030852 obj=1101 feasible=True travel=1047 bad_cust=[] bad_pair=1 [(21, 168)] t=85.8
lns 60 early(K=20): energy=9004451 obj=1097 feasible=True travel=1050 bad_cust=[] bad_pair=1 [(21, 168)] t=89.3
lns 63 early(K=20): energy=8931647 obj=1086 feasible=True travel=1043 bad_cust=[] bad_pair=1 [(21, 168)] t=92.8
lns 66 early(K=20): energy=8878752 obj=1078 feasible=True travel=1043 bad_cust=[] bad_pair=1 [(21, 168)] t=96.4
lns 69 early(K=20): energy=8872168 obj=1077 feasible=True travel=1043 bad_cust=[] bad_pair=1 [(21, 168)] t=99.9
lns 72 early(K=20): energy=7180719 obj=1075 feasible=True travel=1042 bad_cust=[] bad_pair=0 [] t=103.4
lns 75 early(K=20): energy=7167500 obj=1073 feasible=True travel=1042 bad_cust=[] bad_pair=0 [] t=106.9
lns 78 early(K=20): energy=7147713 obj=1070 feasible=True travel=1040 bad_cust=[] bad_pair=0 [] t=110.4
lns 81 early(K=20): energy=7127859 obj=1067 feasible=True travel=1042 bad_cust=[] bad_pair=0 [] t=114.0
lns 84 early(K=20): energy=7088196 obj=1061 feasible=True travel=1038 bad_cust=[] bad_pair=0 [] t=117.5
lns 87 early(K=20): energy=7088144 obj=1061 feasible=True travel=1037 bad_cust=[] bad_pair=0 [] t=121.0
lns: 87 回解き直し、改善 30 回、再出発 0 回

----------result(300.0 sec)----------
energy          = 1061
objective       = 1061
total_wait      = 123
violated cons   = 0
TTS         = 121.006 sec (最良解を見つけた時刻)
tour        = [0, 92, 104, 8, 105, 170, 3, 76, 112, 145, 136, 169, 116, 142, 74, 192, 67, 106, 25, 43, 84, 131, 2, 42, 27, 36, 53, 62, 30, 181, 121, 173, 81, 72, 125, 149, 38, 199, 49, 159, 110, 164, 54, 15, 95, 40, 193, 163, 100, 152, 86, 24, 197, 90, 18, 166, 64, 176, 118, 57, 26, 5, 9, 167, 143, 91, 180, 51, 77, 61, 129, 69, 32, 23, 165, 146, 87, 4, 128, 153, 133, 37, 140, 158, 171, 191, 65, 28, 115, 137, 96, 188, 12, 144, 10, 132, 7, 154, 19, 11, 179, 63, 1, 97, 107, 33, 14, 148, 20, 111, 190, 60, 130, 119, 114, 22, 185, 83, 108, 189, 70, 78, 31, 184, 113, 79, 120, 183, 117, 124, 58, 89, 93, 52, 135, 174, 126, 160, 13, 109, 88, 59, 94, 186, 196, 48, 80, 45, 66, 85, 123, 122, 187, 47, 55, 44, 141, 102, 161, 172, 178, 134, 177, 99, 21, 168, 98, 182, 162, 75, 34, 56, 6, 41, 39, 127, 17, 195, 29, 156, 16, 73, 103, 150, 155, 198, 138, 35, 175, 151, 46, 157, 68, 50, 82, 139, 71, 101, 200, 194, 147, 0]
visited     = 200/200
travel time = 1037
return      = 1171 (limit 1187, 最早開始)
tw violations = 0
feasible    = True
model times = ok (ソルバの時刻: 到着前の開始 0 / 時間枠外 0 / 帰着 1184)
var_count   = 7933
term_count  = 726808
build       = 1.648 sec (式の構築 + simplify)
