QUBO++ Ver. 2026.09.30
Floating License for Hiroshima Univ. CS/IS Lab Member Only
Expires at: 2027/03/31 23:59:59
Variable Limit: Unlimited/Unlimited (CPU/GPU)
  (Unlimited: capped only by the implementation — up to 2^30 - 1 variables of each kind, binary and integer)
instance    = n20w60.005  N=21 (顧客 20)  L[0]=446  時間枠の平均幅 61.8
N=21  o vars = 1390  (待機 198 / サービス 1192)  prune=True  prec=True (159 組)  arcgap=True
conflict terms = 88893  (85 対)  うち 3 次の補正 0
colocated terms = 0
penalty: RET=447 CUST=225 CONF=113 CONT=113
build       = 1.015 sec
round 0: energy=338 obj=338 feasible=True travel=338 bad_cust=[] bad_pair=0 [] t=0.8

----------result(300.0 sec)----------
energy          = 338
objective       = 338
total_wait      = 54
violated cons   = 0
TTS         = 0.794 sec (最良解を見つけた時刻)
tour        = [0, 13, 8, 3, 16, 1, 4, 14, 15, 10, 17, 7, 12, 5, 9, 6, 18, 20, 19, 11, 2, 0]
visited     = 20/20
travel time = 338
return      = 392 (limit 446, 最早開始)
tw violations = 0
feasible    = True
model times = ok (ソルバの時刻: 到着前の開始 0 / 時間枠外 0 / 帰着 392)
var_count   = 1390
term_count  = 87832
build       = 1.015 sec (式の構築 + simplify)
