QUBO++ Ver. 2026.09.30
Floating License for Hiroshima Univ. CS/IS Lab Member Only
Expires at: 2027/03/31 23:59:59
Variable Limit: Unlimited/Unlimited (CPU/GPU)
  (Unlimited: capped only by the implementation — up to 2^30 - 1 variables of each kind, binary and integer)
instance    = n20w20.005  N=21 (顧客 20)  L[0]=375  時間枠の平均幅 18.6
N=21  o vars = 190  (待機 14 / サービス 176)  prune=True  prec=True (185 組)  arcgap=True
conflict terms = 1387  (38 対)  うち 3 次の補正 0
colocated terms = 0
penalty: RET=376 CUST=241 CONF=121 CONT=121
build       = 0.913 sec
round 0: energy=352 obj=352 feasible=True travel=352 bad_cust=[] bad_pair=0 [] t=0.2

----------result(300.0 sec)----------
energy          = 352
objective       = 352
total_wait      = 13
violated cons   = 0
TTS         = 0.202 sec (最良解を見つけた時刻)
tour        = [0, 19, 11, 7, 18, 16, 13, 8, 3, 17, 2, 5, 10, 4, 15, 9, 14, 6, 20, 1, 12, 0]
visited     = 20/20
travel time = 352
return      = 365 (limit 375, 最早開始)
tw violations = 0
feasible    = True
model times = ok (ソルバの時刻: 到着前の開始 0 / 時間枠外 0 / 帰着 365)
var_count   = 190
term_count  = 1381
build       = 0.913 sec (式の構築 + simplify)
