QUBO++ Ver. 2026.09.30
Floating License for Hiroshima Univ. CS/IS Lab Member Only
Expires at: 2027/03/31 23:59:59
Variable Limit: Unlimited/Unlimited (CPU/GPU)
  (Unlimited: capped only by the implementation — up to 2^30 - 1 variables of each kind, binary and integer)
instance    = n20w40.005  N=21 (顧客 20)  L[0]=334  時間枠の平均幅 33.5
N=21  o vars = 509  (待機 95 / サービス 414)  prune=True  prec=True (177 組)  arcgap=True
conflict terms = 11226  (60 対)  うち 3 次の補正 0
colocated terms = 0
penalty: RET=335 CUST=249 CONF=125 CONT=125
build       = 1.005 sec
round 0: energy=288 obj=288 feasible=True travel=288 bad_cust=[] bad_pair=0 [] t=0.4

----------result(300.0 sec)----------
energy          = 288
objective       = 288
total_wait      = 38
violated cons   = 0
TTS         = 0.433 sec (最良解を見つけた時刻)
tour        = [0, 15, 19, 6, 7, 8, 16, 2, 9, 13, 5, 12, 18, 17, 14, 1, 3, 11, 20, 4, 10, 0]
visited     = 20/20
travel time = 288
return      = 326 (limit 334, 最早開始)
tw violations = 0
feasible    = True
model times = ok (ソルバの時刻: 到着前の開始 0 / 時間枠外 0 / 帰着 326)
var_count   = 509
term_count  = 11123
build       = 1.005 sec (式の構築 + simplify)
