QUBO++ Ver. 2026.09.30
Floating License for Hiroshima Univ. CS/IS Lab Member Only
Expires at: 2027/03/31 23:59:59
Variable Limit: Unlimited/Unlimited (CPU/GPU)
  (Unlimited: capped only by the implementation — up to 2^30 - 1 variables of each kind, binary and integer)
instance    = n20w100.005  N=21 (顧客 20)  L[0]=372  時間枠の平均幅 98.2
N=21  o vars = 2201  (待機 288 / サービス 1913)  prune=True  prec=True (107 組)  arcgap=True
conflict terms = 329851  (147 対)  うち 3 次の補正 0
colocated terms = 0
penalty: RET=373 CUST=217 CONF=109 CONT=109
build       = 1.091 sec
round 0: energy=258 obj=258 feasible=True travel=258 bad_cust=[] bad_pair=0 [] t=1.4

----------result(300.0 sec)----------
energy          = 258
objective       = 258
total_wait      = 69
violated cons   = 0
TTS         = 1.445 sec (最良解を見つけた時刻)
tour        = [0, 11, 8, 13, 2, 1, 10, 18, 9, 14, 12, 5, 19, 17, 15, 20, 6, 3, 16, 4, 7, 0]
visited     = 20/20
travel time = 258
return      = 327 (limit 372, 最早開始)
tw violations = 0
feasible    = True
model times = ok (ソルバの時刻: 到着前の開始 0 / 時間枠外 0 / 帰着 327)
var_count   = 2201
term_count  = 324107
build       = 1.091 sec (式の構築 + simplify)
