QUBO++ Ver. 2026.09.30
Floating License for Hiroshima Univ. CS/IS Lab Member Only
Expires at: 2027/03/31 23:59:59
Variable Limit: Unlimited/Unlimited (CPU/GPU)
  (Unlimited: capped only by the implementation — up to 2^30 - 1 variables of each kind, binary and integer)
instance    = n40w80.005  N=41 (顧客 40)  L[0]=577  時間枠の平均幅 91.4
N=41  o vars = 4587  (待機 971 / サービス 3616)  prune=True  prec=True (567 組)  arcgap=True
conflict terms = 865387  (490 対)  うち 3 次の補正 0
colocated terms = 0
penalty: RET=578 CUST=233 CONF=117 CONT=117
build       = 1.289 sec
round 0: energy=349 obj=349 feasible=True travel=348 bad_cust=[] bad_pair=0 [] t=20.3
lns 1 early(K=20): energy=1206561 obj=347 feasible=True travel=347 bad_cust=[] bad_pair=0 [] t=23.5
lns 6 early(K=20): energy=1196176 obj=344 feasible=True travel=344 bad_cust=[] bad_pair=0 [] t=39.7
lns: 6 回解き直し、改善 2 回、再出発 0 回

----------result(300.0 sec)----------
energy          = 344
objective       = 344
total_wait      = 145
violated cons   = 0
TTS         = 39.692 sec (最良解を見つけた時刻)
tour        = [0, 29, 30, 9, 16, 37, 34, 8, 14, 6, 32, 22, 25, 7, 2, 12, 28, 18, 27, 4, 21, 3, 23, 1, 20, 38, 15, 17, 33, 19, 13, 26, 10, 35, 39, 24, 40, 5, 11, 31, 36, 0]
visited     = 40/40
travel time = 344
return      = 489 (limit 577, 最早開始)
tw violations = 0
feasible    = True
model times = ok (ソルバの時刻: 到着前の開始 0 / 時間枠外 0 / 帰着 489)
var_count   = 4587
term_count  = 849881
build       = 1.289 sec (式の構築 + simplify)
