QUBO++ Ver. 2026.09.30
Floating License for Hiroshima Univ. CS/IS Lab Member Only
Expires at: 2027/03/31 23:59:59
Variable Limit: Unlimited/Unlimited (CPU/GPU)
  (Unlimited: capped only by the implementation — up to 2^30 - 1 variables of each kind, binary and integer)
instance    = n40w100.005  N=41 (顧客 40)  L[0]=536  時間枠の平均幅 90.8
N=41  o vars = 4098  (待機 540 / サービス 3558)  prune=True  prec=True (541 組)  arcgap=True
conflict terms = 818745  (490 対)  うち 3 次の補正 0
colocated terms = 0
penalty: RET=537 CUST=201 CONF=101 CONT=101
build       = 1.277 sec
round 0: energy=380 obj=380 feasible=True travel=379 bad_cust=[] bad_pair=0 [] t=20.4
lns 3 early(K=20): energy=1304182 obj=380 feasible=True travel=379 bad_cust=[] bad_pair=0 [] t=29.4
lns 6 early(K=20): energy=1294034 obj=377 feasible=True travel=377 bad_cust=[] bad_pair=0 [] t=39.8
lns: 6 回解き直し、改善 2 回、再出発 0 回

----------result(300.0 sec)----------
energy          = 377
objective       = 377
total_wait      = 81
violated cons   = 0
TTS         = 39.775 sec (最良解を見つけた時刻)
tour        = [0, 1, 29, 12, 20, 6, 24, 4, 37, 25, 26, 28, 14, 34, 15, 21, 13, 33, 27, 2, 16, 31, 7, 39, 32, 23, 30, 3, 10, 18, 5, 35, 8, 36, 11, 22, 19, 17, 9, 40, 38, 0]
visited     = 40/40
travel time = 377
return      = 458 (limit 536, 最早開始)
tw violations = 0
feasible    = True
model times = ok (ソルバの時刻: 到着前の開始 0 / 時間枠外 0 / 帰着 458)
var_count   = 4098
term_count  = 803009
build       = 1.277 sec (式の構築 + simplify)
