QUBO++ Ver. 2026.09.30
Floating License for Hiroshima Univ. CS/IS Lab Member Only
Expires at: 2027/03/31 23:59:59
Variable Limit: Unlimited/Unlimited (CPU/GPU)
  (Unlimited: capped only by the implementation — up to 2^30 - 1 variables of each kind, binary and integer)
instance    = n60w20.005  N=61 (顧客 60)  L[0]=638  時間枠の平均幅 19.3
N=61  o vars = 636  (待機 60 / サービス 576)  prune=True  prec=True (1740 組)  arcgap=True
conflict terms = 6592  (169 対)  うち 3 次の補正 0
colocated terms = 0
penalty: RET=639 CUST=257 CONF=129 CONT=129
build       = 1.027 sec
round 0: energy=603 obj=603 feasible=True travel=603 bad_cust=[] bad_pair=0 [] t=0.8

----------result(300.0 sec)----------
energy          = 603
objective       = 603
total_wait      = 26
violated cons   = 0
TTS         = 0.750 sec (最良解を見つけた時刻)
tour        = [0, 35, 13, 11, 8, 18, 26, 42, 51, 12, 50, 33, 7, 29, 34, 3, 44, 47, 10, 20, 55, 16, 28, 37, 45, 19, 58, 2, 49, 25, 21, 32, 48, 46, 53, 22, 1, 52, 56, 17, 6, 57, 39, 27, 36, 54, 31, 43, 23, 38, 40, 59, 30, 14, 9, 5, 24, 60, 15, 41, 4, 0]
visited     = 60/60
travel time = 603
return      = 629 (limit 638, 最早開始)
tw violations = 0
feasible    = True
model times = ok (ソルバの時刻: 到着前の開始 0 / 時間枠外 0 / 帰着 629)
var_count   = 636
term_count  = 6383
build       = 1.027 sec (式の構築 + simplify)
