QUBO++ Ver. 2026.09.30
Floating License for Hiroshima Univ. CS/IS Lab Member Only
Expires at: 2027/03/31 23:59:59
Variable Limit: Unlimited/Unlimited (CPU/GPU)
  (Unlimited: capped only by the implementation — up to 2^30 - 1 variables of each kind, binary and integer)
instance    = n60w80.005  N=61 (顧客 60)  L[0]=629  時間枠の平均幅 81.9
N=61  o vars = 5322  (待機 832 / サービス 4490)  prune=True  prec=True (1397 組)  arcgap=True
conflict terms = 1021650  (762 対)  うち 3 次の補正 0
colocated terms = 0
penalty: RET=630 CUST=245 CONF=123 CONT=123
build       = 1.352 sec
round 0: energy=476 obj=476 feasible=True travel=472 bad_cust=[] bad_pair=0 [] t=20.3
lns 1 early(K=20): energy=2065998 obj=472 feasible=True travel=469 bad_cust=[] bad_pair=0 [] t=22.0
lns 3 early(K=20): energy=2065992 obj=472 feasible=True travel=469 bad_cust=[] bad_pair=0 [] t=26.2
lns 6 early(K=20): energy=2052924 obj=469 feasible=True travel=469 bad_cust=[] bad_pair=0 [] t=33.8
lns 13 early(K=20): energy=2052886 obj=469 feasible=True travel=469 bad_cust=[] bad_pair=0 [] t=52.1
lns 23 early(K=20): energy=2052766 obj=469 feasible=True travel=468 bad_cust=[] bad_pair=0 [] t=74.8
lns: 23 回解き直し、改善 5 回、再出発 0 回

----------result(300.0 sec)----------
energy          = 469
objective       = 469
total_wait      = 120
violated cons   = 0
TTS         = 74.817 sec (最良解を見つけた時刻)
tour        = [0, 20, 24, 14, 53, 36, 17, 9, 59, 5, 44, 42, 10, 51, 47, 50, 56, 33, 16, 1, 18, 28, 15, 52, 25, 54, 22, 4, 6, 57, 12, 48, 21, 37, 29, 30, 55, 13, 38, 11, 40, 43, 31, 3, 19, 49, 32, 34, 41, 35, 8, 45, 27, 39, 2, 46, 58, 7, 26, 60, 23, 0]
visited     = 60/60
travel time = 468
return      = 589 (limit 629, 最早開始)
tw violations = 0
feasible    = True
model times = ok (ソルバの時刻: 到着前の開始 0 / 時間枠外 0 / 帰着 589)
var_count   = 5322
term_count  = 999268
build       = 1.352 sec (式の構築 + simplify)
