QUBO++ Ver. 2026.09.30
Floating License for Hiroshima Univ. CS/IS Lab Member Only
Expires at: 2027/03/31 23:59:59
Variable Limit: Unlimited/Unlimited (CPU/GPU)
  (Unlimited: capped only by the implementation — up to 2^30 - 1 variables of each kind, binary and integer)
instance    = n60w100.005  N=61 (顧客 60)  L[0]=715  時間枠の平均幅 102.5
N=61  o vars = 6820  (待機 1105 / サービス 5715)  prune=True  prec=True (1301 組)  arcgap=True
conflict terms = 1505579  (862 対)  うち 3 次の補正 0
colocated terms = 30
penalty: RET=716 CUST=233 CONF=117 CONT=117
build       = 1.590 sec
round 0: energy=469 obj=469 feasible=True travel=464 bad_cust=[] bad_pair=0 [] t=20.5
lns 1 early(K=20): energy=2632443 obj=468 feasible=True travel=462 bad_cust=[] bad_pair=0 [] t=23.5
lns 3 early(K=20): energy=2598849 obj=462 feasible=True travel=462 bad_cust=[] bad_pair=0 [] t=29.6
lns 7 early(K=20): energy=2537227 obj=451 feasible=True travel=451 bad_cust=[] bad_pair=0 [] t=41.0
lns: 7 回解き直し、改善 3 回、再出発 0 回

----------result(300.0 sec)----------
energy          = 451
objective       = 451
total_wait      = 235
violated cons   = 0
TTS         = 41.007 sec (最良解を見つけた時刻)
tour        = [0, 23, 46, 4, 53, 24, 31, 56, 36, 55, 54, 32, 37, 19, 8, 38, 1, 9, 26, 10, 41, 5, 44, 34, 50, 18, 20, 16, 58, 7, 49, 48, 57, 6, 2, 35, 14, 13, 12, 27, 29, 47, 21, 28, 3, 25, 45, 51, 40, 33, 59, 30, 17, 43, 15, 52, 22, 42, 60, 11, 39, 0]
visited     = 60/60
travel time = 451
return      = 686 (limit 715, 最早開始)
tw violations = 0
feasible    = True
model times = ok (ソルバの時刻: 到着前の開始 0 / 時間枠外 0 / 帰着 686)
var_count   = 6820
term_count  = 1473224
build       = 1.590 sec (式の構築 + simplify)
