QUBO++ Ver. 2026.09.30
Floating License for Hiroshima Univ. CS/IS Lab Member Only
Expires at: 2027/03/31 23:59:59
Variable Limit: Unlimited/Unlimited (CPU/GPU)
  (Unlimited: capped only by the implementation — up to 2^30 - 1 variables of each kind, binary and integer)
instance    = n60w40.005  N=61 (顧客 60)  L[0]=643  時間枠の平均幅 35.9
N=61  o vars = 2077  (待機 324 / サービス 1753)  prune=True  prec=True (1666 組)  arcgap=True
conflict terms = 86383  (359 対)  うち 3 次の補正 0
colocated terms = 0
penalty: RET=644 CUST=241 CONF=121 CONT=121
build       = 1.047 sec
round 0: energy=549 obj=549 feasible=True travel=547 bad_cust=[] bad_pair=0 [] t=20.1
lns 1 early(K=20): energy=922176 obj=549 feasible=True travel=546 bad_cust=[] bad_pair=0 [] t=21.2
lns 3 early(K=20): energy=915572 obj=545 feasible=True travel=544 bad_cust=[] bad_pair=0 [] t=23.3
lns 8 early(K=20): energy=913915 obj=544 feasible=True travel=544 bad_cust=[] bad_pair=0 [] t=28.5
lns 12 early(K=20): energy=905696 obj=539 feasible=True travel=539 bad_cust=[] bad_pair=0 [] t=32.7
lns: 12 回解き直し、改善 4 回、再出発 0 回

----------result(300.0 sec)----------
energy          = 539
objective       = 539
total_wait      = 72
violated cons   = 0
TTS         = 32.680 sec (最良解を見つけた時刻)
tour        = [0, 31, 49, 12, 11, 35, 17, 55, 38, 20, 33, 24, 46, 9, 4, 2, 51, 5, 59, 28, 45, 41, 1, 34, 7, 30, 3, 10, 13, 19, 36, 6, 50, 16, 39, 21, 43, 14, 29, 40, 25, 48, 57, 26, 37, 8, 53, 23, 54, 52, 58, 44, 15, 42, 18, 22, 47, 32, 60, 27, 56, 0]
visited     = 60/60
travel time = 539
return      = 611 (limit 643, 最早開始)
tw violations = 0
feasible    = True
model times = ok (ソルバの時刻: 到着前の開始 0 / 時間枠外 0 / 帰着 611)
var_count   = 2077
term_count  = 84222
build       = 1.047 sec (式の構築 + simplify)
