QUBO++ Ver. 2026.09.30
Floating License for Hiroshima Univ. CS/IS Lab Member Only
Expires at: 2027/03/31 23:59:59
Variable Limit: Unlimited/Unlimited (CPU/GPU)
  (Unlimited: capped only by the implementation — up to 2^30 - 1 variables of each kind, binary and integer)
instance    = n80w40.005  N=81 (顧客 80)  L[0]=833  時間枠の平均幅 40.7
N=81  o vars = 3359  (待機 451 / サービス 2908)  prune=True  prec=True (2943 組)  arcgap=True
conflict terms = 212963  (629 対)  うち 3 次の補正 0
colocated terms = 0
penalty: RET=834 CUST=253 CONF=127 CONT=127
build       = 1.069 sec
round 0: energy=697 obj=697 feasible=True travel=696 bad_cust=[] bad_pair=0 [] t=20.2
lns 5 early(K=20): energy=1961877 obj=697 feasible=True travel=696 bad_cust=[] bad_pair=0 [] t=25.5
lns 9 early(K=20): energy=1959106 obj=696 feasible=True travel=695 bad_cust=[] bad_pair=0 [] t=29.8
lns: 9 回解き直し、改善 2 回、再出発 0 回

----------result(300.0 sec)----------
energy          = 696
objective       = 696
total_wait      = 95
violated cons   = 0
TTS         = 29.755 sec (最良解を見つけた時刻)
tour        = [0, 11, 20, 21, 24, 76, 18, 74, 42, 49, 22, 4, 33, 62, 67, 55, 69, 17, 15, 41, 34, 61, 7, 66, 60, 71, 39, 29, 32, 35, 2, 13, 45, 8, 63, 57, 46, 31, 77, 26, 50, 14, 10, 64, 73, 36, 56, 5, 38, 54, 51, 12, 19, 1, 65, 68, 70, 16, 44, 52, 3, 75, 58, 59, 40, 78, 25, 72, 53, 6, 9, 28, 23, 47, 43, 79, 27, 30, 80, 37, 48, 0]
visited     = 80/80
travel time = 695
return      = 791 (limit 833, 最早開始)
tw violations = 0
feasible    = True
model times = ok (ソルバの時刻: 到着前の開始 0 / 時間枠外 0 / 帰着 791)
var_count   = 3359
term_count  = 206797
build       = 1.069 sec (式の構築 + simplify)
