QUBO++ Ver. 2026.09.30
Floating License for Hiroshima Univ. CS/IS Lab Member Only
Expires at: 2027/03/31 23:59:59
Variable Limit: Unlimited/Unlimited (CPU/GPU)
  (Unlimited: capped only by the implementation — up to 2^30 - 1 variables of each kind, binary and integer)
instance    = n80w80.005  N=81 (顧客 80)  L[0]=735  時間枠の平均幅 74.9
N=81  o vars = 5568  (待機 676 / サービス 4892)  prune=True  prec=True (2702 組)  arcgap=True
conflict terms = 724106  (957 対)  うち 3 次の補正 0
colocated terms = 0
penalty: RET=736 CUST=261 CONF=131 CONT=131
build       = 1.322 sec
round 0: energy=719 obj=588 feasible=False travel=595 bad_cust=[] bad_pair=1 [(43, 74)] t=20.3
lns 1 early(K=20): energy=4041574 obj=587 feasible=False travel=595 bad_cust=[] bad_pair=1 [(43, 74)] t=21.5
lns 3 early(K=20): energy=4041493 obj=587 feasible=False travel=586 bad_cust=[] bad_pair=1 [(43, 74)] t=24.2
lns 6 early(K=20): energy=4008198 obj=580 feasible=False travel=595 bad_cust=[] bad_pair=1 [(43, 74)] t=29.1
lns 9 early(K=20): energy=3965494 obj=571 feasible=False travel=586 bad_cust=[] bad_pair=1 [(43, 74)] t=34.5
lns 12 early(K=20): energy=3345309 obj=571 feasible=True travel=573 bad_cust=[] bad_pair=1 [(28, 43)] t=39.4
lns 15 early(K=20): energy=2739369 obj=574 feasible=True travel=573 bad_cust=[] bad_pair=0 [] t=43.1
lns 19 early(K=20): energy=2739345 obj=574 feasible=True travel=573 bad_cust=[] bad_pair=0 [] t=47.5
lns 22 early(K=20): energy=2729877 obj=572 feasible=True travel=571 bad_cust=[] bad_pair=0 [] t=51.0
lns 25 early(K=20): energy=2720370 obj=570 feasible=True travel=570 bad_cust=[] bad_pair=0 [] t=55.2
lns: 25 回解き直し、改善 9 回、再出発 0 回

----------result(300.0 sec)----------
energy          = 570
objective       = 570
total_wait      = 112
violated cons   = 0
TTS         = 55.248 sec (最良解を見つけた時刻)
tour        = [0, 16, 73, 33, 5, 79, 45, 72, 4, 77, 44, 71, 9, 48, 31, 55, 50, 63, 61, 21, 57, 24, 26, 62, 53, 47, 65, 52, 68, 32, 54, 60, 13, 3, 76, 10, 27, 40, 46, 56, 74, 43, 28, 8, 58, 69, 14, 7, 15, 64, 49, 34, 37, 22, 75, 30, 35, 67, 29, 18, 1, 78, 39, 6, 20, 19, 66, 2, 70, 12, 11, 25, 41, 36, 38, 17, 59, 23, 80, 42, 51, 0]
visited     = 80/80
travel time = 570
return      = 682 (limit 735, 最早開始)
tw violations = 0
feasible    = True
model times = ok (ソルバの時刻: 到着前の開始 0 / 時間枠外 0 / 帰着 682)
var_count   = 5568
term_count  = 705024
build       = 1.322 sec (式の構築 + simplify)
