QUBO++ Ver. 2026.09.08
Floating License for Hiroshima Univ. CS/IS Lab Member Only
Expires at: 2027/03/31 23:59:59
Variable Limit: Unlimited/Unlimited (CPU/GPU)
  (Unlimited: capped only by the implementation — up to 2^30 - 1 variables of each kind, binary and integer)
instance    = n20w20.001  N=21 (顧客 20)  L[0]=408  時間枠の平均幅 16.8
HINT: この定式化はモデルが重いので 60 秒以上を推奨 (いまは 30.0 秒)
N=21  x vars = 363  (order-based なら 400)
conflict terms = 4270
penalty: ONCE=409 CONF=409
build       = 2.587 sec (式の構築 + simplify)
solve now...(30.0 sec)

----------result(30.0 sec)----------
energy          = 387
objective       = 387
once_constraint = 0
conflict_constr = 0
violated cons   = 0
  return= 387 (RET var = 387)
tour        = [0, 16, 19, 9, 18, 10, 17, 5, 15, 1, 11, 12, 6, 13, 7, 2, 4, 8, 20, 3, 14, 0]
visited     = 20/20
travel time = 382
return      = 387 (limit 408)
tw violations = 0
feasible    = True
var_count   = 363
term_count  = 4528
