QUBO++ Ver. 2026.09.25
Floating License for Hiroshima Univ. CS/IS Lab Member Only
Expires at: 2027/03/31 23:59:59
Variable Limit: Unlimited/Unlimited (CPU/GPU)
  (Unlimited: capped only by the implementation — up to 2^30 - 1 variables of each kind, binary and integer)
instance    = n100w20.001  N=100 (顧客 1..100, デポ 0 / 101)  L[101]=835  時間枠の平均幅 19.7
vehicles    = 2
objective   = max (帰着時刻の最大値, 不等式制約版)
HINT: この定式化はモデルが重いので 60 秒以上を推奨 (いまは 10.0 秒)
N=100  m=2  x vars = 5754
conflict terms = 1564078
Z in [827, 835] (integer)  ret<=Z cons = 2
penalty: ONCE=836 CONF=836 ZMAX=836
build       = 1.905 sec (式の構築 + simplify)
solve now...(10.0 sec)
TTS         = 0.135 sec (最良解を見つけた時刻)

----------result(10.0 sec)----------
energy          = 827
objective       = 827
ret_total       = 1603
once_constraint = 0
conflict_constr = 0
zmax_constr     = 0
violated cons   = 0

--- vehicle 0 --- (33 顧客)
  travel= 451 return= 827 (x[·][101] = 827)

--- vehicle 1 --- (67 顧客)
  travel= 514 return= 776 (x[·][101] = 776)

=== summary ===
route[0]    = [0, 57, 42, 28, 4, 95, 94, 61, 32, 8, 70, 76, 85, 92, 98, 78, 75, 13, 91, 47, 35, 33, 18, 15, 52, 48, 99, 89, 37, 14, 80, 51, 36, 69, 101]
route[1]    = [0, 88, 30, 1, 68, 49, 11, 65, 9, 72, 20, 79, 50, 22, 24, 6, 60, 62, 86, 53, 64, 56, 10, 12, 5, 29, 93, 87, 34, 3, 77, 43, 2, 74, 44, 41, 27, 16, 55, 59, 23, 19, 66, 40, 38, 96, 31, 73, 7, 46, 83, 58, 84, 97, 39, 90, 67, 54, 81, 82, 63, 17, 71, 25, 45, 26, 100, 21, 101]
visited     = 100/100
total travel = 965
max travel  = 514
return      = [827, 760] (limit 835, 最早開始)
tw violations = 0
feasible    = True
model times = ok (ソルバの時刻: 到着前の開始 0 / 時間枠外 0)
帰着デポ 101 の変数 == モデルの帰着 = True
var_count   = 5754
term_count  = 1560544
max return  = 827 (最早開始。Z = 827 以下になるはず)
used vehicles = 2/2
      (最遅以外の車両の帰着デポ変数は Z 以下のどこでも目的が変わらないので、
       「帰着デポの変数 == モデルの帰着」は False になりうる)
