QUBO++ Ver. 2026.09.25
Floating License for Hiroshima Univ. CS/IS Lab Member Only
Expires at: 2027/03/31 23:59:59
Variable Limit: Unlimited/Unlimited (CPU/GPU)
  (Unlimited: capped only by the implementation — up to 2^30 - 1 variables of each kind, binary and integer)
instance    = n100w20.001  N=100 (顧客 1..100, デポ 0 / 101)  L[101]=835  時間枠の平均幅 19.7
vehicles    = 2
objective   = max (帰着時刻の最大値, 不等式制約版)
HINT: この定式化はモデルが重いので 60 秒以上を推奨 (いまは 10.0 秒)
N=100  m=2  x vars = 5754
conflict terms = 1564078
Z in [827, 835] (integer)  ret<=Z cons = 2
penalty: ONCE=836 CONF=836 ZMAX=836
build       = 2.001 sec (式の構築 + simplify)
solve now...(10.0 sec)
TTS         = 0.129 sec (最良解を見つけた時刻)

----------result(10.0 sec)----------
energy          = 827
objective       = 827
ret_total       = 1613
once_constraint = 0
conflict_constr = 0
zmax_constr     = 0
violated cons   = 0

--- vehicle 0 --- (27 顧客)
  travel= 378 return= 786 (x[·][101] = 786)

--- vehicle 1 --- (73 顧客)
  travel= 554 return= 827 (x[·][101] = 827)

=== summary ===
route[0]    = [0, 1, 9, 42, 79, 95, 6, 61, 32, 8, 70, 85, 92, 76, 3, 43, 13, 59, 23, 35, 52, 99, 89, 37, 63, 14, 80, 36, 101]
route[1]    = [0, 88, 30, 68, 49, 11, 57, 65, 28, 72, 20, 4, 50, 22, 24, 62, 60, 86, 94, 53, 64, 56, 10, 12, 5, 29, 87, 93, 34, 98, 77, 78, 2, 75, 74, 44, 41, 27, 16, 55, 91, 19, 66, 47, 40, 38, 18, 33, 96, 73, 31, 15, 7, 46, 83, 48, 58, 84, 97, 39, 90, 67, 81, 82, 54, 17, 71, 25, 45, 26, 51, 21, 100, 69, 101]
visited     = 100/100
total travel = 932
max travel  = 554
return      = [783, 827] (limit 835, 最早開始)
tw violations = 0
feasible    = True
model times = ok (ソルバの時刻: 到着前の開始 0 / 時間枠外 0)
帰着デポ 101 の変数 == モデルの帰着 = True
var_count   = 5754
term_count  = 1560544
max return  = 827 (最早開始。Z = 827 以下になるはず)
used vehicles = 2/2
      (最遅以外の車両の帰着デポ変数は Z 以下のどこでも目的が変わらないので、
       「帰着デポの変数 == モデルの帰着」は False になりうる)
