QUBO++ Ver. 2026.09.25
Floating License for Hiroshima Univ. CS/IS Lab Member Only
Expires at: 2027/03/31 23:59:59
Variable Limit: Unlimited/Unlimited (CPU/GPU)
  (Unlimited: capped only by the implementation — up to 2^30 - 1 variables of each kind, binary and integer)
instance    = n200w20.001  N=200 (顧客 1..200, デポ 0 / 201)  L[201]=1154  時間枠の平均幅 20.1
vehicles    = 2
objective   = max (帰着時刻の最大値, 不等式制約版)
HINT: この定式化はモデルが重いので 60 秒以上を推奨 (いまは 10.0 秒)
N=200  m=2  x vars = 10748
conflict terms = 3893172
Z in [1136, 1154] (integer)  ret<=Z cons = 2
penalty: ONCE=1155 CONF=1155 ZMAX=1155
build       = 3.542 sec (式の構築 + simplify)
solve now...(10.0 sec)
TTS         = 1.939 sec (最良解を見つけた時刻)

----------result(10.0 sec)----------
energy          = 1136
objective       = 1136
ret_total       = 2217
once_constraint = 0
conflict_constr = 0
zmax_constr     = 0
violated cons   = 0

--- vehicle 0 --- (98 顧客)
  travel= 762 return=1081 (x[·][201] = 1081)

--- vehicle 1 --- (102 顧客)
  travel= 706 return=1136 (x[·][201] = 1136)

=== summary ===
route[0]    = [0, 106, 135, 74, 34, 96, 127, 184, 197, 114, 138, 76, 130, 112, 59, 136, 183, 89, 172, 51, 43, 18, 73, 56, 2, 128, 86, 171, 156, 58, 61, 27, 29, 117, 158, 52, 196, 11, 123, 67, 47, 78, 6, 30, 31, 177, 148, 63, 174, 122, 66, 199, 139, 16, 188, 77, 48, 100, 13, 194, 181, 93, 72, 71, 140, 3, 82, 80, 121, 137, 101, 103, 88, 151, 198, 19, 12, 153, 175, 57, 131, 4, 91, 14, 154, 39, 85, 178, 115, 42, 62, 44, 170, 92, 124, 133, 160, 5, 200, 201]
route[1]    = [0, 60, 24, 173, 25, 23, 134, 84, 109, 37, 49, 15, 116, 129, 1, 20, 107, 143, 50, 46, 97, 55, 53, 104, 9, 8, 41, 193, 113, 95, 105, 186, 108, 64, 99, 87, 22, 119, 182, 36, 166, 126, 81, 147, 159, 195, 168, 38, 75, 33, 102, 32, 118, 68, 179, 190, 111, 90, 180, 167, 132, 7, 69, 110, 94, 146, 157, 10, 83, 79, 162, 176, 150, 120, 17, 65, 152, 142, 125, 164, 45, 26, 54, 161, 192, 169, 163, 70, 165, 187, 21, 40, 145, 144, 149, 35, 189, 98, 141, 191, 185, 155, 28, 201]
visited     = 200/200
total travel = 1468
max travel  = 762
return      = [1069, 1136] (limit 1154, 最早開始)
tw violations = 0
feasible    = True
model times = ok (ソルバの時刻: 到着前の開始 0 / 時間枠外 0)
帰着デポ 201 の変数 == モデルの帰着 = True
var_count   = 10748
term_count  = 3874880
max return  = 1136 (最早開始。Z = 1136 以下になるはず)
used vehicles = 2/2
      (最遅以外の車両の帰着デポ変数は Z 以下のどこでも目的が変わらないので、
       「帰着デポの変数 == モデルの帰着」は False になりうる)
