QUBO++ Ver. 2026.09.25
Floating License for Hiroshima Univ. CS/IS Lab Member Only
Expires at: 2027/03/31 23:59:59
Variable Limit: Unlimited/Unlimited (CPU/GPU)
  (Unlimited: capped only by the implementation — up to 2^30 - 1 variables of each kind, binary and integer)
instance    = n200w20.001  N=200 (顧客 1..200, デポ 0 / 201)  L[201]=1154  時間枠の平均幅 20.1
vehicles    = 2
objective   = max (帰着時刻の最大値, 不等式制約版)
HINT: この定式化はモデルが重いので 60 秒以上を推奨 (いまは 10.0 秒)
N=200  m=2  x vars = 10748
conflict terms = 3893172
Z in [1136, 1154] (integer)  ret<=Z cons = 2
penalty: ONCE=1155 CONF=1155 ZMAX=1155
build       = 3.433 sec (式の構築 + simplify)
solve now...(10.0 sec)
TTS         = 1.943 sec (最良解を見つけた時刻)

----------result(10.0 sec)----------
energy          = 1136
objective       = 1136
ret_total       = 2205
once_constraint = 0
conflict_constr = 0
zmax_constr     = 0
violated cons   = 0

--- vehicle 0 --- (99 顧客)
  travel= 761 return=1069 (x[·][201] = 1069)

--- vehicle 1 --- (101 顧客)
  travel= 778 return=1136 (x[·][201] = 1136)

=== summary ===
route[0]    = [0, 106, 173, 23, 25, 84, 37, 109, 127, 49, 15, 197, 114, 138, 76, 143, 112, 50, 59, 183, 104, 46, 89, 172, 51, 18, 43, 73, 2, 128, 186, 105, 58, 61, 29, 99, 119, 52, 36, 11, 123, 81, 159, 30, 126, 31, 195, 168, 75, 148, 122, 102, 66, 118, 179, 139, 68, 90, 48, 100, 167, 181, 69, 72, 146, 10, 80, 137, 150, 17, 65, 120, 125, 142, 45, 164, 19, 12, 26, 153, 175, 4, 70, 165, 131, 163, 85, 21, 187, 115, 145, 42, 189, 44, 170, 141, 92, 124, 160, 5, 201]
route[1]    = [0, 60, 24, 34, 134, 135, 74, 96, 129, 184, 116, 1, 20, 136, 107, 130, 55, 97, 53, 41, 9, 8, 56, 193, 86, 95, 113, 156, 171, 27, 108, 64, 87, 117, 158, 22, 182, 166, 196, 67, 47, 78, 6, 147, 38, 177, 63, 174, 33, 199, 32, 190, 16, 188, 111, 77, 180, 194, 13, 132, 7, 93, 110, 94, 157, 140, 3, 71, 121, 83, 176, 82, 79, 162, 101, 152, 88, 103, 151, 198, 54, 161, 192, 57, 91, 169, 39, 14, 154, 178, 40, 144, 149, 35, 62, 98, 191, 133, 185, 155, 200, 28, 201]
visited     = 200/200
total travel = 1539
max travel  = 778
return      = [1069, 1136] (limit 1154, 最早開始)
tw violations = 0
feasible    = True
model times = ok (ソルバの時刻: 到着前の開始 0 / 時間枠外 0)
帰着デポ 201 の変数 == モデルの帰着 = True
var_count   = 10748
term_count  = 3874880
max return  = 1136 (最早開始。Z = 1136 以下になるはず)
used vehicles = 2/2
      (最遅以外の車両の帰着デポ変数は Z 以下のどこでも目的が変わらないので、
       「帰着デポの変数 == モデルの帰着」は False になりうる)
