QUBO++ Ver. 2026.09.25
Floating License for Hiroshima Univ. CS/IS Lab Member Only
Expires at: 2027/03/31 23:59:59
Variable Limit: Unlimited/Unlimited (CPU/GPU)
  (Unlimited: capped only by the implementation — up to 2^30 - 1 variables of each kind, binary and integer)
instance    = n20w20.001  N=20 (顧客 1..20, デポ 0 / 21)  L[21]=408  時間枠の平均幅 16.8
vehicles    = 2
objective   = max (帰着時刻の最大値, 不等式制約版)
HINT: この定式化はモデルが重いので 60 秒以上を推奨 (いまは 10.0 秒)
N=20  m=2  x vars = 1476
conflict terms = 120644
Z in [375, 408] (integer)  ret<=Z cons = 2
penalty: ONCE=409 CONF=409 ZMAX=409
build       = 1.031 sec (式の構築 + simplify)
solve now...(10.0 sec)
TTS         = 0.101 sec (最良解を見つけた時刻)

----------result(10.0 sec)----------
energy          = 375
objective       = 375
ret_total       = 731
once_constraint = 0
conflict_constr = 0
zmax_constr     = 0
violated cons   = 0

--- vehicle 0 --- (12 顧客)
  travel= 249 return= 375 (x[·][21] = 375)

--- vehicle 1 --- (8 顧客)
  travel= 194 return= 356 (x[·][21] = 356)

=== summary ===
route[0]    = [0, 19, 9, 17, 18, 10, 5, 11, 13, 7, 4, 8, 14, 21]
route[1]    = [0, 16, 15, 1, 12, 6, 2, 20, 3, 21]
visited     = 20/20
total travel = 443
max travel  = 249
return      = [375, 340] (limit 408, 最早開始)
tw violations = 0
feasible    = True
model times = ok (ソルバの時刻: 到着前の開始 0 / 時間枠外 0)
帰着デポ 21 の変数 == モデルの帰着 = True
var_count   = 1476
term_count  = 121276
max return  = 375 (最早開始。Z = 375 以下になるはず)
used vehicles = 2/2
      (最遅以外の車両の帰着デポ変数は Z 以下のどこでも目的が変わらないので、
       「帰着デポの変数 == モデルの帰着」は False になりうる)
