QUBO++ Ver. 2026.09.25
Floating License for Hiroshima Univ. CS/IS Lab Member Only
Expires at: 2027/03/31 23:59:59
Variable Limit: Unlimited/Unlimited (CPU/GPU)
  (Unlimited: capped only by the implementation — up to 2^30 - 1 variables of each kind, binary and integer)
instance    = n60w100.001  N=60 (顧客 1..60, デポ 0 / 61)  L[61]=586  時間枠の平均幅 93.7
vehicles    = 2
objective   = max (帰着時刻の最大値, 不等式制約版)
HINT: この定式化はモデルが重いので 60 秒以上を推奨 (いまは 10.0 秒)
N=60  m=2  x vars = 12278
conflict terms = 5132060
Z in [544, 586] (integer)  ret<=Z cons = 2
penalty: ONCE=587 CONF=587 ZMAX=587
build       = 3.729 sec (式の構築 + simplify)
solve now...(10.0 sec)
TTS         = 0.841 sec (最良解を見つけた時刻)

----------result(10.0 sec)----------
energy          = 544
objective       = 544
ret_total       = 1080
once_constraint = 0
conflict_constr = 0
zmax_constr     = 0
violated cons   = 0

--- vehicle 0 --- (20 顧客)
  travel= 274 return= 536 (x[·][61] = 536)

--- vehicle 1 --- (40 顧客)
  travel= 352 return= 544 (x[·][61] = 544)

=== summary ===
route[0]    = [0, 57, 43, 50, 6, 17, 47, 56, 39, 37, 58, 45, 34, 40, 7, 24, 52, 35, 21, 60, 53, 61]
route[1]    = [0, 1, 19, 51, 36, 29, 38, 46, 26, 5, 12, 20, 18, 30, 15, 44, 23, 48, 28, 54, 41, 8, 16, 31, 42, 22, 13, 2, 32, 55, 14, 33, 25, 4, 59, 10, 27, 11, 9, 49, 3, 61]
visited     = 60/60
total travel = 626
max travel  = 352
return      = [530, 544] (limit 586, 最早開始)
tw violations = 0
feasible    = True
model times = ok (ソルバの時刻: 到着前の開始 0 / 時間枠外 0)
帰着デポ 61 の変数 == モデルの帰着 = True
var_count   = 12278
term_count  = 5068508
max return  = 544 (最早開始。Z = 544 以下になるはず)
used vehicles = 2/2
      (最遅以外の車両の帰着デポ変数は Z 以下のどこでも目的が変わらないので、
       「帰着デポの変数 == モデルの帰着」は False になりうる)
