QUBO++ Ver. 2026.09.30
Floating License for Hiroshima Univ. CS/IS Lab Member Only
Expires at: 2027/03/31 23:59:59
Variable Limit: Unlimited/Unlimited (CPU/GPU)
  (Unlimited: capped only by the implementation — up to 2^30 - 1 variables of each kind, binary and integer)
instance    = n200w20.001  N=201 (顧客 200)  L[0]=1154  時間枠の平均幅 20.1
N=201  o vars = 5660
conflict terms = 273587 禁止組 / 292700 向き付き組 (逆順組 37615)
scheme=uniform scale=1.0 P_CUST=241 rounds=6 grow=2.0 cap=2.0 rev=1.0 forced=1.0
  制約B 係数: 最小 121 平均 129.5 最大 242
build       = 1.635 sec
round 1/6: energy=1174 objective=1053 conflict=1 once=0 contig=0 tts=19.331
  制約B 係数: 最小 121 平均 129.6 最大 484
round 2/6: energy=1269 objective=1027 conflict=2 once=0 contig=0 tts=39.830
  制約B 係数: 最小 121 平均 130.1 最大 484
round 3/6: energy=1371 objective=1009 conflict=1 once=1 contig=0 tts=57.435
  制約B 係数: 最小 121 平均 130.5 最大 484
round 4/6: energy=1179 objective=1058 conflict=1 once=0 contig=0 tts=79.738
  制約B 係数: 最小 121 平均 130.6 最大 484
round 5/6: energy=1279 objective=1037 conflict=2 once=0 contig=0 tts=98.193
  制約B 係数: 最小 121 平均 131.3 最大 484
round 6/6: energy=1483 objective=1001 conflict=0 once=2 contig=0 tts=117.623
TTS         = 117.623 sec (最良解を見つけた時刻, 全ラウンド通算)

----------result(120.0 sec)----------
energy          = 1483
objective       = 1001
once_constraint = 2
conflict_constr = 0
colocated       = 0
contiguity      = 0
violated cons   = 1
node 98: 0 visits VIOLATION!
node 153: 0 visits VIOLATION!
tour        = [0, 106, 60, 24, 23, 173, 25, 34, 134, 135, 84, 74, 96, 37, 109, 127, 49, 15, 116, 184, 129, 197, 1, 20, 114, 138, 76, 143, 112, 107, 130, 183, 136, 59, 50, 55, 46, 53, 97, 104, 89, 41, 9, 8, 172, 51, 43, 18, 73, 56, 193, 113, 128, 2, 186, 86, 95, 105, 156, 171, 58, 64, 108, 27, 61, 29, 87, 119, 22, 99, 117, 182, 52, 158, 36, 166, 196, 123, 47, 67, 11, 78, 6, 126, 30, 159, 147, 81, 31, 38, 168, 195, 177, 75, 148, 63, 174, 122, 102, 199, 33, 66, 190, 32, 118, 179, 16, 139, 68, 188, 111, 90, 180, 77, 48, 167, 13, 194, 100, 132, 7, 69, 94, 110, 93, 181, 72, 10, 146, 71, 157, 140, 83, 3, 121, 79, 162, 176, 82, 80, 137, 120, 150, 101, 17, 65, 152, 103, 88, 142, 164, 125, 45, 151, 198, 54, 19, 12, 26, 161, 192, 169, 175, 57, 91, 165, 70, 4, 131, 163, 14, 154, 39, 85, 187, 178, 21, 115, 40, 145, 42, 149, 144, 189, 35, 44, 62, 170, 141, 92, 191, 124, 133, 185, 160, 155, 5, 200, 28, 0]
visited     = 198/200
travel time = 988
return      = 1139 (limit 1154, 最早開始)
tw violations = 0
feasible    = False
model times = ok (ソルバの時刻: 到着前の開始 0 / 時間枠外 0 / 帰着 1141)
var_count   = 5660
term_count  = 280769
