QUBO++ Ver. 2026.09.30
Floating License for Hiroshima Univ. CS/IS Lab Member Only
Expires at: 2027/03/31 23:59:59
Variable Limit: Unlimited/Unlimited (CPU/GPU)
  (Unlimited: capped only by the implementation — up to 2^30 - 1 variables of each kind, binary and integer)
instance    = n200w20.001  N=201 (顧客 200)  L[0]=1154  時間枠の平均幅 20.1
N=201  o vars = 5660
conflict terms = 273587 禁止組 / 292700 向き付き組 (逆順組 37615)
scheme=uniform scale=1.0 P_CUST=241 rounds=6 grow=2.0 cap=2.0 rev=1.0 forced=1.0
  制約B 係数: 最小 121 平均 129.5 最大 242
build       = 1.620 sec
round 1/6: energy=1153 objective=1032 conflict=1 once=0 contig=0 tts=19.399
  制約B 係数: 最小 121 平均 129.6 最大 484
round 2/6: energy=1508 objective=1025 conflict=2 once=1 contig=0 tts=39.382
  制約B 係数: 最小 121 平均 129.9 最大 484
round 3/6: energy=1149 objective=1028 conflict=1 once=0 contig=0 tts=58.050
  制約B 係数: 最小 121 平均 130.3 最大 484
round 4/6: energy=1167 objective=1046 conflict=1 once=0 contig=0 tts=79.143
  制約B 係数: 最小 121 平均 130.8 最大 484
round 5/6: energy=1259 objective=1018 conflict=0 once=1 contig=0 tts=99.961
  制約B 係数: 最小 121 平均 130.8 最大 484
round 6/6: energy=1259 objective=1018 conflict=0 once=1 contig=0 tts=117.830
TTS         = 99.961 sec (最良解を見つけた時刻, 全ラウンド通算)

----------result(120.0 sec)----------
energy          = 1259
objective       = 1018
once_constraint = 1
conflict_constr = 0
colocated       = 0
contiguity      = 0
violated cons   = 1
node 98: 0 visits VIOLATION!
tour        = [0, 106, 60, 24, 34, 25, 173, 23, 134, 135, 84, 74, 96, 37, 109, 127, 49, 15, 116, 184, 129, 197, 1, 20, 114, 138, 76, 112, 143, 107, 130, 183, 136, 59, 50, 55, 46, 53, 97, 104, 89, 41, 9, 172, 51, 8, 43, 18, 73, 56, 193, 2, 95, 113, 128, 86, 186, 105, 156, 171, 58, 64, 108, 27, 61, 29, 87, 22, 99, 119, 52, 182, 117, 158, 36, 166, 196, 123, 47, 67, 11, 6, 78, 159, 30, 126, 81, 147, 31, 168, 195, 38, 75, 177, 63, 148, 174, 122, 102, 199, 33, 66, 190, 32, 118, 16, 139, 68, 179, 188, 90, 111, 180, 77, 48, 167, 194, 13, 100, 132, 7, 110, 69, 94, 93, 181, 72, 10, 146, 71, 157, 140, 83, 3, 121, 79, 162, 176, 82, 80, 137, 120, 150, 101, 17, 65, 152, 103, 88, 142, 164, 125, 45, 151, 198, 54, 19, 12, 26, 161, 153, 192, 169, 175, 57, 91, 165, 70, 4, 131, 163, 154, 14, 39, 85, 187, 178, 21, 115, 40, 145, 42, 149, 144, 189, 35, 44, 62, 170, 141, 92, 191, 124, 133, 185, 160, 155, 5, 200, 28, 0]
visited     = 199/200
travel time = 1004
return      = 1139 (limit 1154, 最早開始)
tw violations = 0
feasible    = False
model times = ok (ソルバの時刻: 到着前の開始 0 / 時間枠外 0 / 帰着 1143)
var_count   = 5660
term_count  = 280769
