QUBO++ Ver. 2026.09.25
Floating License for Hiroshima Univ. CS/IS Lab Member Only
Expires at: 2027/03/31 23:59:59
Variable Limit: Unlimited/Unlimited (CPU/GPU)
  (Unlimited: capped only by the implementation — up to 2^30 - 1 variables of each kind, binary and integer)
instance    = n150w20.001  N=151 (顧客 150)  L[0]=1039  時間枠の平均幅 20.4
HINT: この定式化はモデルが重いので 60 秒以上を推奨 (いまは 30.0 秒)
N=151  x vars = 3215  (order-based なら 22500)
conflict terms = 95282
penalty: ONCE=1040 CONF=1040
build       = 3.479 sec (式の構築 + simplify)
solve now...(30.0 sec)
TTS         = 0.691 sec (最良解を見つけた時刻)

----------result(30.0 sec)----------
energy          = 1034
objective       = 1034
once_constraint = 0
conflict_constr = 0
violated cons   = 0
  return=1034 (RET var = 1034)
tour        = [0, 99, 92, 95, 40, 22, 132, 65, 149, 134, 43, 48, 104, 33, 46, 67, 45, 86, 146, 125, 82, 31, 5, 25, 143, 62, 121, 64, 137, 84, 71, 118, 147, 29, 148, 4, 41, 3, 78, 124, 32, 94, 59, 42, 108, 51, 127, 68, 110, 17, 6, 98, 77, 96, 102, 11, 18, 97, 112, 117, 61, 116, 14, 60, 34, 100, 23, 72, 106, 30, 91, 128, 122, 47, 53, 36, 63, 1, 9, 119, 90, 130, 114, 105, 37, 141, 93, 142, 74, 73, 126, 69, 111, 123, 15, 129, 107, 70, 140, 83, 8, 131, 81, 7, 12, 145, 135, 56, 58, 54, 26, 10, 76, 66, 88, 44, 19, 57, 79, 55, 52, 136, 2, 113, 24, 20, 80, 138, 38, 85, 27, 21, 133, 101, 109, 115, 49, 103, 35, 28, 87, 39, 75, 139, 89, 13, 16, 120, 50, 150, 144, 0]
visited     = 150/150
travel time = 959
return      = 1034 (limit 1039, 最早開始)
tw violations = 0
feasible    = True
model times = ok (ソルバの時刻: 到着前の開始 0 / 時間枠外 0 / 帰着 1034)
var_count   = 3215
term_count  = 92540
      (制約違反がなければモデルの時刻はそのまま実行可能なスケジュール
       なので objective >= return（最早開始）。評価は return で行う)
