QUBO++ Ver. 2026.09.25
Floating License for Hiroshima Univ. CS/IS Lab Member Only
Expires at: 2027/03/31 23:59:59
Variable Limit: Unlimited/Unlimited (CPU/GPU)
  (Unlimited: capped only by the implementation — up to 2^30 - 1 variables of each kind, binary and integer)
instance    = n200w20.001  N=201 (顧客 200)  L[0]=1154  時間枠の平均幅 20.1
HINT: この定式化はモデルが重いので 60 秒以上を推奨 (いまは 30.0 秒)
N=201  x vars = 4238  (order-based なら 40000)
conflict terms = 153253
penalty: ONCE=1155 CONF=1155
build       = 2.941 sec (式の構築 + simplify)
solve now...(30.0 sec)
TTS         = 2.648 sec (最良解を見つけた時刻)

----------result(30.0 sec)----------
energy          = 1139
objective       = 1139
once_constraint = 0
conflict_constr = 0
violated cons   = 0
  return=1139 (RET var = 1139)
tour        = [0, 106, 60, 24, 34, 25, 173, 23, 134, 135, 84, 74, 96, 37, 109, 127, 15, 49, 184, 116, 129, 197, 1, 20, 114, 138, 76, 107, 130, 143, 112, 136, 183, 59, 50, 53, 46, 55, 97, 104, 89, 41, 9, 172, 51, 18, 43, 8, 73, 56, 193, 2, 128, 113, 95, 86, 186, 105, 156, 171, 58, 108, 64, 27, 61, 29, 117, 22, 99, 119, 87, 182, 52, 158, 36, 166, 196, 123, 11, 47, 67, 78, 6, 30, 159, 147, 31, 126, 81, 168, 195, 38, 177, 75, 148, 63, 174, 122, 102, 33, 199, 66, 190, 118, 32, 179, 188, 68, 16, 139, 111, 90, 180, 77, 48, 13, 167, 194, 100, 132, 7, 69, 94, 110, 93, 181, 72, 10, 146, 71, 157, 140, 83, 3, 121, 79, 162, 176, 82, 80, 137, 150, 120, 101, 17, 65, 152, 88, 103, 142, 164, 125, 45, 151, 198, 54, 19, 12, 26, 161, 153, 192, 169, 175, 57, 91, 70, 165, 4, 131, 163, 14, 154, 39, 85, 187, 21, 178, 115, 40, 145, 42, 144, 149, 189, 35, 62, 170, 44, 98, 141, 92, 191, 124, 133, 185, 160, 155, 5, 200, 28, 0]
visited     = 200/200
travel time = 1067
return      = 1139 (limit 1154, 最早開始)
tw violations = 0
feasible    = True
model times = ok (ソルバの時刻: 到着前の開始 0 / 時間枠外 0 / 帰着 1139)
var_count   = 4238
term_count  = 147190
      (制約違反がなければモデルの時刻はそのまま実行可能なスケジュール
       なので objective >= return（最早開始）。評価は return で行う)
