N=21 solve now...(60.0 sec)

----------result(60.0 sec)----------
energy =  110241
objective =  241
constarint =  22
row_constraint =  12
col_constraint =  10
time_constraint =  0
i=0, u=0, tw=0, w=0, [0, 405]
i=1, u=2, tw=1, w=0, [0, 117]
i=2, u=11, tw=0, w=0, [0, 25]
i=4, u=5, tw=0, w=0, [0, 90]
i=5, u=1, tw=0, w=1, [0, 133]
i=6, u=10, tw=1, w=0, [14, 124]
i=8, u=3, tw=4, w=0, [156, 260]
i=9, u=2, tw=1, w=0, [0, 117]
i=9, u=12, tw=4, w=2, [198, 330]
i=10, u=3, tw=4, w=0, [156, 260]
i=10, u=12, tw=4, w=2, [198, 330]
i=12, u=13, tw=5, w=0, [116, 185]
i=12, u=18, tw=5, w=1, [147, 213]
i=14, u=7, tw=6, w=76, [221, 280]
i=14, u=17, tw=6, w=0, [134, 271]
i=15, u=19, tw=82, w=0, [243, 377]
i=16, u=20, tw=82, w=0, [270, 358]
var_count: 540
term_count: 7760
N=21 solve now...(60.0 sec)

----------result(60.0 sec)----------
energy =  110241
objective =  241
constarint =  22
row_constraint =  8
col_constraint =  14
time_constraint =  0
i=0, u=0, tw=0, w=0, [0, 405]
i=1, u=12, tw=47, w=1, [198, 330]
i=3, u=3, tw=11, w=5, [156, 260]
i=4, u=20, tw=53, w=0, [270, 358]
i=5, u=7, tw=14, w=2, [221, 280]
i=6, u=7, tw=14, w=2, [221, 280]
i=9, u=19, tw=20, w=0, [243, 377]
i=10, u=19, tw=20, w=0, [243, 377]
i=12, u=15, tw=10, w=0, [44, 126]
i=12, u=16, tw=10, w=0, [31, 156]
i=14, u=3, tw=11, w=5, [156, 260]
i=14, u=4, tw=10, w=0, [0, 158]
i=16, u=17, tw=15, w=32, [134, 271]
i=17, u=13, tw=47, w=0, [116, 185]
i=18, u=18, tw=47, w=0, [147, 213]
i=19, u=20, tw=53, w=0, [270, 358]
i=20, u=12, tw=47, w=1, [198, 330]
var_count: 540
term_count: 7760
N=21 solve now...(60.0 sec)

----------result(60.0 sec)----------
energy =  110185
objective =  185
constarint =  22
row_constraint =  11
col_constraint =  11
time_constraint =  0
i=0, u=0, tw=0, w=0, [0, 405]
i=1, u=7, tw=56, w=16, [221, 280]
i=2, u=17, tw=62, w=8, [134, 271]
i=4, u=2, tw=24, w=0, [0, 117]
i=5, u=20, tw=80, w=0, [270, 358]
i=6, u=6, tw=24, w=0, [69, 153]
i=7, u=4, tw=24, w=0, [0, 158]
i=9, u=14, tw=24, w=0, [81, 182]
i=9, u=18, tw=24, w=2, [147, 213]
i=11, u=3, tw=26, w=20, [156, 260]
i=14, u=13, tw=46, w=2, [116, 185]
i=14, u=17, tw=62, w=8, [134, 271]
i=17, u=7, tw=56, w=16, [221, 280]
i=17, u=20, tw=80, w=0, [270, 358]
i=18, u=12, tw=72, w=0, [198, 330]
i=19, u=19, tw=72, w=36, [243, 377]
var_count: 540
term_count: 7760
N=21 solve now...(60.0 sec)

----------result(60.0 sec)----------
energy =  120180
objective =  180
constarint =  21
row_constraint =  13
col_constraint =  11
time_constraint =  0
i=0, u=0, tw=0, w=0, [0, 405]
i=1, u=14, tw=0, w=0, [81, 182]
i=1, u=17, tw=18, w=0, [134, 271]
i=1, u=20, tw=134, w=0, [270, 358]
i=4, u=3, tw=9, w=9, [156, 260]
i=6, u=3, tw=9, w=9, [156, 260]
i=8, u=17, tw=18, w=0, [134, 271]
i=10, u=4, tw=18, w=8, [0, 158]
i=11, u=1, tw=26, w=0, [0, 133]
i=13, u=6, tw=26, w=0, [69, 153]
i=15, u=13, tw=26, w=8, [116, 185]
i=15, u=18, tw=26, w=59, [147, 213]
i=16, u=7, tw=93, w=41, [221, 280]
i=18, u=20, tw=134, w=0, [270, 358]
i=19, u=12, tw=134, w=0, [198, 330]
i=20, u=19, tw=134, w=69, [243, 377]
var_count: 540
term_count: 7760
N=21 solve now...(60.0 sec)

----------result(60.0 sec)----------
energy =  110182
objective =  182
constarint =  22
row_constraint =  12
col_constraint =  10
time_constraint =  0
i=0, u=0, tw=0, w=0, [0, 405]
i=1, u=11, tw=0, w=0, [0, 25]
i=3, u=12, tw=72, w=45, [198, 330]
i=4, u=16, tw=45, w=16, [31, 156]
i=5, u=13, tw=61, w=5, [116, 185]
i=5, u=18, tw=61, w=6, [147, 213]
i=9, u=3, tw=72, w=0, [156, 260]
i=9, u=17, tw=72, w=0, [134, 271]
i=11, u=14, tw=72, w=0, [81, 182]
i=13, u=12, tw=72, w=45, [198, 330]
i=17, u=7, tw=117, w=17, [221, 280]
i=18, u=19, tw=134, w=41, [243, 377]
i=20, u=20, tw=175, w=24, [270, 358]
var_count: 540
term_count: 7760
N=21 solve now...(60.0 sec)

----------result(60.0 sec)----------
energy =  100218
objective =  218
constarint =  20
row_constraint =  11
col_constraint =  9
time_constraint =  0
i=0, u=0, tw=0, w=0, [0, 405]
i=1, u=3, tw=12, w=0, [156, 260]
i=1, u=5, tw=0, w=0, [0, 90]
i=3, u=7, tw=12, w=8, [221, 280]
i=3, u=8, tw=0, w=0, [0, 83]
i=5, u=1, tw=8, w=4, [0, 133]
i=5, u=4, tw=8, w=0, [0, 158]
i=6, u=6, tw=12, w=0, [69, 153]
i=8, u=3, tw=12, w=0, [156, 260]
i=9, u=19, tw=32, w=0, [243, 377]
i=10, u=7, tw=12, w=8, [221, 280]
i=11, u=13, tw=20, w=0, [116, 185]
i=13, u=14, tw=20, w=0, [81, 182]
i=13, u=17, tw=20, w=0, [134, 271]
i=15, u=19, tw=32, w=0, [243, 377]
i=16, u=12, tw=20, w=2, [198, 330]
i=18, u=18, tw=22, w=0, [147, 213]
i=19, u=20, tw=22, w=69, [270, 358]
var_count: 540
term_count: 7760
N=21 solve now...(60.0 sec)

----------result(60.0 sec)----------
energy =  119298
objective =  298
constarint =  23
row_constraint =  12
col_constraint =  10
time_constraint =  9
i=0, u=0, tw=0, w=0, [0, 405]
i=1, u=20, tw=8, w=8, [270, 358]
i=2, u=15, tw=8, w=0, [44, 126]
i=3, u=3, tw=8, w=0, [156, 260]
i=3, u=12, tw=16, w=0, [198, 330]
i=5, u=18, tw=8, w=0, [147, 213]
i=5, u=19, tw=16, w=0, [243, 377]
i=7, u=16, tw=8, w=0, [31, 156]
i=7, u=17, tw=8, w=0, [134, 271]
i=9, u=13, tw=8, w=0, [116, 185]
i=11, u=14, tw=8, w=0, [81, 182]
i=13, u=12, tw=16, w=0, [198, 330]
i=15, u=4, tw=8, w=0, [0, 158]
i=18, u=6, tw=8, w=0, [69, 153]
i=19, u=19, tw=16, w=0, [243, 377]
i=20, u=7, tw=8, w=32, [221, 280]
i=20, u=20, tw=8, w=8, [270, 358]
var_count: 540
term_count: 7760
N=21 solve now...(60.0 sec)

----------result(60.0 sec)----------
energy =  94295
objective =  295
constarint =  19
row_constraint =  8
col_constraint =  10
time_constraint =  4
i=0, u=0, tw=0, w=0, [0, 405]
i=2, u=1, tw=0, w=0, [0, 133]
i=3, u=9, tw=0, w=1, [0, 33]
i=4, u=17, tw=2, w=0, [134, 271]
i=5, u=17, tw=2, w=0, [134, 271]
i=7, u=7, tw=39, w=0, [221, 280]
i=8, u=6, tw=1, w=0, [69, 153]
i=9, u=20, tw=39, w=0, [270, 358]
i=12, u=16, tw=1, w=37, [31, 156]
i=13, u=4, tw=38, w=0, [0, 158]
i=15, u=7, tw=39, w=0, [221, 280]
i=15, u=13, tw=38, w=0, [116, 185]
i=17, u=20, tw=39, w=0, [270, 358]
i=18, u=3, tw=38, w=5, [156, 260]
i=19, u=18, tw=43, w=0, [147, 213]
i=20, u=12, tw=43, w=0, [198, 330]
i=20, u=19, tw=43, w=5, [243, 377]
var_count: 540
term_count: 7760
N=21 solve now...(60.0 sec)

----------result(60.0 sec)----------
energy =  110312
objective =  312
constarint =  19
row_constraint =  16
col_constraint =  6
time_constraint =  0
i=0, u=0, tw=0, w=0, [0, 405]
i=1, u=3, tw=48, w=0, [156, 260]
i=2, u=5, tw=0, w=0, [0, 90]
i=2, u=14, tw=0, w=0, [81, 182]
i=4, u=12, tw=48, w=0, [198, 330]
i=4, u=15, tw=0, w=0, [44, 126]
i=6, u=2, tw=0, w=8, [0, 117]
i=7, u=16, tw=8, w=2, [31, 156]
i=8, u=1, tw=10, w=1, [0, 133]
i=9, u=4, tw=11, w=0, [0, 158]
i=11, u=6, tw=11, w=0, [69, 153]
i=11, u=13, tw=11, w=37, [116, 185]
i=13, u=3, tw=48, w=0, [156, 260]
i=13, u=12, tw=48, w=0, [198, 330]
i=15, u=17, tw=48, w=0, [134, 271]
i=19, u=18, tw=48, w=0, [147, 213]
i=20, u=7, tw=48, w=0, [221, 280]
i=20, u=19, tw=48, w=4, [243, 377]
i=20, u=20, tw=48, w=37, [270, 358]
var_count: 540
term_count: 7760
N=21 solve now...(60.0 sec)

----------result(60.0 sec)----------
energy =  101188
objective =  188
constarint =  21
row_constraint =  10
col_constraint =  10
time_constraint =  1
i=0, u=0, tw=0, w=0, [0, 405]
i=1, u=3, tw=38, w=12, [156, 260]
i=3, u=4, tw=12, w=1, [0, 158]
i=4, u=13, tw=13, w=17, [116, 185]
i=4, u=20, tw=51, w=0, [270, 358]
i=6, u=15, tw=30, w=0, [44, 126]
i=7, u=6, tw=30, w=8, [69, 153]
i=8, u=20, tw=51, w=0, [270, 358]
i=10, u=3, tw=38, w=12, [156, 260]
i=10, u=14, tw=38, w=0, [81, 182]
i=12, u=18, tw=50, w=4, [147, 213]
i=13, u=17, tw=54, w=37, [134, 271]
i=15, u=12, tw=91, w=3, [198, 330]
i=18, u=7, tw=94, w=0, [221, 280]
i=20, u=19, tw=94, w=0, [243, 377]
var_count: 540
term_count: 7760
