出力先: lab_results/time_makespan_multi_leq_a100_m2_max_t10_09301214
date        = 2026-09-30 12:14:18
host        = a100x8
python      = Python 3.14.4  (.venv/bin/python)
git commit  = 7bceeec
script      = src/mtsptw/time_makespan_multi_leq.py
insts       = n20w20.001 n60w20.001 n100w20.001 n200w20.001 n60w60.001 n60w100.001
vehicles    = 2   obj = max
runs        = 3    time_limit = 10.0s   cooldown = 60s
gpu         = CUDA_VISIBLE_DEVICES=7
notify      = on (https://ntfy.sh)

================ n20w20.001  m=2 obj=max  3 回 × 10.0 秒 ================
scripts/run_time_makespan_multi_a100.sh: line 151: 2755614 Aborted                    (core dumped) "$PYTHON" "$SCRIPT" "$TIME_LIMIT" -i "$inst" -m "$VEHICLES" "${obj_opt[@]}" --seed "$seed" --no-plot -q > "$log" 2>&1
  run 1: ライセンスが取れなかったので 300 秒後に再実行します (1/5)
  run  1/3  ok       energy=375        value=375    travel=384    used=2  feasible=True  violated=0    tw=0    tts=0.069    wall=13.33s
  run  2/3  ok       energy=375        value=375    travel=443    used=2  feasible=True  violated=0    tw=0    tts=0.101    wall=12.95s
  run  3/3  ok       energy=375        value=375    travel=434    used=2  feasible=True  violated=0    tw=0    tts=0.103    wall=12.96s
  -> n20w20.001  実行可能解=3/3  平均value=375.00  最良value=375  平均違反=0.00  変数=1476  項=121276

  (GPU を 60 秒明け渡します)

================ n60w20.001  m=2 obj=max  3 回 × 10.0 秒 ================
  run  1/3  ok       energy=577        value=577    travel=729    used=2  feasible=True  violated=0    tw=0    tts=0.388    wall=14.13s
  run  2/3  ok       energy=577        value=577    travel=683    used=2  feasible=True  violated=0    tw=0    tts=0.402    wall=14.07s
  run  3/3  ok       energy=577        value=577    travel=691    used=2  feasible=True  violated=0    tw=0    tts=0.391    wall=14.35s
  -> n60w20.001  実行可能解=3/3  平均value=577.00  最良value=577  平均違反=0.00  変数=3600  項=653372

  (GPU を 60 秒明け渡します)

================ n100w20.001  m=2 obj=max  3 回 × 10.0 秒 ================
  run  1/3  ok       energy=827        value=827    travel=932    used=2  feasible=True  violated=0    tw=0    tts=0.129    wall=15.11s
  run  2/3  ok       energy=827        value=827    travel=965    used=2  feasible=True  violated=0    tw=0    tts=0.135    wall=15.07s
  run  3/3  ok       energy=827        value=827    travel=980    used=2  feasible=True  violated=0    tw=0    tts=0.133    wall=15.00s
  -> n100w20.001  実行可能解=3/3  平均value=827.00  最良value=827  平均違反=0.00  変数=5754  項=1560544

  (GPU を 60 秒明け渡します)

================ n200w20.001  m=2 obj=max  3 回 × 10.0 秒 ================
  run  1/3  ok       energy=1136       value=1136   travel=1517   used=2  feasible=True  violated=0    tw=0    tts=1.926    wall=17.20s
  run  2/3  ok       energy=1136       value=1136   travel=1468   used=2  feasible=True  violated=0    tw=0    tts=1.939    wall=17.15s
  run  3/3  ok       energy=1136       value=1136   travel=1539   used=2  feasible=True  violated=0    tw=0    tts=1.943    wall=17.13s
  -> n200w20.001  実行可能解=3/3  平均value=1136.00  最良value=1136  平均違反=0.00  変数=10748  項=3874880

  (GPU を 60 秒明け渡します)

================ n60w60.001  m=2 obj=max  3 回 × 10.0 秒 ================
  run  1/3  ok       energy=705        value=705    travel=834    used=2  feasible=True  violated=0    tw=0    tts=1.227    wall=15.34s
  run  2/3  ok       energy=705        value=705    travel=816    used=2  feasible=True  violated=0    tw=0    tts=1.179    wall=15.05s
  run  3/3  ok       energy=705        value=705    travel=875    used=2  feasible=True  violated=0    tw=0    tts=1.159    wall=16.27s
  -> n60w60.001  実行可能解=3/3  平均value=705.00  最良value=705  平均違反=0.00  変数=7862  項=2176298

  (GPU を 60 秒明け渡します)

================ n60w100.001  m=2 obj=max  3 回 × 10.0 秒 ================
  run  1/3  ok       energy=544        value=544    travel=684    used=2  feasible=True  violated=0    tw=0    tts=1.075    wall=18.42s
  run  2/3  ok       energy=544        value=544    travel=719    used=2  feasible=True  violated=0    tw=0    tts=1.345    wall=18.10s
  run  3/3  ok       energy=544        value=544    travel=626    used=2  feasible=True  violated=0    tw=0    tts=0.841    wall=18.09s
  -> n60w100.001  実行可能解=3/3  平均value=544.00  最良value=544  平均違反=0.00  変数=12278  項=5068508

完了: lab_results/time_makespan_multi_leq_a100_m2_max_t10_09301214/runs.csv / lab_results/time_makespan_multi_leq_a100_m2_max_t10_09301214/summary.csv
n    instance     vehicles  obj  runs_ok  feasible_count  value_mean  value_min  total_travel_mean  total_travel_min  energy_mean  energy_min  violated_cons_mean  tw_violations_mean  tts_mean  var_count  term_count  build_sec_mean  wall_sec_mean
20   n20w20.001   2         max  3        3               375.00      375        420.33             384               375.00       375         0.00                0.00                0.091     1476       121276      1.137           13.08
60   n60w20.001   2         max  3        3               577.00      577        701.00             683               577.00       577         0.00                0.00                0.394     3600       653372      1.467           14.18
100  n100w20.001  2         max  3        3               827.00      827        959.00             932               827.00       827         0.00                0.00                0.132     5754       1560544     1.922           15.06
200  n200w20.001  2         max  3        3               1136.00     1136       1508.00            1468              1136.00      1136        0.00                0.00                1.936     10748      3874880     3.530           17.16
60   n60w60.001   2         max  3        3               705.00      705        841.67             816               705.00       705         0.00                0.00                1.188     7862       2176298     2.492           15.55
60   n60w100.001  2         max  3        3               544.00      544        676.33             626               544.00       544         0.00                0.00                1.087     12278      5068508     3.748           18.20
