QUBO++ Ver. 2026.09.30
Floating License for Hiroshima Univ. CS/IS Lab Member Only
Expires at: 2027/03/31 23:59:59
Variable Limit: Unlimited/Unlimited (CPU/GPU)
  (Unlimited: capped only by the implementation — up to 2^30 - 1 variables of each kind, binary and integer)
instance    = n60w100.001  N=61 (顧客 60)  L[0]=586  時間枠の平均幅 93.7
N=61  o vars = 7366
conflict terms = 2494852 禁止組 / 2553485 向き付き組 (逆順組 275414)
scheme=uniform scale=1.0 P_CUST=241 rounds=10 grow=2.0 cap=4.0 rev=1.0 forced=1.0
  制約B 係数: 最小 121 平均 123.8 最大 242
build       = 7.260 sec
round 1/10: energy=644 objective=523 conflict=1 once=0 contig=0 tts=24.703
  制約B 係数: 最小 121 平均 124.2 最大 484
round 2/10: energy=766 objective=525 conflict=0 once=1 contig=0 tts=55.595
  制約B 係数: 最小 121 平均 124.0 最大 339
round 3/10: energy=701 objective=532 conflict=1 once=0 contig=0 tts=86.393
  制約B 係数: 最小 121 平均 124.6 最大 678
round 4/10: energy=786 objective=545 conflict=0 once=1 contig=0 tts=114.246
  制約B 係数: 最小 121 平均 124.2 最大 474
round 5/10: energy=867 objective=505 conflict=1 once=1 contig=0 tts=146.771
  制約B 係数: 最小 121 平均 124.2 最大 484
round 6/10: energy=664 objective=543 conflict=1 once=0 contig=0 tts=175.974
  制約B 係数: 最小 121 平均 124.0 最大 484
round 7/10: energy=653 objective=532 conflict=1 once=0 contig=0 tts=207.225
  制約B 係数: 最小 121 平均 124.3 最大 484
round 8/10: energy=756 objective=515 conflict=0 once=1 contig=0 tts=236.743
  制約B 係数: 最小 121 平均 124.0 最大 339
round 9/10: energy=685 objective=564 conflict=1 once=0 contig=0 tts=263.416
  制約B 係数: 最小 121 平均 124.0 最大 484
round 10/10: energy=643 objective=522 conflict=1 once=0 contig=0 tts=298.373
TTS         = 146.771 sec (最良解を見つけた時刻, 全ラウンド通算)

----------result(300.0 sec)----------
energy          = 867
objective       = 505
once_constraint = 1
conflict_constr = 1
colocated       = 0
contiguity      = 0
violated cons   = 1
node 9: 0 visits VIOLATION!
tour        = [0, 17, 50, 6, 43, 57, 1, 19, 51, 36, 47, 29, 38, 46, 26, 37, 5, 12, 39, 56, 18, 20, 30, 58, 45, 34, 15, 44, 23, 40, 48, 54, 28, 7, 8, 41, 16, 31, 24, 22, 42, 13, 2, 52, 32, 14, 55, 33, 25, 10, 59, 4, 35, 27, 11, 21, 60, 53, 3, 49, 0]
visited     = 59/60
travel time = 498
return      = 580 (limit 586, 最早開始)
tw violations = 0
feasible    = False
model times = INCONSISTENT (ソルバの時刻: 到着前の開始 1 / 時間枠外 0 / 帰着 580)
var_count   = 7366
term_count  = 2504029
