QUBO++ Ver. 2026.09.30
Floating License for Hiroshima Univ. CS/IS Lab Member Only
Expires at: 2027/03/31 23:59:59
Variable Limit: Unlimited/Unlimited (CPU/GPU)
  (Unlimited: capped only by the implementation — up to 2^30 - 1 variables of each kind, binary and integer)
instance    = n60w20.001  N=61 (顧客 60)  L[0]=601  時間枠の平均幅 19.3
N=61  o vars = 1593
conflict terms = 45076 禁止組 / 47572 向き付き組 (逆順組 6407)
scheme=uniform scale=2.0 P_CUST=498 rounds=1 grow=2.0 cap=0.0 rev=1.0 forced=1.0
  制約B 係数: 最小 250 平均 263.8 最大 500
build       = 1.065 sec
round 1/1: energy=792 objective=542 conflict=1 once=0 contig=0 tts=2.672
TTS         = 2.672 sec (最良解を見つけた時刻, 全ラウンド通算)

----------result(30.0 sec)----------
energy          = 792
objective       = 542
once_constraint = 0
conflict_constr = 1
colocated       = 0
contiguity      = 0
violated cons   = 1
tour        = [0, 6, 12, 38, 48, 9, 51, 15, 34, 56, 17, 19, 42, 58, 22, 59, 32, 7, 25, 13, 4, 52, 5, 50, 44, 30, 18, 47, 46, 31, 16, 23, 21, 2, 28, 41, 10, 11, 29, 39, 27, 43, 45, 35, 26, 8, 57, 3, 33, 54, 1, 24, 49, 37, 20, 36, 55, 14, 40, 60, 53, 0]
visited     = 60/60
travel time = 547
return      = 586 (limit 601, 最早開始)
tw violations = 1
feasible    = False
model times = INCONSISTENT (ソルバの時刻: 到着前の開始 1 / 時間枠外 0 / 帰着 586)
var_count   = 1593
term_count  = 47088
