QUBO++ Ver. 2026.09.25
Floating License for Hiroshima Univ. CS/IS Lab Member Only
Expires at: 2027/03/31 23:59:59
Variable Limit: Unlimited/Unlimited (CPU/GPU)
  (Unlimited: capped only by the implementation — up to 2^30 - 1 variables of each kind, binary and integer)
instance    = n60w100.001  N=61 (顧客 60)  L[0]=586  時間枠の平均幅 93.7
HINT: この定式化はモデルが重いので 60 秒以上を推奨 (いまは 30.0 秒)
N=61  o vars = 7366  (待機 1811 / サービス 5555)
conflict terms = 2553485
colocated terms = 0
penalty: RET=587 CUST=241 CONF=121 CONT=121
build       = 4.718 sec (式の構築 + simplify)
solve now...(30.0 sec)
TTS         = 10.863 sec (最良解を見つけた時刻)

----------result(30.0 sec)----------
energy          = 641
objective       = 520
makespan        = 580
total_wait      = 60
once_constraint = 0
conflict_constr = 1
colocated       = 0
contiguity      = 0
violated cons   = 1
  return= 580 (RET var = 580)
tour        = [0, 1, 17, 50, 6, 43, 57, 19, 36, 51, 47, 29, 38, 46, 26, 5, 20, 30, 18, 56, 39, 12, 37, 58, 45, 34, 15, 44, 23, 40, 48, 54, 28, 41, 31, 8, 16, 7, 24, 42, 22, 13, 2, 52, 32, 14, 55, 33, 25, 10, 59, 4, 35, 27, 11, 9, 21, 60, 53, 3, 49, 0]
visited     = 60/60
travel time = 541
return      = 615 (limit 586, 最早開始)  VIOLATION!
tw violations = 5
feasible    = False
model times = INCONSISTENT (ソルバの時刻: 到着前の開始 1 / 時間枠外 0 / 帰着 580)
var_count   = 7366
term_count  = 2504029
      (制約違反がなければ objective >= travel time。等号が既定で、
       大きくなるのは (1) ソルバが時刻を詰め切れず移動中に遊んでいる
       (2) 全ペア制約が三角不等式の破れで余分に効いている
       (conflict_terms() の docstring) とき。評価は travel time で行う)
