QUBO++ Ver. 2026.09.25
Floating License for Hiroshima Univ. CS/IS Lab Member Only
Expires at: 2027/03/31 23:59:59
Variable Limit: Unlimited/Unlimited (CPU/GPU)
  (Unlimited: capped only by the implementation — up to 2^30 - 1 variables of each kind, binary and integer)
instance    = n60w40.001  N=61 (顧客 60)  L[0]=685  時間枠の平均幅 36.1
HINT: この定式化はモデルが重いので 60 秒以上を推奨 (いまは 30.0 秒)
N=61  o vars = 2950  (待機 744 / サービス 2206)
conflict terms = 215697
colocated terms = 0
penalty: RET=686 CUST=249 CONF=125 CONT=125
build       = 2.976 sec (式の構築 + simplify)
solve now...(30.0 sec)
TTS         = 6.728 sec (最良解を見つけた時刻)

----------result(30.0 sec)----------
energy          = 591
objective       = 591
makespan        = 664
total_wait      = 73
once_constraint = 0
conflict_constr = 0
colocated       = 0
contiguity      = 0
violated cons   = 0
  return= 664 (RET var = 664)
tour        = [0, 3, 33, 32, 40, 7, 55, 29, 17, 18, 11, 44, 6, 58, 21, 28, 8, 56, 24, 19, 15, 39, 12, 4, 42, 25, 2, 14, 52, 43, 16, 47, 54, 27, 59, 57, 36, 45, 31, 35, 46, 20, 50, 9, 49, 48, 53, 5, 26, 34, 37, 38, 10, 23, 30, 41, 51, 22, 13, 60, 1, 0]
visited     = 60/60
travel time = 591
return      = 664 (limit 685, 最早開始)
tw violations = 0
feasible    = True
model times = ok (ソルバの時刻: 到着前の開始 0 / 時間枠外 0 / 帰着 664)
var_count   = 2950
term_count  = 211676
      (制約違反がなければ objective >= travel time。等号が既定で、
       大きくなるのは (1) ソルバが時刻を詰め切れず移動中に遊んでいる
       (2) 全ペア制約が三角不等式の破れで余分に効いている
       (conflict_terms() の docstring) とき。評価は travel time で行う)
