QUBO++ Ver. 2026.09.25
Floating License for Hiroshima Univ. CS/IS Lab Member Only
Expires at: 2027/03/31 23:59:59
Variable Limit: Unlimited/Unlimited (CPU/GPU)
  (Unlimited: capped only by the implementation — up to 2^30 - 1 variables of each kind, binary and integer)
instance    = n60w100.001  N=61 (顧客 60)  L[0]=586  時間枠の平均幅 93.7
HINT: この定式化はモデルが重いので 60 秒以上を推奨 (いまは 30.0 秒)
N=61  o vars = 7366  (待機 1811 / サービス 5555)
conflict terms = 2553485
colocated terms = 0
penalty: RET=587 CUST=241 CONF=121 CONT=121
build       = 5.506 sec (式の構築 + simplify)
solve now...(30.0 sec)
TTS         = 29.958 sec (最良解を見つけた時刻)

----------result(30.0 sec)----------
energy          = 553
objective       = 553
makespan        = 576
total_wait      = 23
once_constraint = 0
conflict_constr = 0
colocated       = 0
contiguity      = 0
violated cons   = 0
  return= 576 (RET var = 576)
tour        = [0, 1, 17, 57, 43, 50, 6, 36, 51, 19, 47, 29, 38, 46, 26, 5, 12, 39, 56, 18, 30, 20, 37, 58, 45, 34, 15, 44, 23, 40, 48, 54, 28, 41, 31, 8, 16, 7, 24, 52, 13, 22, 42, 2, 32, 14, 55, 33, 25, 35, 4, 59, 10, 27, 21, 11, 3, 9, 60, 53, 49, 0]
visited     = 60/60
travel time = 539
return      = 576 (limit 586, 最早開始)
tw violations = 0
feasible    = True
model times = ok (ソルバの時刻: 到着前の開始 0 / 時間枠外 0 / 帰着 576)
var_count   = 7366
term_count  = 2504029
      (制約違反がなければ objective >= travel time。等号が既定で、
       大きくなるのは (1) ソルバが時刻を詰め切れず移動中に遊んでいる
       (2) 全ペア制約が三角不等式の破れで余分に効いている
       (conflict_terms() の docstring) とき。評価は travel time で行う)
