QUBO++ Ver. 2026.09.08
Floating License for Hiroshima Univ. CS/IS Lab Member Only
Expires at: 2027/03/31 23:59:59
Variable Limit: Unlimited/Unlimited (CPU/GPU)
  (Unlimited: capped only by the implementation — up to 2^30 - 1 variables of each kind, binary and integer)
instance    = n60w80.001  N=61 (顧客 60)  L[0]=694  時間枠の平均幅 79.9
HINT: この定式化はモデルが重いので 60 秒以上を推奨 (いまは 30.0 秒)
N=61  x vars = 4869  (order-based なら 3600)
conflict terms = 736733
penalty: ONCE=695 CONF=695
build       = 2.968 sec (式の構築 + simplify)
solve now...(30.0 sec)

----------result(30.0 sec)----------
energy          = 606
objective       = 606
once_constraint = 0
conflict_constr = 0
violated cons   = 0
  return= 606 (RET var = 606)
tour        = [0, 19, 51, 12, 8, 4, 41, 55, 22, 5, 58, 23, 18, 9, 21, 7, 54, 56, 3, 29, 24, 20, 17, 35, 26, 59, 33, 44, 45, 10, 57, 2, 6, 38, 42, 46, 53, 49, 47, 40, 16, 1, 30, 31, 50, 28, 34, 32, 11, 43, 52, 36, 37, 15, 25, 13, 27, 48, 60, 39, 14, 0]
visited     = 60/60
travel time = 533
return      = 606 (limit 694)
tw violations = 0
feasible    = True
var_count   = 4869
term_count  = 721327
