QUBO++ Ver. 2026.09.08
Floating License for Hiroshima Univ. CS/IS Lab Member Only
Expires at: 2027/03/31 23:59:59
Variable Limit: Unlimited/Unlimited (CPU/GPU)
  (Unlimited: capped only by the implementation — up to 2^30 - 1 variables of each kind, binary and integer)
instance    = n60w40.001  N=61 (顧客 60)  L[0]=685  時間枠の平均幅 36.1
HINT: この定式化はモデルが重いので 60 秒以上を推奨 (いまは 30.0 秒)
N=61  x vars = 2232  (order-based なら 3600)
conflict terms = 119390
penalty: ONCE=686 CONF=686
build       = 1.068 sec (式の構築 + simplify)
solve now...(30.0 sec)

----------result(30.0 sec)----------
energy          = 664
objective       = 664
once_constraint = 0
conflict_constr = 0
violated cons   = 0
  return= 664 (RET var = 664)
tour        = [0, 3, 40, 7, 33, 32, 55, 29, 17, 18, 11, 44, 6, 58, 21, 28, 8, 56, 24, 19, 15, 12, 39, 4, 25, 14, 52, 2, 42, 16, 43, 47, 54, 27, 59, 36, 57, 45, 31, 46, 35, 20, 50, 9, 49, 48, 5, 53, 26, 34, 37, 38, 10, 23, 30, 41, 51, 22, 13, 60, 1, 0]
visited     = 60/60
travel time = 611
return      = 664 (limit 685)
tw violations = 0
feasible    = True
var_count   = 2232
term_count  = 117244
