QUBO++ Ver. 2026.09.08
Floating License for Hiroshima Univ. CS/IS Lab Member Only
Expires at: 2027/03/31 23:59:59
Variable Limit: Unlimited/Unlimited (CPU/GPU)
  (Unlimited: capped only by the implementation — up to 2^30 - 1 variables of each kind, binary and integer)
instance    = n60w100.001  N=61 (顧客 60)  L[0]=586  時間枠の平均幅 93.7
HINT: この定式化はモデルが重いので 60 秒以上を推奨 (いまは 30.0 秒)
N=61  x vars = 5595  (order-based なら 3600)
conflict terms = 1274267
penalty: ONCE=587 CONF=587
build       = 3.742 sec (式の構築 + simplify)
solve now...(30.0 sec)

----------result(30.0 sec)----------
energy          = 1163
objective       = 576
once_constraint = 0
conflict_constr = 1
violated cons   = 1
  return= 576 (RET var = 576)
tour        = [0, 6, 50, 43, 57, 17, 1, 19, 36, 51, 47, 29, 38, 46, 26, 37, 5, 12, 39, 56, 18, 20, 30, 44, 23, 48, 34, 45, 58, 15, 40, 28, 54, 41, 8, 31, 16, 7, 24, 2, 52, 42, 22, 13, 32, 14, 55, 33, 27, 35, 59, 4, 10, 25, 3, 11, 9, 21, 60, 53, 49, 0]
visited     = 60/60
travel time = 591
return      = 576 (limit 586)
tw violations = 0
feasible    = True
var_count   = 5595
term_count  = 1247481
