QUBO++ Ver. 2026.09.25
Floating License for Hiroshima Univ. CS/IS Lab Member Only
Expires at: 2027/03/31 23:59:59
Variable Limit: Unlimited/Unlimited (CPU/GPU)
  (Unlimited: capped only by the implementation — up to 2^30 - 1 variables of each kind, binary and integer)
instance    = n60w20.001  N=61 (顧客 60)  L[0]=601  時間枠の平均幅 19.3
HINT: この定式化はモデルが重いので 60 秒以上を推奨 (いまは 30.0 秒)
N=61  o vars = 1593  (待機 419 / サービス 1174)
conflict terms = 47572
penalty: RET=602 CUST=249 CONF=125 CONT=125
build       = 1.547 sec (式の構築 + simplify)
solve now...(30.0 sec)
TTS         = 1.501 sec (最良解を見つけた時刻)

----------result(30.0 sec)----------
energy          = 666
objective       = 541
makespan        = 586
total_wait      = 45
once_constraint = 0
conflict_constr = 1
contiguity      = 0
violated cons   = 1
  return= 586 (RET var = 586)
tour        = [0, 6, 12, 38, 48, 9, 15, 51, 34, 56, 17, 19, 42, 58, 22, 59, 32, 7, 25, 13, 4, 52, 5, 44, 50, 30, 47, 18, 46, 31, 16, 23, 21, 2, 28, 41, 10, 11, 29, 39, 27, 43, 45, 35, 26, 8, 57, 3, 33, 54, 1, 24, 49, 37, 20, 36, 55, 14, 40, 60, 53, 0]
visited     = 60/60
travel time = 546
return      = 586 (limit 601)
tw violations = 0
feasible    = True
var_count   = 1593
term_count  = 47088
      (travel time は objective と一致すべき。ただし全ペア制約は
       三角不等式に依存しており、Dumas ではこれが破れているため
       135 件中 15 件で objective が真の travel より +1〜+3 大きい。
       conflict_terms() の docstring を参照)
