QUBO++ Ver. 2026.09.30
Floating License for Hiroshima Univ. CS/IS Lab Member Only
Expires at: 2027/03/31 23:59:59
Variable Limit: Unlimited/Unlimited (CPU/GPU)
  (Unlimited: capped only by the implementation — up to 2^30 - 1 variables of each kind, binary and integer)
instance    = n100w40.002  N=101 (顧客 100)  L[0]=820  時間枠の平均幅 39.6
N=101  o vars = 4203  (待機 733 / サービス 3470)  prune=True  prec=True (4630 組)  arcgap=True
conflict terms = 263927  (872 対)  うち 3 次の補正 0
colocated terms = 11
penalty: RET=821 CUST=225 CONF=113 CONT=113
build       = 1.146 sec
round 0: energy=761 obj=648 feasible=False travel=657 bad_cust=[] bad_pair=1 [(39, 40)] t=20.2
lns 1 early(K=20): energy=2942391 obj=648 feasible=False travel=657 bad_cust=[] bad_pair=1 [(39, 40)] t=21.3
lns 6 early(K=20): energy=2939064 obj=647 feasible=False travel=656 bad_cust=[] bad_pair=1 [(39, 40)] t=26.6
lns 9 early(K=20): energy=2935733 obj=646 feasible=False travel=655 bad_cust=[] bad_pair=1 [(39, 40)] t=29.9
lns 13 early(K=20): energy=2935725 obj=646 feasible=False travel=655 bad_cust=[] bad_pair=1 [(39, 40)] t=34.1
lns 18 early(K=20): energy=2935717 obj=646 feasible=False travel=655 bad_cust=[] bad_pair=1 [(39, 40)] t=39.5
lns 21 early(K=20): energy=2935714 obj=646 feasible=False travel=654 bad_cust=[] bad_pair=1 [(39, 40)] t=42.7
lns 24 early(K=20): energy=2219080 obj=657 feasible=True travel=653 bad_cust=[] bad_pair=0 [] t=45.9
lns: 24 回解き直し、改善 7 回、再出発 0 回

----------result(300.0 sec)----------
energy          = 657
objective       = 657
total_wait      = 132
violated cons   = 0
TTS         = 45.921 sec (最良解を見つけた時刻)
tour        = [0, 81, 9, 44, 80, 37, 96, 33, 38, 54, 20, 16, 61, 77, 27, 28, 19, 13, 42, 58, 93, 73, 98, 62, 36, 64, 91, 34, 12, 7, 57, 8, 15, 85, 32, 75, 95, 2, 70, 25, 49, 72, 83, 94, 65, 99, 50, 46, 56, 92, 4, 3, 66, 53, 18, 90, 6, 68, 71, 17, 11, 88, 1, 43, 35, 10, 89, 87, 60, 30, 5, 26, 82, 76, 29, 55, 47, 59, 51, 23, 21, 84, 45, 48, 79, 78, 14, 31, 40, 24, 39, 67, 41, 52, 97, 63, 22, 100, 74, 86, 69, 0]
visited     = 100/100
travel time = 653
return      = 786 (limit 820, 最早開始)
tw violations = 0
feasible    = True
model times = ok (ソルバの時刻: 到着前の開始 0 / 時間枠外 0 / 帰着 789)
var_count   = 4203
term_count  = 254828
build       = 1.146 sec (式の構築 + simplify)
