QUBO++ Ver. 2026.09.30
Floating License for Hiroshima Univ. CS/IS Lab Member Only
Expires at: 2027/03/31 23:59:59
Variable Limit: Unlimited/Unlimited (CPU/GPU)
  (Unlimited: capped only by the implementation — up to 2^30 - 1 variables of each kind, binary and integer)
instance    = n150w60.002  N=151 (顧客 150)  L[0]=983  時間枠の平均幅 56.4
N=151  o vars = 9375  (待機 1646 / サービス 7729)  prune=True  prec=True (10094 組)  arcgap=True
conflict terms = 1460656  (2447 対)  うち 3 次の補正 0
colocated terms = 54
penalty: RET=984 CUST=249 CONF=125 CONT=125
build       = 2.047 sec
round 0: energy=853 obj=853 feasible=True travel=810 bad_cust=[] bad_pair=0 [] t=20.4
lns 1 early(K=20): energy=6397710 obj=845 feasible=True travel=810 bad_cust=[] bad_pair=0 [] t=21.8
lns 3 early(K=20): energy=6375090 obj=842 feasible=True travel=808 bad_cust=[] bad_pair=0 [] t=24.5
lns 6 early(K=20): energy=6352536 obj=839 feasible=True travel=807 bad_cust=[] bad_pair=0 [] t=28.3
lns 9 early(K=20): energy=6352518 obj=839 feasible=True travel=809 bad_cust=[] bad_pair=0 [] t=32.1
lns 12 early(K=20): energy=6352486 obj=839 feasible=True travel=808 bad_cust=[] bad_pair=0 [] t=35.8
lns 15 early(K=20): energy=6314916 obj=834 feasible=True travel=807 bad_cust=[] bad_pair=0 [] t=39.8
lns 18 early(K=20): energy=6314897 obj=834 feasible=True travel=805 bad_cust=[] bad_pair=0 [] t=44.1
lns 21 early(K=20): energy=6314873 obj=834 feasible=True travel=805 bad_cust=[] bad_pair=0 [] t=48.6
lns 24 early(K=20): energy=6314824 obj=834 feasible=True travel=803 bad_cust=[] bad_pair=0 [] t=53.1
lns 27 early(K=20): energy=6262236 obj=827 feasible=True travel=801 bad_cust=[] bad_pair=0 [] t=57.7
lns 29 early(K=20): energy=6254762 obj=826 feasible=True travel=800 bad_cust=[] bad_pair=0 [] t=60.8
lns 32 early(K=20): energy=6232081 obj=823 feasible=True travel=799 bad_cust=[] bad_pair=0 [] t=65.4
lns 33 early(K=20): energy=6232075 obj=823 feasible=True travel=799 bad_cust=[] bad_pair=0 [] t=67.0
lns 37 early(K=20): energy=6209533 obj=820 feasible=True travel=800 bad_cust=[] bad_pair=0 [] t=73.2
lns 40 early(K=20): energy=6171958 obj=815 feasible=True travel=796 bad_cust=[] bad_pair=0 [] t=77.8
lns 43 early(K=20): energy=6149367 obj=812 feasible=True travel=794 bad_cust=[] bad_pair=0 [] t=82.3
lns 46 early(K=20): energy=6096768 obj=805 feasible=True travel=792 bad_cust=[] bad_pair=0 [] t=86.7
lns 49 early(K=20): energy=6096760 obj=805 feasible=True travel=795 bad_cust=[] bad_pair=0 [] t=90.8
lns 52 early(K=20): energy=6081700 obj=803 feasible=True travel=790 bad_cust=[] bad_pair=0 [] t=94.8
lns 55 early(K=20): energy=6029073 obj=796 feasible=True travel=789 bad_cust=[] bad_pair=0 [] t=98.7
lns 58 early(K=20): energy=6014032 obj=794 feasible=True travel=788 bad_cust=[] bad_pair=0 [] t=102.6
lns 62 early(K=20): energy=5999014 obj=792 feasible=True travel=786 bad_cust=[] bad_pair=0 [] t=108.6
lns 63 early(K=20): energy=5991521 obj=791 feasible=True travel=785 bad_cust=[] bad_pair=0 [] t=110.2
lns 67 early(K=20): energy=5991403 obj=791 feasible=True travel=785 bad_cust=[] bad_pair=0 [] t=116.4
lns 68 early(K=20): energy=5983894 obj=790 feasible=True travel=784 bad_cust=[] bad_pair=0 [] t=118.2
lns 72 early(K=20): energy=5938810 obj=784 feasible=True travel=784 bad_cust=[] bad_pair=0 [] t=124.4
lns 76 early(K=20): energy=5931316 obj=783 feasible=True travel=783 bad_cust=[] bad_pair=0 [] t=129.6
lns: K = 30 (t=167.0)
lns 106 early(K=30): energy=5931282 obj=783 feasible=True travel=783 bad_cust=[] bad_pair=0 [] t=173.5
lns: K = 45 (t=238.0)
lns: K = 60 (t=272.5)
lns: 150 回解き直し、改善 28 回、再出発 0 回

----------result(300.0 sec)----------
energy          = 783
objective       = 783
total_wait      = 158
violated cons   = 0
TTS         = 129.588 sec (最良解を見つけた時刻)
tour        = [0, 51, 35, 44, 92, 89, 88, 63, 73, 148, 56, 42, 11, 81, 109, 38, 139, 21, 12, 61, 142, 4, 97, 19, 99, 86, 41, 133, 48, 114, 136, 140, 34, 138, 16, 77, 70, 66, 50, 121, 22, 71, 95, 102, 24, 85, 116, 3, 26, 96, 122, 147, 104, 145, 87, 2, 69, 67, 59, 27, 93, 115, 107, 30, 31, 39, 112, 105, 17, 74, 100, 68, 132, 37, 25, 118, 144, 80, 72, 58, 52, 128, 10, 62, 98, 119, 18, 131, 29, 120, 82, 60, 149, 1, 8, 6, 84, 113, 103, 53, 83, 106, 76, 134, 57, 32, 54, 127, 75, 137, 7, 94, 78, 33, 143, 101, 5, 129, 124, 111, 49, 126, 13, 90, 9, 110, 125, 135, 141, 43, 14, 36, 108, 65, 47, 55, 46, 91, 40, 45, 15, 64, 146, 20, 79, 28, 23, 123, 117, 130, 150, 0]
visited     = 150/150
travel time = 783
return      = 941 (limit 983, 最早開始)
tw violations = 0
feasible    = True
model times = ok (ソルバの時刻: 到着前の開始 0 / 時間枠外 0 / 帰着 941)
var_count   = 9375
term_count  = 1415105
build       = 2.047 sec (式の構築 + simplify)
