QUBO++ Ver. 2026.09.30
Floating License for Hiroshima Univ. CS/IS Lab Member Only
Expires at: 2027/03/31 23:59:59
Variable Limit: Unlimited/Unlimited (CPU/GPU)
  (Unlimited: capped only by the implementation — up to 2^30 - 1 variables of each kind, binary and integer)
instance    = n20w80.002  N=21 (顧客 20)  L[0]=444  時間枠の平均幅 81.7
N=21  o vars = 1651  (待機 206 / サービス 1445)  prune=True  prec=True (151 組)  arcgap=True
conflict terms = 177006  (97 対)  うち 3 次の補正 0
colocated terms = 0
penalty: RET=445 CUST=233 CONF=117 CONT=117
build       = 1.043 sec
round 0: energy=338 obj=338 feasible=True travel=338 bad_cust=[] bad_pair=0 [] t=2.0

----------result(300.0 sec)----------
energy          = 338
objective       = 338
total_wait      = 59
violated cons   = 0
TTS         = 1.984 sec (最良解を見つけた時刻)
tour        = [0, 16, 1, 12, 13, 9, 6, 17, 5, 3, 10, 14, 15, 18, 4, 19, 11, 7, 8, 20, 2, 0]
visited     = 20/20
travel time = 338
return      = 397 (limit 444, 最早開始)
tw violations = 0
feasible    = True
model times = ok (ソルバの時刻: 到着前の開始 0 / 時間枠外 0 / 帰着 397)
var_count   = 1651
term_count  = 174831
build       = 1.043 sec (式の構築 + simplify)
