QUBO++ Ver. 2026.09.30
Floating License for Hiroshima Univ. CS/IS Lab Member Only
Expires at: 2027/03/31 23:59:59
Variable Limit: Unlimited/Unlimited (CPU/GPU)
  (Unlimited: capped only by the implementation — up to 2^30 - 1 variables of each kind, binary and integer)
instance    = n20w100.002  N=21 (顧客 20)  L[0]=346  時間枠の平均幅 99.0
N=21  o vars = 2354  (待機 401 / サービス 1953)  prune=True  prec=True (102 組)  arcgap=True
conflict terms = 422502  (163 対)  うち 3 次の補正 0
colocated terms = 0
penalty: RET=347 CUST=197 CONF=99 CONT=99
build       = 1.143 sec
round 0: energy=222 obj=222 feasible=True travel=222 bad_cust=[] bad_pair=0 [] t=1.1

----------result(300.0 sec)----------
energy          = 222
objective       = 222
total_wait      = 70
violated cons   = 0
TTS         = 1.139 sec (最良解を見つけた時刻)
tour        = [0, 10, 8, 15, 1, 4, 19, 5, 11, 16, 2, 17, 12, 14, 9, 7, 13, 3, 6, 18, 20, 0]
visited     = 20/20
travel time = 222
return      = 292 (limit 346, 最早開始)
tw violations = 0
feasible    = True
model times = ok (ソルバの時刻: 到着前の開始 0 / 時間枠外 0 / 帰着 292)
var_count   = 2354
term_count  = 416364
build       = 1.143 sec (式の構築 + simplify)
