QUBO++ Ver. 2026.09.30
Floating License for Hiroshima Univ. CS/IS Lab Member Only
Expires at: 2027/03/31 23:59:59
Variable Limit: Unlimited/Unlimited (CPU/GPU)
  (Unlimited: capped only by the implementation — up to 2^30 - 1 variables of each kind, binary and integer)
instance    = n20w20.002  N=21 (顧客 20)  L[0]=318  時間枠の平均幅 21.8
N=21  o vars = 217  (待機 10 / サービス 207)  prune=True  prec=True (189 組)  arcgap=True
conflict terms = 1182  (33 対)  うち 3 次の補正 0
colocated terms = 0
penalty: RET=319 CUST=197 CONF=99 CONT=99
build       = 0.949 sec
round 0: energy=286 obj=286 feasible=True travel=286 bad_cust=[] bad_pair=0 [] t=0.2

----------result(300.0 sec)----------
energy          = 286
objective       = 286
total_wait      = 10
violated cons   = 0
TTS         = 0.160 sec (最良解を見つけた時刻)
tour        = [0, 1, 14, 18, 4, 8, 7, 5, 15, 11, 16, 19, 17, 10, 12, 3, 6, 2, 20, 9, 13, 0]
visited     = 20/20
travel time = 286
return      = 296 (limit 318, 最早開始)
tw violations = 0
feasible    = True
model times = ok (ソルバの時刻: 到着前の開始 0 / 時間枠外 0 / 帰着 296)
var_count   = 217
term_count  = 1197
build       = 0.949 sec (式の構築 + simplify)
