QUBO++ Ver. 2026.09.30
Floating License for Hiroshima Univ. CS/IS Lab Member Only
Expires at: 2027/03/31 23:59:59
Variable Limit: Unlimited/Unlimited (CPU/GPU)
  (Unlimited: capped only by the implementation — up to 2^30 - 1 variables of each kind, binary and integer)
instance    = n20w60.002  N=21 (顧客 20)  L[0]=321  時間枠の平均幅 47.5
N=21  o vars = 1058  (待機 239 / サービス 819)  prune=True  prec=True (162 組)  arcgap=True
conflict terms = 58891  (92 対)  うち 3 次の補正 0
colocated terms = 0
penalty: RET=322 CUST=201 CONF=101 CONT=101
build       = 1.051 sec
round 0: energy=244 obj=244 feasible=True travel=244 bad_cust=[] bad_pair=0 [] t=0.4

----------result(300.0 sec)----------
energy          = 244
objective       = 244
total_wait      = 60
violated cons   = 0
TTS         = 0.445 sec (最良解を見つけた時刻)
tour        = [0, 19, 4, 18, 1, 8, 12, 15, 7, 10, 17, 3, 5, 9, 11, 6, 14, 20, 16, 13, 2, 0]
visited     = 20/20
travel time = 244
return      = 304 (limit 321, 最早開始)
tw violations = 0
feasible    = True
model times = ok (ソルバの時刻: 到着前の開始 0 / 時間枠外 0 / 帰着 304)
var_count   = 1058
term_count  = 58278
build       = 1.051 sec (式の構築 + simplify)
