QUBO++ Ver. 2026.09.30
Floating License for Hiroshima Univ. CS/IS Lab Member Only
Expires at: 2027/03/31 23:59:59
Variable Limit: Unlimited/Unlimited (CPU/GPU)
  (Unlimited: capped only by the implementation — up to 2^30 - 1 variables of each kind, binary and integer)
instance    = n40w20.002  N=41 (顧客 40)  L[0]=612  時間枠の平均幅 22.6
N=41  o vars = 705  (待機 116 / サービス 589)  prune=True  prec=True (754 組)  arcgap=True
conflict terms = 12405  (127 対)  うち 3 次の補正 0
colocated terms = 0
penalty: RET=613 CUST=225 CONF=113 CONT=113
build       = 0.963 sec
round 0: energy=552 obj=552 feasible=True travel=552 bad_cust=[] bad_pair=0 [] t=1.1

----------result(300.0 sec)----------
energy          = 552
objective       = 552
total_wait      = 55
violated cons   = 0
TTS         = 1.059 sec (最良解を見つけた時刻)
tour        = [0, 16, 9, 10, 32, 18, 27, 8, 37, 28, 34, 24, 25, 23, 26, 12, 6, 7, 29, 20, 39, 38, 30, 5, 22, 33, 11, 17, 3, 2, 31, 15, 19, 14, 36, 1, 4, 13, 40, 35, 21, 0]
visited     = 40/40
travel time = 552
return      = 607 (limit 612, 最早開始)
tw violations = 0
feasible    = True
model times = ok (ソルバの時刻: 到着前の開始 0 / 時間枠外 0 / 帰着 607)
var_count   = 705
term_count  = 12189
build       = 0.963 sec (式の構築 + simplify)
