QUBO++ Ver. 2026.09.30
Floating License for Hiroshima Univ. CS/IS Lab Member Only
Expires at: 2027/03/31 23:59:59
Variable Limit: Unlimited/Unlimited (CPU/GPU)
  (Unlimited: capped only by the implementation — up to 2^30 - 1 variables of each kind, binary and integer)
instance    = n40w40.002  N=41 (顧客 40)  L[0]=550  時間枠の平均幅 39.3
N=41  o vars = 1456  (待機 190 / サービス 1266)  prune=True  prec=True (708 組)  arcgap=True
conflict terms = 63143  (209 対)  うち 3 次の補正 0
colocated terms = 0
penalty: RET=551 CUST=221 CONF=111 CONT=111
build       = 1.011 sec
round 0: energy=461 obj=461 feasible=True travel=461 bad_cust=[] bad_pair=0 [] t=13.8

----------result(300.0 sec)----------
energy          = 461
objective       = 461
total_wait      = 59
violated cons   = 0
TTS         = 13.766 sec (最良解を見つけた時刻)
tour        = [0, 5, 35, 15, 7, 22, 36, 11, 34, 3, 19, 32, 18, 1, 12, 26, 25, 39, 14, 27, 13, 17, 29, 16, 30, 2, 23, 24, 31, 8, 4, 6, 28, 21, 10, 33, 38, 9, 37, 40, 20, 0]
visited     = 40/40
travel time = 461
return      = 520 (limit 550, 最早開始)
tw violations = 0
feasible    = True
model times = ok (ソルバの時刻: 到着前の開始 0 / 時間枠外 0 / 帰着 520)
var_count   = 1456
term_count  = 61383
build       = 1.011 sec (式の構築 + simplify)
