QUBO++ Ver. 2026.09.30
Floating License for Hiroshima Univ. CS/IS Lab Member Only
Expires at: 2027/03/31 23:59:59
Variable Limit: Unlimited/Unlimited (CPU/GPU)
  (Unlimited: capped only by the implementation — up to 2^30 - 1 variables of each kind, binary and integer)
instance    = n60w60.002  N=61 (顧客 60)  L[0]=759  時間枠の平均幅 58.6
N=61  o vars = 4112  (待機 856 / サービス 3256)  prune=True  prec=True (1546 組)  arcgap=True
conflict terms = 423884  (555 対)  うち 3 次の補正 0
colocated terms = 0
penalty: RET=760 CUST=265 CONF=133 CONT=133
build       = 1.164 sec
round 0: energy=596 obj=596 feasible=True travel=595 bad_cust=[] bad_pair=0 [] t=20.2
lns 1 early(K=20): energy=1886719 obj=594 feasible=True travel=593 bad_cust=[] bad_pair=0 [] t=21.3
lns 6 early(K=20): energy=1839540 obj=579 feasible=True travel=578 bad_cust=[] bad_pair=0 [] t=28.0
lns 9 early(K=20): energy=1839538 obj=579 feasible=True travel=578 bad_cust=[] bad_pair=0 [] t=31.6
lns 12 early(K=20): energy=1839535 obj=579 feasible=True travel=578 bad_cust=[] bad_pair=0 [] t=35.0
lns 14 early(K=20): energy=1801763 obj=567 feasible=True travel=566 bad_cust=[] bad_pair=0 [] t=37.2
lns: 14 回解き直し、改善 5 回、再出発 0 回

----------result(300.0 sec)----------
energy          = 567
objective       = 567
total_wait      = 148
violated cons   = 0
TTS         = 37.214 sec (最良解を見つけた時刻)
tour        = [0, 48, 9, 13, 44, 56, 19, 41, 32, 5, 59, 52, 1, 20, 47, 55, 24, 26, 8, 54, 45, 14, 49, 3, 36, 23, 18, 58, 40, 51, 34, 15, 25, 42, 12, 37, 16, 11, 22, 50, 7, 33, 57, 10, 2, 53, 31, 46, 38, 30, 4, 17, 6, 39, 43, 21, 35, 60, 27, 29, 28, 0]
visited     = 60/60
travel time = 566
return      = 715 (limit 759, 最早開始)
tw violations = 0
feasible    = True
model times = ok (ソルバの時刻: 到着前の開始 0 / 時間枠外 0 / 帰着 715)
var_count   = 4112
term_count  = 414503
build       = 1.164 sec (式の構築 + simplify)
