QUBO++ Ver. 2026.09.30
Floating License for Hiroshima Univ. CS/IS Lab Member Only
Expires at: 2027/03/31 23:59:59
Variable Limit: Unlimited/Unlimited (CPU/GPU)
  (Unlimited: capped only by the implementation — up to 2^30 - 1 variables of each kind, binary and integer)
instance    = n60w100.002  N=61 (顧客 60)  L[0]=735  時間枠の平均幅 86.8
N=61  o vars = 6040  (待機 1078 / サービス 4962)  prune=True  prec=True (1375 組)  arcgap=True
conflict terms = 1169389  (802 対)  うち 3 次の補正 0
colocated terms = 2
penalty: RET=736 CUST=253 CONF=127 CONT=127
build       = 1.492 sec
round 0: energy=568 obj=568 feasible=True travel=566 bad_cust=[] bad_pair=0 [] t=20.4
lns 1 early(K=20): energy=2710861 obj=565 feasible=True travel=563 bad_cust=[] bad_pair=0 [] t=22.2
lns 7 early(K=20): energy=2696525 obj=562 feasible=True travel=558 bad_cust=[] bad_pair=0 [] t=41.2
lns 10 early(K=20): energy=2696501 obj=562 feasible=True travel=558 bad_cust=[] bad_pair=0 [] t=51.4
lns 13 early(K=20): energy=2615151 obj=545 feasible=True travel=545 bad_cust=[] bad_pair=0 [] t=59.3
lns 14 early(K=20): energy=2591273 obj=540 feasible=True travel=540 bad_cust=[] bad_pair=0 [] t=61.7
lns 18 early(K=20): energy=2581799 obj=538 feasible=True travel=538 bad_cust=[] bad_pair=0 [] t=70.4
lns: 18 回解き直し、改善 6 回、再出発 0 回

----------result(300.0 sec)----------
energy          = 538
objective       = 538
total_wait      = 84
violated cons   = 0
TTS         = 70.442 sec (最良解を見つけた時刻)
tour        = [0, 33, 30, 28, 5, 44, 19, 18, 8, 21, 14, 27, 25, 6, 39, 31, 55, 3, 24, 48, 54, 45, 15, 42, 10, 23, 56, 22, 52, 29, 53, 46, 34, 12, 41, 2, 40, 43, 7, 13, 9, 49, 59, 36, 32, 51, 35, 1, 37, 11, 26, 50, 16, 58, 20, 38, 47, 17, 57, 60, 4, 0]
visited     = 60/60
travel time = 538
return      = 622 (limit 735, 最早開始)
tw violations = 0
feasible    = True
model times = ok (ソルバの時刻: 到着前の開始 0 / 時間枠外 0 / 帰着 622)
var_count   = 6040
term_count  = 1143022
build       = 1.492 sec (式の構築 + simplify)
