QUBO++ Ver. 2026.09.30
Floating License for Hiroshima Univ. CS/IS Lab Member Only
Expires at: 2027/03/31 23:59:59
Variable Limit: Unlimited/Unlimited (CPU/GPU)
  (Unlimited: capped only by the implementation — up to 2^30 - 1 variables of each kind, binary and integer)
instance    = n60w20.002  N=61 (顧客 60)  L[0]=673  時間枠の平均幅 19.9
N=61  o vars = 901  (待機 134 / サービス 767)  prune=True  prec=True (1737 組)  arcgap=True
conflict terms = 13290  (197 対)  うち 3 次の補正 0
colocated terms = 0
penalty: RET=674 CUST=245 CONF=123 CONT=123
build       = 1.034 sec
round 0: energy=605 obj=605 feasible=True travel=605 bad_cust=[] bad_pair=0 [] t=3.5

----------result(300.0 sec)----------
energy          = 605
objective       = 605
total_wait      = 51
violated cons   = 0
TTS         = 3.486 sec (最良解を見つけた時刻)
tour        = [0, 54, 26, 36, 15, 59, 2, 38, 50, 27, 32, 25, 56, 39, 31, 24, 46, 29, 7, 20, 57, 17, 55, 28, 22, 34, 11, 4, 9, 10, 51, 5, 45, 33, 41, 30, 42, 8, 58, 53, 13, 43, 1, 44, 48, 14, 49, 21, 12, 40, 23, 47, 19, 35, 18, 16, 3, 6, 37, 60, 52, 0]
visited     = 60/60
travel time = 605
return      = 656 (limit 673, 最早開始)
tw violations = 0
feasible    = True
model times = ok (ソルバの時刻: 到着前の開始 0 / 時間枠外 0 / 帰着 656)
var_count   = 901
term_count  = 13094
build       = 1.034 sec (式の構築 + simplify)
