QUBO++ Ver. 2026.09.30
Floating License for Hiroshima Univ. CS/IS Lab Member Only
Expires at: 2027/03/31 23:59:59
Variable Limit: Unlimited/Unlimited (CPU/GPU)
  (Unlimited: capped only by the implementation — up to 2^30 - 1 variables of each kind, binary and integer)
instance    = n80w40.002  N=81 (顧客 80)  L[0]=717  時間枠の平均幅 40.0
N=81  o vars = 3149  (待機 543 / サービス 2606)  prune=True  prec=True (2922 組)  arcgap=True
conflict terms = 219864  (617 対)  うち 3 次の補正 0
colocated terms = 2
penalty: RET=718 CUST=237 CONF=119 CONT=119
build       = 1.090 sec
round 0: energy=727 obj=608 feasible=True travel=618 bad_cust=[] bad_pair=1 [(38, 76)] t=20.2

----------result(300.0 sec)----------
energy          = 727
objective       = 608
total_wait      = 93
violated cons   = 1
TTS         = 20.171 sec (最良解を見つけた時刻)
tour        = [0, 41, 49, 74, 52, 78, 66, 43, 19, 36, 64, 26, 65, 3, 20, 12, 23, 71, 63, 17, 9, 61, 27, 25, 32, 72, 24, 44, 79, 10, 62, 35, 53, 14, 47, 45, 11, 5, 75, 50, 31, 48, 4, 8, 51, 30, 18, 55, 22, 7, 59, 42, 60, 56, 69, 21, 29, 33, 6, 58, 73, 70, 34, 54, 76, 38, 37, 15, 2, 57, 28, 40, 16, 68, 77, 39, 46, 1, 13, 80, 67, 0]
visited     = 80/80
travel time = 618
return      = 701 (limit 717, 最早開始)
tw violations = 0
feasible    = True
model times = INCONSISTENT (ソルバの時刻: 到着前の開始 1 / 時間枠外 0 / 帰着 701)
var_count   = 3149
term_count  = 213227
build       = 1.090 sec (式の構築 + simplify)
