QUBO++ Ver. 2026.09.01 (Latest: 2026.09.08 - update available)
Floating License for Hiroshima Univ. CS/IS Lab Member Only
Expires at: 2027/03/31 23:59:59
Variable Limit: Unlimited/Unlimited (CPU/GPU)
  (Unlimited: capped only by the implementation — up to 2^30 - 1 variables of each kind, binary and integer)
instance    = n60w100.001  N=61 (顧客 60)  L[0]=586  時間枠の平均幅 93.7
N=61  x vars = 5555  b vars = 1811  total = 7366
conflict terms = 2553485
penalty: RET=587 CUST=241 CONF=121 CONT=121
build       = 1.732 sec (式の構築 + simplify)
solve now...(300.0 sec)

----------result(300.0 sec)----------
energy          = 617
objective       = 496
makespan        = 496
total_wait      = 84
once_constraint = 0
conflict_constr = 1
contiguity      = 0
violated cons   = 1
  return= 580 (RET var = 580)
tour        = [0, 17, 6, 50, 43, 57, 1, 19, 51, 36, 47, 29, 38, 46, 26, 5, 18, 20, 30, 56, 39, 12, 37, 58, 45, 34, 15, 44, 23, 40, 48, 54, 28, 41, 8, 16, 7, 31, 24, 42, 22, 13, 52, 2, 32, 14, 55, 33, 25, 10, 59, 4, 35, 27, 11, 9, 21, 60, 53, 3, 49, 0]
visited     = 60/60
travel time = 536
return      = 580 (limit 586)
tw violations = 0
feasible    = True
var_count   = 7366
term_count  = 2504029
      (travel time は objective と一致すべき。ただし全ペア制約は
       三角不等式に依存しており、Dumas ではこれが破れているため
       135 件中 15 件で objective が真の travel より +1〜+3 大きい。
       conflict_terms() の docstring を参照)
