QUBO++ Ver. 2026.09.30
Floating License for Hiroshima Univ. CS/IS Lab Member Only
Expires at: 2027/03/31 23:59:59
Variable Limit: Unlimited/Unlimited (CPU/GPU)
  (Unlimited: capped only by the implementation — up to 2^30 - 1 variables of each kind, binary and integer)
instance    = n200w20.001  N=201 (顧客 200)  L[0]=1154  時間枠の平均幅 20.1
N=201  o vars = 5660
conflict terms = 273587 禁止組 / 292700 向き付き組 (逆順組 37615)
scheme=uniform scale=1.0 P_CUST=241 rounds=10 grow=2.0 cap=4.0 rev=1.0 forced=1.0
  制約B 係数: 最小 121 平均 129.5 最大 242
build       = 2.952 sec
round 1/10: energy=1257 objective=1015 conflict=2 once=0 contig=0 tts=28.698
  制約B 係数: 最小 121 平均 129.8 最大 484
round 2/10: energy=1151 objective=1030 conflict=1 once=0 contig=0 tts=58.602
  制約B 係数: 最小 121 平均 130.2 最大 484
round 3/10: energy=1161 objective=1040 conflict=1 once=0 contig=0 tts=86.812
  制約B 係数: 最小 121 平均 130.7 最大 484
round 4/10: energy=1244 objective=1003 conflict=0 once=1 contig=0 tts=120.078
  制約B 係数: 最小 121 平均 130.7 最大 484
round 5/10: energy=1265 objective=1024 conflict=0 once=1 contig=0 tts=145.790
  制約B 係数: 最小 121 平均 130.7 最大 484
round 6/10: energy=1256 objective=1015 conflict=0 once=1 contig=0 tts=175.368
  制約B 係数: 最小 121 平均 130.7 最大 484
round 7/10: energy=1155 objective=1034 conflict=1 once=0 contig=0 tts=209.268
  制約B 係数: 最小 121 平均 131.0 最大 484
round 8/10: energy=1487 objective=1004 conflict=1 once=1 contig=0 tts=234.384
  制約B 係数: 最小 121 平均 131.3 最大 968
round 9/10: energy=1262 objective=1020 conflict=1 once=0 contig=0 tts=269.266
  制約B 係数: 最小 121 平均 132.1 最大 968
round 10/10: energy=1151 objective=1030 conflict=1 once=0 contig=0 tts=299.198
TTS         = 120.078 sec (最良解を見つけた時刻, 全ラウンド通算)

----------result(300.0 sec)----------
energy          = 1244
objective       = 1003
once_constraint = 1
conflict_constr = 0
colocated       = 0
contiguity      = 0
violated cons   = 1
node 98: 0 visits VIOLATION!
tour        = [0, 106, 60, 24, 34, 25, 23, 173, 134, 135, 84, 74, 96, 37, 109, 127, 49, 15, 116, 184, 129, 197, 1, 114, 20, 138, 76, 112, 143, 107, 130, 183, 136, 59, 50, 55, 46, 53, 97, 104, 89, 41, 8, 9, 172, 51, 43, 18, 73, 56, 193, 2, 128, 113, 95, 86, 186, 105, 156, 171, 64, 58, 27, 108, 61, 29, 87, 22, 119, 99, 117, 182, 52, 158, 36, 166, 196, 123, 67, 47, 11, 6, 78, 159, 30, 126, 81, 147, 31, 195, 168, 38, 75, 177, 148, 63, 174, 122, 102, 199, 33, 66, 190, 32, 118, 16, 188, 68, 139, 179, 111, 90, 180, 77, 48, 167, 13, 194, 100, 132, 7, 69, 94, 110, 93, 181, 72, 10, 146, 71, 157, 140, 83, 3, 121, 79, 162, 176, 82, 80, 137, 150, 120, 101, 17, 65, 152, 103, 88, 142, 164, 125, 45, 151, 198, 54, 19, 12, 26, 161, 153, 192, 169, 175, 57, 91, 165, 70, 4, 131, 163, 14, 154, 39, 85, 187, 178, 21, 115, 40, 145, 42, 149, 144, 189, 35, 44, 62, 170, 141, 92, 191, 124, 133, 185, 160, 155, 5, 200, 28, 0]
visited     = 199/200
travel time = 1001
return      = 1139 (limit 1154, 最早開始)
tw violations = 0
feasible    = False
model times = ok (ソルバの時刻: 到着前の開始 0 / 時間枠外 0 / 帰着 1139)
var_count   = 5660
term_count  = 280769
