QUBO++ Ver. 2026.09.30
Floating License for Hiroshima Univ. CS/IS Lab Member Only
Expires at: 2027/03/31 23:59:59
Variable Limit: Unlimited/Unlimited (CPU/GPU)
  (Unlimited: capped only by the implementation — up to 2^30 - 1 variables of each kind, binary and integer)
instance    = n60w100.001  N=61 (顧客 60)  L[0]=586  時間枠の平均幅 93.7
N=61  o vars = 7366
conflict terms = 2494852 禁止組 / 2553485 向き付き組 (逆順組 275414)
scheme=uniform scale=1.0 P_CUST=241 rounds=10 grow=2.0 cap=4.0 rev=1.0 forced=1.0
  制約B 係数: 最小 121 平均 123.8 最大 242
build       = 7.224 sec
round 1/10: energy=655 objective=534 conflict=1 once=0 contig=0 tts=16.143
  制約B 係数: 最小 121 平均 124.2 最大 484
round 2/10: energy=871 objective=509 conflict=1 once=1 contig=0 tts=57.579
  制約B 係数: 最小 121 平均 124.1 最大 484
round 3/10: energy=702 objective=533 conflict=1 once=0 contig=0 tts=89.467
  制約B 係数: 最小 121 平均 124.6 最大 678
round 4/10: energy=915 objective=505 conflict=1 once=1 contig=0 tts=115.273
  制約B 係数: 最小 121 平均 124.5 最大 678
round 5/10: energy=578 objective=578 conflict=0 once=0 contig=0 tts=137.214
  制約B 係数: 最小 121 平均 124.1 最大 474
round 6/10: energy=550 objective=550 conflict=0 once=0 contig=0 tts=180.915
  制約B 係数: 最小 121 平均 123.9 最大 332
round 7/10: energy=799 objective=512 conflict=2 once=0 contig=0 tts=207.675
  制約B 係数: 最小 121 平均 124.5 最大 664
round 8/10: energy=660 objective=539 conflict=1 once=0 contig=0 tts=239.213
  制約B 係数: 最小 121 平均 124.3 最大 484
round 9/10: energy=556 objective=556 conflict=0 once=0 contig=0 tts=267.687
  制約B 係数: 最小 121 平均 124.0 最大 339
round 10/10: energy=652 objective=531 conflict=1 once=0 contig=0 tts=294.274
TTS         = 180.915 sec (最良解を見つけた時刻, 全ラウンド通算)

----------result(300.0 sec)----------
energy          = 550
objective       = 550
once_constraint = 0
conflict_constr = 0
colocated       = 0
contiguity      = 0
violated cons   = 0
tour        = [0, 6, 50, 43, 57, 17, 1, 19, 51, 36, 47, 29, 38, 26, 5, 18, 20, 30, 56, 39, 12, 37, 58, 46, 45, 34, 15, 44, 23, 40, 48, 54, 28, 41, 8, 16, 31, 7, 24, 22, 13, 42, 52, 2, 32, 14, 55, 33, 25, 35, 4, 59, 10, 27, 21, 11, 3, 9, 60, 53, 49, 0]
visited     = 60/60
travel time = 532
return      = 576 (limit 586, 最早開始)
tw violations = 0
feasible    = True
model times = ok (ソルバの時刻: 到着前の開始 0 / 時間枠外 0 / 帰着 576)
var_count   = 7366
term_count  = 2504029
