QUBO++ Ver. 2026.09.30
Floating License for Hiroshima Univ. CS/IS Lab Member Only
Expires at: 2027/03/31 23:59:59
Variable Limit: Unlimited/Unlimited (CPU/GPU)
  (Unlimited: capped only by the implementation — up to 2^30 - 1 variables of each kind, binary and integer)
instance    = n60w100.001  N=61 (顧客 60)  L[0]=586  時間枠の平均幅 93.7
N=61  o vars = 7366
conflict terms = 2494852 禁止組 / 2553485 向き付き組 (逆順組 275414)
scheme=uniform scale=1.0 P_CUST=241 rounds=10 grow=2.0 cap=4.0 rev=1.0 forced=1.0
  制約B 係数: 最小 121 平均 123.8 最大 242
build       = 7.097 sec
round 1/10: energy=642 objective=521 conflict=1 once=0 contig=0 tts=25.648
  制約B 係数: 最小 121 平均 124.2 最大 484
round 2/10: energy=867 objective=505 conflict=1 once=1 contig=0 tts=48.209
  制約B 係数: 最小 121 平均 124.4 最大 484
round 3/10: energy=758 objective=517 conflict=0 once=1 contig=0 tts=88.106
  制約B 係数: 最小 121 平均 124.4 最大 484
round 4/10: energy=901 objective=539 conflict=1 once=1 contig=0 tts=114.280
  制約B 係数: 最小 121 平均 124.5 最大 484
round 5/10: energy=694 objective=573 conflict=1 once=0 contig=0 tts=149.980
  制約B 係数: 最小 121 平均 124.8 最大 484
round 6/10: energy=548 objective=548 conflict=0 once=0 contig=0 tts=174.618
  制約B 係数: 最小 121 平均 124.8 最大 484
round 7/10: energy=775 objective=533 conflict=1 once=0 contig=0 tts=210.704
  制約B 係数: 最小 121 平均 125.6 最大 968
round 8/10: energy=559 objective=559 conflict=0 once=0 contig=0 tts=241.452
  制約B 係数: 最小 121 平均 125.6 最大 968
round 9/10: energy=578 objective=578 conflict=0 once=0 contig=0 tts=270.792
  制約B 係数: 最小 121 平均 125.6 最大 968
round 10/10: energy=785 objective=543 conflict=2 once=0 contig=0 tts=297.404
TTS         = 174.618 sec (最良解を見つけた時刻, 全ラウンド通算)

----------result(300.0 sec)----------
energy          = 548
objective       = 548
once_constraint = 0
conflict_constr = 0
colocated       = 0
contiguity      = 0
violated cons   = 0
tour        = [0, 6, 50, 43, 57, 17, 1, 19, 51, 36, 47, 29, 38, 46, 26, 5, 20, 18, 30, 56, 39, 12, 37, 58, 45, 34, 15, 44, 23, 40, 48, 54, 28, 41, 31, 16, 8, 7, 24, 42, 22, 13, 52, 2, 32, 14, 55, 33, 25, 27, 10, 59, 4, 35, 21, 11, 3, 9, 60, 53, 49, 0]
visited     = 60/60
travel time = 523
return      = 576 (limit 586, 最早開始)
tw violations = 0
feasible    = True
model times = ok (ソルバの時刻: 到着前の開始 0 / 時間枠外 0 / 帰着 577)
var_count   = 7366
term_count  = 2504029
