QUBO++ Ver. 2026.09.25
Floating License for Hiroshima Univ. CS/IS Lab Member Only
Expires at: 2027/03/31 23:59:59
Variable Limit: Unlimited/Unlimited (CPU/GPU)
  (Unlimited: capped only by the implementation — up to 2^30 - 1 variables of each kind, binary and integer)
instance    = n100w20.001  N=101 (顧客 100)  L[0]=835  時間枠の平均幅 19.7
HINT: この定式化はモデルが重いので 60 秒以上を推奨 (いまは 30.0 秒)
N=101  o vars = 2706  (待機 695 / サービス 2011)
conflict terms = 89176
penalty: RET=836 CUST=249 CONF=125 CONT=125
build       = 2.841 sec (式の構築 + simplify)
solve now...(30.0 sec)
TTS         = 10.446 sec (最良解を見つけた時刻)

----------result(30.0 sec)----------
energy          = 738
objective       = 738
makespan        = 827
total_wait      = 89
once_constraint = 0
conflict_constr = 0
contiguity      = 0
violated cons   = 0
  return= 827 (RET var = 827)
tour        = [0, 88, 30, 68, 1, 49, 11, 57, 65, 9, 42, 28, 72, 20, 79, 4, 50, 95, 24, 22, 6, 60, 62, 86, 94, 53, 61, 56, 64, 10, 32, 8, 12, 70, 5, 29, 87, 34, 93, 76, 85, 92, 98, 78, 77, 3, 43, 2, 75, 74, 44, 41, 13, 27, 16, 59, 91, 55, 23, 19, 66, 47, 35, 40, 38, 18, 33, 96, 73, 31, 15, 7, 46, 83, 52, 48, 58, 84, 39, 97, 99, 90, 67, 89, 37, 82, 63, 81, 17, 71, 54, 14, 80, 45, 25, 26, 51, 21, 100, 36, 69, 0]
visited     = 100/100
travel time = 739
return      = 827 (limit 835)
tw violations = 0
feasible    = True
var_count   = 2706
term_count  = 87700
      (travel time は objective と一致すべき。ただし全ペア制約は
       三角不等式に依存しており、Dumas ではこれが破れているため
       135 件中 15 件で objective が真の travel より +1〜+3 大きい。
       conflict_terms() の docstring を参照)
