QUBO++ Ver. 2026.09.25
Floating License for Hiroshima Univ. CS/IS Lab Member Only
Expires at: 2027/03/31 23:59:59
Variable Limit: Unlimited/Unlimited (CPU/GPU)
  (Unlimited: capped only by the implementation — up to 2^30 - 1 variables of each kind, binary and integer)
instance    = n20w20.001  N=21 (顧客 20)  L[0]=408  時間枠の平均幅 16.8
HINT: この定式化はモデルが重いので 60 秒以上を推奨 (いまは 30.0 秒)
N=21  o vars = 338  (待機 39 / サービス 299)
conflict terms = 3747
penalty: RET=409 CUST=229 CONF=115 CONT=115
build       = 1.078 sec (式の構築 + simplify)
solve now...(30.0 sec)
TTS         = 0.104 sec (最良解を見つけた時刻)

----------result(30.0 sec)----------
energy          = 378
objective       = 378
makespan        = 387
total_wait      = 9
once_constraint = 0
conflict_constr = 0
contiguity      = 0
violated cons   = 0
  return= 387 (RET var = 387)
tour        = [0, 16, 9, 19, 17, 18, 10, 5, 15, 1, 11, 12, 6, 13, 7, 2, 4, 8, 20, 3, 14, 0]
visited     = 20/20
travel time = 378
return      = 387 (limit 408)
tw violations = 0
feasible    = True
var_count   = 338
term_count  = 4010
      (travel time は objective と一致すべき。ただし全ペア制約は
       三角不等式に依存しており、Dumas ではこれが破れているため
       135 件中 15 件で objective が真の travel より +1〜+3 大きい。
       conflict_terms() の docstring を参照)
