QUBO++ Ver. 2026.09.25
Floating License for Hiroshima Univ. CS/IS Lab Member Only
Expires at: 2027/03/31 23:59:59
Variable Limit: Unlimited/Unlimited (CPU/GPU)
  (Unlimited: capped only by the implementation — up to 2^30 - 1 variables of each kind, binary and integer)
instance    = n60w100.001  N=61 (顧客 60)  L[0]=586  時間枠の平均幅 93.7
HINT: この定式化はモデルが重いので 60 秒以上を推奨 (いまは 30.0 秒)
N=61  x vars = 5595  (order-based なら 3600)
conflict terms = 1274267
penalty: ONCE=587 CONF=587
build       = 2.085 sec (式の構築 + simplify)
solve now...(30.0 sec)
TTS         = 17.457 sec (最良解を見つけた時刻)

----------result(30.0 sec)----------
energy          = 577
objective       = 577
once_constraint = 0
conflict_constr = 0
violated cons   = 0
  return= 577 (RET var = 577)
tour        = [0, 6, 43, 50, 57, 17, 1, 36, 51, 19, 47, 29, 38, 26, 5, 12, 39, 56, 18, 20, 30, 37, 58, 46, 45, 34, 15, 44, 23, 40, 48, 28, 54, 41, 8, 16, 7, 31, 24, 42, 22, 13, 2, 32, 52, 55, 14, 33, 25, 27, 10, 59, 4, 35, 21, 11, 3, 9, 60, 53, 49, 0]
visited     = 60/60
travel time = 538
return      = 577 (limit 586)
tw violations = 0
feasible    = True
var_count   = 5595
term_count  = 1247481
