QUBO++ Ver. 2026.09.25
Floating License for Hiroshima Univ. CS/IS Lab Member Only
Expires at: 2027/03/31 23:59:59
Variable Limit: Unlimited/Unlimited (CPU/GPU)
  (Unlimited: capped only by the implementation — up to 2^30 - 1 variables of each kind, binary and integer)
instance    = n60w60.001  N=61 (顧客 60)  L[0]=748  時間枠の平均幅 54.4
HINT: この定式化はモデルが重いので 60 秒以上を推奨 (いまは 30.0 秒)
N=61  x vars = 3226  (order-based なら 3600)
conflict terms = 272197
penalty: ONCE=749 CONF=749
build       = 1.288 sec (式の構築 + simplify)
solve now...(30.0 sec)
TTS         = 1.709 sec (最良解を見つけた時刻)

----------result(30.0 sec)----------
energy          = 722
objective       = 722
once_constraint = 0
conflict_constr = 0
violated cons   = 0
  return= 722 (RET var = 722)
tour        = [0, 49, 26, 39, 8, 16, 7, 34, 46, 19, 52, 2, 20, 25, 33, 29, 12, 14, 53, 56, 38, 27, 45, 37, 30, 28, 47, 42, 1, 40, 32, 18, 22, 35, 11, 4, 17, 51, 21, 48, 44, 9, 31, 24, 5, 43, 54, 36, 58, 50, 15, 3, 10, 41, 59, 57, 55, 23, 60, 13, 6, 0]
visited     = 60/60
travel time = 632
return      = 722 (limit 748)
tw violations = 0
feasible    = True
var_count   = 3226
term_count  = 266016
