QUBO++ Ver. 2026.09.25
Floating License for Hiroshima Univ. CS/IS Lab Member Only
Expires at: 2027/03/31 23:59:59
Variable Limit: Unlimited/Unlimited (CPU/GPU)
  (Unlimited: capped only by the implementation — up to 2^30 - 1 variables of each kind, binary and integer)
instance    = n40w20.001  N=41 (顧客 40)  L[0]=547  時間枠の平均幅 20.8
HINT: この定式化はモデルが重いので 60 秒以上を推奨 (いまは 30.0 秒)
N=41  o vars = 1120  (待機 271 / サービス 849)
conflict terms = 31225
penalty: RET=548 CUST=241 CONF=121 CONT=121
build       = 2.301 sec (式の構築 + simplify)
solve now...(30.0 sec)
TTS         = 4.271 sec (最良解を見つけた時刻)

----------result(30.0 sec)----------
energy          = 500
objective       = 500
makespan        = 526
total_wait      = 26
once_constraint = 0
conflict_constr = 0
contiguity      = 0
violated cons   = 0
  return= 526 (RET var = 526)
tour        = [0, 7, 13, 16, 37, 6, 15, 12, 39, 2, 35, 25, 4, 23, 32, 3, 38, 8, 1, 18, 33, 14, 5, 36, 10, 31, 22, 21, 26, 11, 29, 9, 19, 27, 34, 28, 24, 20, 17, 40, 30, 0]
visited     = 40/40
travel time = 500
return      = 526 (limit 547)
tw violations = 0
feasible    = True
var_count   = 1120
term_count  = 31450
      (travel time は objective と一致すべき。ただし全ペア制約は
       三角不等式に依存しており、Dumas ではこれが破れているため
       135 件中 15 件で objective が真の travel より +1〜+3 大きい。
       conflict_terms() の docstring を参照)
