QUBO++ Ver. 2026.09.30
Floating License for Hiroshima Univ. CS/IS Lab Member Only
Expires at: 2027/03/31 23:59:59
Variable Limit: Unlimited/Unlimited (CPU/GPU)
  (Unlimited: capped only by the implementation — up to 2^30 - 1 variables of each kind, binary and integer)
instance    = n100w40.001  N=101 (顧客 100)  L[0]=862  時間枠の平均幅 36.3
N=101  o vars = 3239  (待機 482 / サービス 2757)  prune=True  prec=True (4675 組)  arcgap=True
conflict terms = 175810  (820 対)  うち 3 次の補正 0
colocated terms = 0
penalty: RET=863 CUST=249 CONF=125 CONT=125
build       = 1.084 sec
round 0: energy=778 obj=778 feasible=True travel=777 bad_cust=[] bad_pair=0 [] t=20.2
lns 1 early(K=20): energy=2076141 obj=778 feasible=True travel=777 bad_cust=[] bad_pair=0 [] t=21.3
lns 7 early(K=20): energy=2076140 obj=778 feasible=True travel=777 bad_cust=[] bad_pair=0 [] t=27.6
lns 10 early(K=20): energy=2076133 obj=778 feasible=True travel=776 bad_cust=[] bad_pair=0 [] t=30.8
lns 13 early(K=20): energy=2076121 obj=778 feasible=True travel=776 bad_cust=[] bad_pair=0 [] t=34.0
lns 16 early(K=20): energy=2073474 obj=777 feasible=True travel=777 bad_cust=[] bad_pair=0 [] t=37.2
lns 19 early(K=20): energy=2070841 obj=776 feasible=True travel=776 bad_cust=[] bad_pair=0 [] t=40.3
lns 22 early(K=20): energy=2070837 obj=776 feasible=True travel=776 bad_cust=[] bad_pair=0 [] t=43.5
lns 26 early(K=20): energy=2070835 obj=776 feasible=True travel=776 bad_cust=[] bad_pair=0 [] t=47.8
lns 29 early(K=20): energy=2055062 obj=770 feasible=True travel=770 bad_cust=[] bad_pair=0 [] t=51.0
lns: 29 回解き直し、改善 9 回、再出発 0 回

----------result(300.0 sec)----------
energy          = 770
objective       = 770
total_wait      = 71
violated cons   = 0
TTS         = 50.952 sec (最良解を見つけた時刻)
tour        = [0, 16, 99, 28, 39, 2, 44, 19, 69, 66, 32, 37, 30, 76, 46, 47, 57, 7, 86, 53, 21, 62, 88, 58, 33, 40, 61, 5, 78, 17, 3, 83, 26, 4, 81, 45, 41, 23, 64, 54, 12, 94, 84, 27, 85, 18, 11, 60, 89, 13, 75, 56, 35, 14, 1, 80, 22, 93, 91, 59, 71, 48, 51, 90, 55, 74, 20, 6, 98, 70, 29, 63, 92, 79, 65, 9, 97, 25, 42, 34, 72, 87, 10, 82, 8, 31, 77, 36, 52, 15, 67, 50, 38, 95, 68, 73, 24, 43, 100, 96, 49, 0]
visited     = 100/100
travel time = 770
return      = 841 (limit 862, 最早開始)
tw violations = 0
feasible    = True
model times = ok (ソルバの時刻: 到着前の開始 0 / 時間枠外 0 / 帰着 841)
var_count   = 3239
term_count  = 169719
build       = 1.084 sec (式の構築 + simplify)
