QUBO++ Ver. 2026.09.30
Floating License for Hiroshima Univ. CS/IS Lab Member Only
Expires at: 2027/03/31 23:59:59
Variable Limit: Unlimited/Unlimited (CPU/GPU)
  (Unlimited: capped only by the implementation — up to 2^30 - 1 variables of each kind, binary and integer)
instance    = n100w60.001  N=101 (顧客 100)  L[0]=862  時間枠の平均幅 59.8
N=101  o vars = 6848  (待機 1212 / サービス 5636)  prune=True  prec=True (4286 組)  arcgap=True
conflict terms = 984326  (1413 対)  うち 3 次の補正 0
colocated terms = 0
penalty: RET=863 CUST=233 CONF=117 CONT=117
build       = 1.452 sec
round 0: energy=719 obj=719 feasible=True travel=689 bad_cust=[] bad_pair=0 [] t=20.3
lns 1 early(K=20): energy=3947648 obj=714 feasible=True travel=684 bad_cust=[] bad_pair=0 [] t=21.6
lns 3 early(K=20): energy=3892610 obj=704 feasible=True travel=675 bad_cust=[] bad_pair=0 [] t=24.1
lns 6 early(K=20): energy=3887192 obj=703 feasible=True travel=675 bad_cust=[] bad_pair=0 [] t=28.0
lns 7 early(K=20): energy=3881704 obj=702 feasible=True travel=674 bad_cust=[] bad_pair=0 [] t=29.5
lns 11 early(K=20): energy=3881676 obj=702 feasible=True travel=679 bad_cust=[] bad_pair=0 [] t=34.7
lns 14 early(K=20): energy=3881586 obj=702 feasible=True travel=670 bad_cust=[] bad_pair=0 [] t=39.1
lns 15 early(K=20): energy=3876159 obj=701 feasible=True travel=682 bad_cust=[] bad_pair=0 [] t=40.2
lns 19 early(K=20): energy=3876153 obj=701 feasible=True travel=682 bad_cust=[] bad_pair=0 [] t=46.4
lns 22 early(K=20): energy=3870663 obj=700 feasible=True travel=682 bad_cust=[] bad_pair=0 [] t=51.5
lns 25 early(K=20): energy=3870641 obj=700 feasible=True travel=684 bad_cust=[] bad_pair=0 [] t=56.5
lns 28 early(K=20): energy=3837608 obj=694 feasible=True travel=676 bad_cust=[] bad_pair=0 [] t=60.7
lns 31 early(K=20): energy=3760747 obj=680 feasible=True travel=676 bad_cust=[] bad_pair=0 [] t=64.5
lns 33 early(K=20): energy=3760729 obj=680 feasible=True travel=676 bad_cust=[] bad_pair=0 [] t=66.8
lns 36 early(K=20): energy=3760719 obj=680 feasible=True travel=676 bad_cust=[] bad_pair=0 [] t=70.3
lns 39 early(K=20): energy=3744242 obj=677 feasible=True travel=676 bad_cust=[] bad_pair=0 [] t=74.4
lns 42 early(K=20): energy=3744226 obj=677 feasible=True travel=676 bad_cust=[] bad_pair=0 [] t=79.1
lns 45 early(K=20): energy=3700275 obj=669 feasible=True travel=668 bad_cust=[] bad_pair=0 [] t=83.9
lns 47 early(K=20): energy=3694775 obj=668 feasible=True travel=667 bad_cust=[] bad_pair=0 [] t=86.8
lns 50 early(K=20): energy=3689284 obj=667 feasible=True travel=667 bad_cust=[] bad_pair=0 [] t=90.9
lns 60 early(K=20): energy=3678168 obj=665 feasible=True travel=663 bad_cust=[] bad_pair=0 [] t=104.3
lns 63 early(K=20): energy=3623264 obj=655 feasible=True travel=655 bad_cust=[] bad_pair=0 [] t=109.5
lns: 63 回解き直し、改善 21 回、再出発 0 回

----------result(300.0 sec)----------
energy          = 655
objective       = 655
total_wait      = 169
violated cons   = 0
TTS         = 109.505 sec (最良解を見つけた時刻)
tour        = [0, 37, 24, 44, 42, 2, 51, 19, 6, 17, 85, 8, 45, 83, 81, 14, 36, 73, 28, 78, 90, 32, 49, 29, 75, 80, 9, 33, 58, 60, 79, 98, 61, 87, 21, 74, 39, 68, 10, 15, 77, 11, 95, 96, 27, 26, 43, 13, 54, 50, 52, 12, 35, 34, 46, 76, 18, 3, 1, 97, 82, 67, 59, 62, 65, 40, 48, 72, 7, 23, 88, 56, 84, 86, 25, 92, 64, 47, 53, 31, 4, 38, 70, 93, 41, 71, 16, 30, 5, 22, 63, 66, 55, 20, 91, 94, 57, 89, 69, 99, 100, 0]
visited     = 100/100
travel time = 655
return      = 824 (limit 862, 最早開始)
tw violations = 0
feasible    = True
model times = ok (ソルバの時刻: 到着前の開始 0 / 時間枠外 0 / 帰着 824)
var_count   = 6848
term_count  = 953954
build       = 1.452 sec (式の構築 + simplify)
