QUBO++ Ver. 2026.09.30
Floating License for Hiroshima Univ. CS/IS Lab Member Only
Expires at: 2027/03/31 23:59:59
Variable Limit: Unlimited/Unlimited (CPU/GPU)
  (Unlimited: capped only by the implementation — up to 2^30 - 1 variables of each kind, binary and integer)
instance    = n150w40.001  N=151 (顧客 150)  L[0]=1100  時間枠の平均幅 39.2
N=151  o vars = 5400  (待機 637 / サービス 4763)  prune=True  prec=True (10496 組)  arcgap=True
conflict terms = 401946  (1616 対)  うち 3 次の補正 0
colocated terms = 33
penalty: RET=1101 CUST=253 CONF=127 CONT=127
build       = 1.368 sec
round 0: energy=931 obj=931 feasible=True travel=928 bad_cust=[] bad_pair=0 [] t=20.2
lns 1 early(K=20): energy=4303627 obj=931 feasible=True travel=928 bad_cust=[] bad_pair=0 [] t=21.3
lns 4 early(K=20): energy=4303621 obj=931 feasible=True travel=928 bad_cust=[] bad_pair=0 [] t=24.6
lns 7 early(K=20): energy=4299046 obj=930 feasible=True travel=928 bad_cust=[] bad_pair=0 [] t=27.9
lns 11 early(K=20): energy=4285360 obj=927 feasible=True travel=925 bad_cust=[] bad_pair=0 [] t=32.3
lns 15 early(K=20): energy=4285354 obj=927 feasible=True travel=925 bad_cust=[] bad_pair=0 [] t=36.6
lns 18 early(K=20): energy=4271709 obj=924 feasible=True travel=922 bad_cust=[] bad_pair=0 [] t=39.9
lns 24 early(K=20): energy=4271706 obj=924 feasible=True travel=921 bad_cust=[] bad_pair=0 [] t=46.5
lns 27 early(K=20): energy=4267135 obj=923 feasible=True travel=921 bad_cust=[] bad_pair=0 [] t=49.8
lns 31 early(K=20): energy=4267130 obj=923 feasible=True travel=921 bad_cust=[] bad_pair=0 [] t=54.1
lns 34 early(K=20): energy=4262510 obj=922 feasible=True travel=921 bad_cust=[] bad_pair=0 [] t=57.4
lns 37 early(K=20): energy=4248802 obj=919 feasible=True travel=919 bad_cust=[] bad_pair=0 [] t=60.7
lns 39 early(K=20): energy=4244246 obj=918 feasible=True travel=918 bad_cust=[] bad_pair=0 [] t=62.9
lns: 39 回解き直し、改善 12 回、再出発 0 回

----------result(300.0 sec)----------
energy          = 918
objective       = 918
total_wait      = 140
violated cons   = 0
TTS         = 62.899 sec (最良解を見つけた時刻)
tour        = [0, 40, 30, 109, 142, 102, 80, 72, 19, 112, 12, 147, 124, 117, 8, 138, 105, 116, 48, 28, 46, 86, 61, 103, 133, 15, 20, 41, 149, 113, 55, 35, 118, 120, 23, 36, 63, 1, 2, 13, 50, 21, 27, 82, 57, 71, 96, 25, 77, 38, 93, 32, 9, 140, 108, 104, 37, 106, 64, 66, 144, 5, 33, 111, 137, 49, 87, 29, 73, 92, 54, 16, 145, 22, 91, 146, 60, 10, 69, 34, 45, 131, 119, 6, 68, 134, 123, 44, 67, 81, 101, 97, 88, 65, 121, 83, 99, 17, 58, 26, 24, 79, 141, 39, 136, 100, 139, 74, 115, 84, 47, 130, 56, 62, 14, 31, 85, 148, 42, 52, 43, 76, 95, 127, 110, 114, 132, 90, 125, 7, 128, 70, 135, 18, 59, 143, 98, 126, 51, 78, 75, 129, 11, 94, 89, 3, 4, 122, 107, 150, 53, 0]
visited     = 150/150
travel time = 918
return      = 1058 (limit 1100, 最早開始)
tw violations = 0
feasible    = True
model times = ok (ソルバの時刻: 到着前の開始 0 / 時間枠外 0 / 帰着 1058)
var_count   = 5400
term_count  = 385112
build       = 1.368 sec (式の構築 + simplify)
