QUBO++ Ver. 2026.09.30
Floating License for Hiroshima Univ. CS/IS Lab Member Only
Expires at: 2027/03/31 23:59:59
Variable Limit: Unlimited/Unlimited (CPU/GPU)
  (Unlimited: capped only by the implementation — up to 2^30 - 1 variables of each kind, binary and integer)
instance    = n20w20.001  N=21 (顧客 20)  L[0]=408  時間枠の平均幅 16.8
N=21  o vars = 227  (待機 24 / サービス 203)  prune=True  prec=True (185 組)  arcgap=True
conflict terms = 1490  (38 対)  うち 3 次の補正 0
colocated terms = 0
penalty: RET=409 CUST=229 CONF=115 CONT=115
build       = 1.025 sec
round 0: energy=378 obj=378 feasible=True travel=378 bad_cust=[] bad_pair=0 [] t=0.3

----------result(300.0 sec)----------
energy          = 378
objective       = 378
total_wait      = 9
violated cons   = 0
TTS         = 0.271 sec (最良解を見つけた時刻)
tour        = [0, 16, 9, 19, 17, 18, 10, 5, 15, 1, 11, 12, 6, 13, 7, 2, 4, 8, 20, 3, 14, 0]
visited     = 20/20
travel time = 378
return      = 387 (limit 408, 最早開始)
tw violations = 0
feasible    = True
model times = ok (ソルバの時刻: 到着前の開始 0 / 時間枠外 0 / 帰着 387)
var_count   = 227
term_count  = 1519
build       = 1.025 sec (式の構築 + simplify)
