QUBO++ Ver. 2026.09.30
Floating License for Hiroshima Univ. CS/IS Lab Member Only
Expires at: 2027/03/31 23:59:59
Variable Limit: Unlimited/Unlimited (CPU/GPU)
  (Unlimited: capped only by the implementation — up to 2^30 - 1 variables of each kind, binary and integer)
instance    = n20w80.001  N=21 (顧客 20)  L[0]=441  時間枠の平均幅 71.8
N=21  o vars = 1430  (待機 234 / サービス 1196)  prune=True  prec=True (155 組)  arcgap=True
conflict terms = 103663  (94 対)  うち 3 次の補正 0
colocated terms = 0
penalty: RET=442 CUST=221 CONF=111 CONT=111
build       = 0.977 sec
round 0: energy=329 obj=329 feasible=True travel=329 bad_cust=[] bad_pair=0 [] t=1.1

----------result(300.0 sec)----------
energy          = 329
objective       = 329
total_wait      = 74
violated cons   = 0
TTS         = 1.091 sec (最良解を見つけた時刻)
tour        = [0, 19, 13, 3, 12, 18, 5, 1, 14, 11, 17, 15, 10, 7, 16, 6, 8, 4, 20, 2, 9, 0]
visited     = 20/20
travel time = 329
return      = 403 (limit 441, 最早開始)
tw violations = 0
feasible    = True
model times = ok (ソルバの時刻: 到着前の開始 0 / 時間枠外 0 / 帰着 403)
var_count   = 1430
term_count  = 102392
build       = 0.977 sec (式の構築 + simplify)
