QUBO++ Ver. 2026.09.30
Floating License for Hiroshima Univ. CS/IS Lab Member Only
Expires at: 2027/03/31 23:59:59
Variable Limit: Unlimited/Unlimited (CPU/GPU)
  (Unlimited: capped only by the implementation — up to 2^30 - 1 variables of each kind, binary and integer)
instance    = n40w60.001  N=41 (顧客 40)  L[0]=608  時間枠の平均幅 58.4
N=41  o vars = 2378  (待機 268 / サービス 2110)  prune=True  prec=True (677 組)  arcgap=True
conflict terms = 180290  (275 対)  うち 3 次の補正 0
colocated terms = 0
penalty: RET=609 CUST=237 CONF=119 CONT=119
build       = 1.050 sec
round 0: energy=605 obj=486 feasible=False travel=486 bad_cust=[] bad_pair=1 [(21, 22)] t=20.2
lns 1 early(K=20, 窓 -6): energy=1205850 obj=486 feasible=False travel=491 bad_cust=[] bad_pair=1 [(21, 25)] t=21.2
lns 3 early(K=20, 窓 -6): energy=991852 obj=497 feasible=True travel=496 bad_cust=[] bad_pair=0 [] t=23.4
lns 6 early(K=20, 窓 0): energy=991813 obj=497 feasible=True travel=496 bad_cust=[] bad_pair=0 [] t=26.6
lns 9 early(K=20, 窓 6): energy=991803 obj=497 feasible=True travel=494 bad_cust=[] bad_pair=0 [] t=29.7
lns: 9 回解き直し、改善 4 回

----------result(300.0 sec)----------
energy          = 497
objective       = 497
total_wait      = 45
violated cons   = 0
TTS         = 29.733 sec (最良解を見つけた時刻)
tour        = [0, 15, 6, 36, 16, 8, 17, 4, 7, 33, 10, 19, 32, 1, 27, 9, 22, 18, 12, 21, 25, 31, 13, 3, 23, 26, 5, 35, 30, 34, 14, 28, 29, 38, 39, 2, 20, 37, 40, 11, 24, 0]
visited     = 40/40
travel time = 494
return      = 539 (limit 608, 最早開始)
tw violations = 0
feasible    = True
model times = ok (ソルバの時刻: 到着前の開始 0 / 時間枠外 0 / 帰着 542)
var_count   = 2378
term_count  = 176588
build       = 1.050 sec (式の構築 + simplify)
