QUBO++ Ver. 2026.09.30
Floating License for Hiroshima Univ. CS/IS Lab Member Only
Expires at: 2027/03/31 23:59:59
Variable Limit: Unlimited/Unlimited (CPU/GPU)
  (Unlimited: capped only by the implementation — up to 2^30 - 1 variables of each kind, binary and integer)
instance    = n40w40.001  N=41 (顧客 40)  L[0]=540  時間枠の平均幅 37.4
N=41  o vars = 1160  (待機 102 / サービス 1058)  prune=True  prec=True (736 組)  arcgap=True
conflict terms = 33236  (153 対)  うち 3 次の補正 0
colocated terms = 0
penalty: RET=541 CUST=237 CONF=119 CONT=119
build       = 0.988 sec
round 0: energy=465 obj=465 feasible=True travel=465 bad_cust=[] bad_pair=0 [] t=4.6

----------result(300.0 sec)----------
energy          = 465
objective       = 465
total_wait      = 48
violated cons   = 0
TTS         = 4.556 sec (最良解を見つけた時刻)
tour        = [0, 10, 32, 2, 20, 19, 33, 27, 23, 34, 21, 13, 14, 31, 28, 29, 9, 30, 6, 1, 16, 17, 15, 26, 35, 24, 4, 11, 5, 22, 38, 36, 8, 3, 25, 37, 18, 7, 40, 39, 12, 0]
visited     = 40/40
travel time = 465
return      = 513 (limit 540, 最早開始)
tw violations = 0
feasible    = True
model times = ok (ソルバの時刻: 到着前の開始 0 / 時間枠外 0 / 帰着 513)
var_count   = 1160
term_count  = 32419
build       = 0.988 sec (式の構築 + simplify)
