QUBO++ Ver. 2026.09.30
Floating License for Hiroshima Univ. CS/IS Lab Member Only
Expires at: 2027/03/31 23:59:59
Variable Limit: Unlimited/Unlimited (CPU/GPU)
  (Unlimited: capped only by the implementation — up to 2^30 - 1 variables of each kind, binary and integer)
instance    = n80w60.001  N=81 (顧客 80)  L[0]=737  時間枠の平均幅 58.1
N=81  o vars = 3836  (待機 538 / サービス 3298)  prune=True  prec=True (2882 組)  arcgap=True
conflict terms = 287519  (771 対)  うち 3 次の補正 0
colocated terms = 0
penalty: RET=738 CUST=229 CONF=115 CONT=115
build       = 1.110 sec
round 0: energy=592 obj=592 feasible=True travel=587 bad_cust=[] bad_pair=0 [] t=20.2
lns 1 early(K=20): energy=1866802 obj=588 feasible=True travel=584 bad_cust=[] bad_pair=0 [] t=21.3
lns 5 early(K=20): energy=1829170 obj=576 feasible=True travel=576 bad_cust=[] bad_pair=0 [] t=25.5
lns 10 early(K=20): energy=1829116 obj=576 feasible=True travel=576 bad_cust=[] bad_pair=0 [] t=30.9
lns 14 early(K=20): energy=1829114 obj=576 feasible=True travel=575 bad_cust=[] bad_pair=0 [] t=35.2
lns 17 early(K=20): energy=1829108 obj=576 feasible=True travel=575 bad_cust=[] bad_pair=0 [] t=38.4
lns 20 early(K=20): energy=1759937 obj=554 feasible=True travel=554 bad_cust=[] bad_pair=0 [] t=41.6
lns: 20 回解き直し、改善 6 回、再出発 0 回

----------result(300.0 sec)----------
energy          = 554
objective       = 554
total_wait      = 120
violated cons   = 0
TTS         = 41.616 sec (最良解を見つけた時刻)
tour        = [0, 14, 40, 78, 8, 41, 71, 9, 18, 10, 45, 16, 64, 79, 33, 62, 29, 65, 24, 31, 42, 36, 56, 34, 48, 51, 38, 74, 21, 7, 67, 63, 30, 76, 19, 59, 5, 55, 61, 17, 53, 47, 73, 4, 44, 70, 57, 1, 69, 49, 39, 52, 32, 28, 58, 26, 25, 72, 66, 60, 54, 22, 3, 75, 43, 12, 20, 15, 11, 68, 77, 37, 13, 46, 23, 27, 6, 35, 50, 80, 2, 0]
visited     = 80/80
travel time = 554
return      = 674 (limit 737, 最早開始)
tw violations = 0
feasible    = True
model times = ok (ソルバの時刻: 到着前の開始 0 / 時間枠外 0 / 帰着 674)
var_count   = 3836
term_count  = 278322
build       = 1.110 sec (式の構築 + simplify)
