QUBO++ Ver. 2026.09.30
Floating License for Hiroshima Univ. CS/IS Lab Member Only
Expires at: 2027/03/31 23:59:59
Variable Limit: Unlimited/Unlimited (CPU/GPU)
  (Unlimited: capped only by the implementation — up to 2^30 - 1 variables of each kind, binary and integer)
instance    = n80w80.001  N=81 (顧客 80)  L[0]=818  時間枠の平均幅 74.2
N=81  o vars = 5348  (待機 739 / サービス 4609)  prune=True  prec=True (2760 組)  arcgap=True
conflict terms = 655186  (936 対)  うち 3 次の補正 0
colocated terms = 0
penalty: RET=819 CUST=261 CONF=131 CONT=131
build       = 1.248 sec
round 0: energy=664 obj=664 feasible=True travel=654 bad_cust=[] bad_pair=0 [] t=20.2
lns 1 early(K=20): energy=2944926 obj=659 feasible=True travel=654 bad_cust=[] bad_pair=0 [] t=21.5
lns 3 early(K=20): energy=2944914 obj=659 feasible=True travel=654 bad_cust=[] bad_pair=0 [] t=23.8
lns 6 early(K=20): energy=2944898 obj=659 feasible=True travel=654 bad_cust=[] bad_pair=0 [] t=27.1
lns 9 early(K=20): energy=2944871 obj=659 feasible=True travel=652 bad_cust=[] bad_pair=0 [] t=30.9
lns 12 early(K=20): energy=2927110 obj=655 feasible=True travel=651 bad_cust=[] bad_pair=0 [] t=35.0
lns 15 early(K=20): energy=2927098 obj=655 feasible=True travel=651 bad_cust=[] bad_pair=0 [] t=39.2
lns 18 early(K=20): energy=2918175 obj=653 feasible=True travel=652 bad_cust=[] bad_pair=0 [] t=43.3
lns 22 early(K=20): energy=2842768 obj=636 feasible=True travel=635 bad_cust=[] bad_pair=0 [] t=49.1
lns 25 early(K=20): energy=2816046 obj=630 feasible=True travel=630 bad_cust=[] bad_pair=0 [] t=53.3
lns 29 early(K=20): energy=2798258 obj=626 feasible=True travel=626 bad_cust=[] bad_pair=0 [] t=58.1
lns: K = 30 (t=79.9)
lns 49 early(K=30): energy=2793693 obj=625 feasible=True travel=625 bad_cust=[] bad_pair=0 [] t=83.9
lns: K = 45 (t=114.4)
lns: K = 60 (t=130.4)
restart 1: energy=661 obj=661 feasible=True travel=639 bad_cust=[] bad_pair=0 [] t=165.5
lns: K = 20 (t=165.5)
lns 76 early(K=20): energy=2945144 obj=659 feasible=True travel=639 bad_cust=[] bad_pair=0 [] t=166.7
lns 79 early(K=20): energy=2945142 obj=659 feasible=True travel=639 bad_cust=[] bad_pair=0 [] t=170.1
lns 82 early(K=20): energy=2927280 obj=655 feasible=True travel=636 bad_cust=[] bad_pair=0 [] t=173.7
lns 85 early(K=20): energy=2927251 obj=655 feasible=True travel=636 bad_cust=[] bad_pair=0 [] t=177.6
lns 88 early(K=20): energy=2927151 obj=655 feasible=True travel=639 bad_cust=[] bad_pair=0 [] t=181.7
lns 91 early(K=20): energy=2864907 obj=641 feasible=True travel=630 bad_cust=[] bad_pair=0 [] t=185.9
lns 94 early(K=20): energy=2864857 obj=641 feasible=True travel=632 bad_cust=[] bad_pair=0 [] t=190.5
lns 97 early(K=20): energy=2847093 obj=637 feasible=True travel=633 bad_cust=[] bad_pair=0 [] t=195.1
lns 100 early(K=20): energy=2811481 obj=629 feasible=True travel=629 bad_cust=[] bad_pair=0 [] t=199.3
lns 105 early(K=20): energy=2811405 obj=629 feasible=True travel=629 bad_cust=[] bad_pair=0 [] t=205.2
lns 106 early(K=20): energy=2793693 obj=625 feasible=True travel=625 bad_cust=[] bad_pair=0 [] t=206.3
lns: K = 30 (t=228.7)
lns: K = 45 (t=244.4)
lns: K = 60 (t=260.4)
restart 2: energy=653 obj=653 feasible=True travel=638 bad_cust=[] bad_pair=0 [] t=295.5
lns: K = 20 (t=295.5)
lns 143 early(K=20): energy=2887225 obj=646 feasible=True travel=638 bad_cust=[] bad_pair=0 [] t=296.7
lns 145 early(K=20): energy=2887214 obj=646 feasible=True travel=638 bad_cust=[] bad_pair=0 [] t=299.0
lns: 146 回解き直し、改善 24 回、再出発 2 回

----------result(300.0 sec)----------
energy          = 625
objective       = 625
total_wait      = 107
violated cons   = 0
TTS         = 83.936 sec (最良解を見つけた時刻)
tour        = [0, 21, 66, 52, 8, 18, 72, 77, 11, 32, 31, 6, 42, 13, 27, 58, 43, 4, 3, 60, 36, 55, 9, 28, 12, 41, 65, 75, 76, 38, 46, 17, 34, 19, 40, 44, 57, 26, 48, 22, 7, 23, 20, 79, 59, 37, 78, 71, 54, 70, 30, 16, 63, 25, 67, 14, 69, 50, 24, 1, 74, 5, 47, 61, 33, 49, 2, 64, 62, 35, 29, 45, 51, 68, 39, 10, 73, 15, 53, 80, 56, 0]
visited     = 80/80
travel time = 625
return      = 732 (limit 818, 最早開始)
tw violations = 0
feasible    = True
model times = ok (ソルバの時刻: 到着前の開始 0 / 時間枠外 0 / 帰着 732)
var_count   = 5348
term_count  = 637846
build       = 1.248 sec (式の構築 + simplify)
