QUBO++ Ver. 2026.09.25
Floating License for Hiroshima Univ. CS/IS Lab Member Only
Expires at: 2027/03/31 23:59:59
Variable Limit: Unlimited/Unlimited (CPU/GPU)
  (Unlimited: capped only by the implementation — up to 2^30 - 1 variables of each kind, binary and integer)
instance    = n80w20.001  N=81 (顧客 80)  L[0]=740  時間枠の平均幅 21.4
HINT: この定式化はモデルが重いので 60 秒以上を推奨 (いまは 30.0 秒)
N=81  o vars = 2514  (待機 767 / サービス 1747)
conflict terms = 108196
penalty: RET=741 CUST=261 CONF=131 CONT=131
build       = 3.361 sec (式の構築 + simplify)
solve now...(30.0 sec)
TTS         = 2.514 sec (最良解を見つけた時刻)

----------result(30.0 sec)----------
energy          = 616
objective       = 616
makespan        = 729
total_wait      = 113
once_constraint = 0
conflict_constr = 0
contiguity      = 0
violated cons   = 0
  return= 729 (RET var = 729)
tour        = [0, 17, 37, 39, 29, 58, 31, 34, 53, 64, 77, 19, 79, 50, 9, 38, 2, 33, 1, 6, 48, 8, 3, 74, 66, 54, 49, 14, 15, 5, 7, 55, 73, 44, 56, 76, 22, 30, 71, 24, 35, 25, 60, 62, 47, 20, 32, 21, 61, 13, 18, 4, 65, 52, 41, 46, 16, 28, 67, 68, 59, 40, 23, 43, 57, 72, 78, 36, 12, 45, 51, 27, 70, 26, 42, 11, 10, 69, 75, 80, 63, 0]
visited     = 80/80
travel time = 616
return      = 729 (limit 740)
tw violations = 0
feasible    = True
var_count   = 2514
term_count  = 105740
      (travel time は objective と一致すべき。ただし全ペア制約は
       三角不等式に依存しており、Dumas ではこれが破れているため
       135 件中 15 件で objective が真の travel より +1〜+3 大きい。
       conflict_terms() の docstring を参照)
