QUBO++ Ver. 2026.09.25
Floating License for Hiroshima Univ. CS/IS Lab Member Only
Expires at: 2027/03/31 23:59:59
Variable Limit: Unlimited/Unlimited (CPU/GPU)
  (Unlimited: capped only by the implementation — up to 2^30 - 1 variables of each kind, binary and integer)
instance    = n40w20.001  N=41 (顧客 40)  L[0]=547  時間枠の平均幅 20.8
HINT: この定式化はモデルが重いので 60 秒以上を推奨 (いまは 30.0 秒)
N=41  o vars = 1120  (待機 271 / サービス 849)
conflict terms = 31225
colocated terms = 4
penalty: RET=548 CUST=241 CONF=121 CONT=121
build       = 3.277 sec (式の構築 + simplify)
solve now...(30.0 sec)
TTS         = 1.748 sec (最良解を見つけた時刻)

----------result(30.0 sec)----------
energy          = 500
objective       = 500
makespan        = 526
total_wait      = 26
once_constraint = 0
conflict_constr = 0
colocated       = 0
contiguity      = 0
violated cons   = 0
  return= 526 (RET var = 526)
tour        = [0, 7, 13, 16, 37, 6, 15, 12, 39, 2, 35, 25, 4, 23, 32, 3, 38, 8, 1, 18, 33, 14, 5, 36, 10, 31, 22, 21, 26, 11, 29, 9, 19, 27, 34, 28, 24, 20, 17, 40, 30, 0]
visited     = 40/40
travel time = 500
return      = 526 (limit 547, 最早開始)
tw violations = 0
feasible    = True
model times = ok (ソルバの時刻: 到着前の開始 0 / 時間枠外 0 / 帰着 526)
var_count   = 1120
term_count  = 31454
      (制約違反がなければ objective >= travel time。等号が既定で、
       大きくなるのは (1) ソルバが時刻を詰め切れず移動中に遊んでいる
       (2) 全ペア制約が三角不等式の破れで余分に効いている
       (conflict_terms() の docstring) とき。評価は travel time で行う)
