QUBO++ Ver. 2026.09.25
Floating License for Hiroshima Univ. CS/IS Lab Member Only
Expires at: 2027/03/31 23:59:59
Variable Limit: Unlimited/Unlimited (CPU/GPU)
  (Unlimited: capped only by the implementation — up to 2^30 - 1 variables of each kind, binary and integer)
instance    = n60w80.001  N=61 (顧客 60)  L[0]=694  時間枠の平均幅 79.9
HINT: この定式化はモデルが重いので 60 秒以上を推奨 (いまは 30.0 秒)
N=61  x vars = 4869  (order-based なら 3600)
conflict terms = 736577
penalty: ONCE=695 CONF=695
build       = 3.820 sec (式の構築 + simplify)
solve now...(30.0 sec)
TTS         = 0.495 sec (最良解を見つけた時刻)

----------result(30.0 sec)----------
energy          = 606
objective       = 606
once_constraint = 0
conflict_constr = 0
violated cons   = 0
  return= 606 (RET var = 606)
tour        = [0, 19, 12, 51, 8, 4, 5, 23, 18, 41, 55, 58, 22, 9, 21, 3, 24, 7, 33, 20, 35, 26, 59, 17, 54, 56, 29, 44, 45, 2, 57, 6, 42, 38, 10, 46, 53, 49, 47, 40, 1, 16, 30, 52, 43, 50, 31, 32, 11, 36, 34, 28, 37, 25, 13, 15, 27, 48, 60, 39, 14, 0]
visited     = 60/60
travel time = 541
return      = 606 (limit 694)
tw violations = 0
feasible    = True
var_count   = 4869
term_count  = 721249
