QUBO++ Ver. 2026.09.25
Floating License for Hiroshima Univ. CS/IS Lab Member Only
Expires at: 2027/03/31 23:59:59
Variable Limit: Unlimited/Unlimited (CPU/GPU)
  (Unlimited: capped only by the implementation — up to 2^30 - 1 variables of each kind, binary and integer)
instance    = n60w80.001  N=61 (顧客 60)  L[0]=694  時間枠の平均幅 79.9
HINT: この定式化はモデルが重いので 60 秒以上を推奨 (いまは 30.0 秒)
N=61  x vars = 4869  (order-based なら 3600)
conflict terms = 736577
penalty: ONCE=695 CONF=695
build       = 3.985 sec (式の構築 + simplify)
solve now...(30.0 sec)
TTS         = 0.700 sec (最良解を見つけた時刻)

----------result(30.0 sec)----------
energy          = 606
objective       = 606
once_constraint = 0
conflict_constr = 0
violated cons   = 0
  return= 606 (RET var = 606)
tour        = [0, 19, 12, 51, 8, 41, 4, 55, 58, 22, 18, 5, 23, 9, 21, 3, 7, 54, 17, 33, 20, 35, 59, 26, 56, 24, 29, 44, 45, 2, 57, 38, 6, 42, 10, 46, 53, 49, 47, 40, 1, 16, 30, 31, 50, 28, 32, 34, 52, 11, 43, 36, 37, 25, 15, 13, 27, 48, 60, 39, 14, 0]
visited     = 60/60
travel time = 539
return      = 606 (limit 694, 最早開始)
tw violations = 0
feasible    = True
model times = ok (ソルバの時刻: 到着前の開始 0 / 時間枠外 0 / 帰着 606)
var_count   = 4869
term_count  = 721249
      (制約違反がなければモデルの時刻はそのまま実行可能なスケジュール
       なので objective >= return（最早開始）。評価は return で行う)
