QUBO++ Ver. 2026.09.08
Floating License for Hiroshima Univ. CS/IS Lab Member Only
Expires at: 2027/03/31 23:59:59
Variable Limit: Unlimited/Unlimited (CPU/GPU)
  (Unlimited: capped only by the implementation — up to 2^30 - 1 variables of each kind, binary and integer)
instance    = n150w20.001  N=151 (顧客 150)  L[0]=1039  時間枠の平均幅 20.4
HINT: この定式化はモデルが重いので 60 秒以上を推奨 (いまは 30.0 秒)
N=151  x vars = 3215  (order-based なら 22500)
conflict terms = 95316
penalty: ONCE=1040 CONF=1040
build       = 3.179 sec (式の構築 + simplify)
solve now...(30.0 sec)

----------result(30.0 sec)----------
energy          = 1034
objective       = 1034
once_constraint = 0
conflict_constr = 0
violated cons   = 0
  return=1034 (RET var = 1034)
tour        = [0, 99, 92, 95, 40, 22, 132, 65, 149, 43, 48, 134, 104, 33, 46, 45, 67, 86, 146, 125, 82, 31, 5, 25, 143, 62, 121, 84, 64, 137, 71, 118, 147, 29, 4, 148, 41, 3, 78, 124, 32, 94, 59, 68, 108, 51, 127, 42, 110, 17, 6, 98, 77, 96, 102, 11, 18, 97, 112, 61, 117, 116, 14, 100, 34, 60, 23, 72, 106, 30, 91, 128, 122, 47, 53, 63, 36, 119, 1, 9, 90, 114, 130, 37, 105, 141, 93, 142, 74, 73, 69, 126, 111, 123, 15, 83, 129, 107, 70, 140, 8, 81, 131, 135, 56, 145, 12, 7, 26, 10, 76, 58, 54, 88, 66, 44, 19, 79, 57, 55, 52, 136, 2, 113, 24, 20, 80, 138, 85, 27, 21, 38, 133, 101, 109, 115, 49, 103, 35, 28, 87, 75, 39, 139, 89, 13, 16, 120, 50, 150, 144, 0]
visited     = 150/150
travel time = 961
return      = 1034 (limit 1039)
tw violations = 0
feasible    = True
var_count   = 3215
term_count  = 92557
