QUBO++ Ver. 2026.09.25
Floating License for Hiroshima Univ. CS/IS Lab Member Only
Expires at: 2027/03/31 23:59:59
Variable Limit: Unlimited/Unlimited (CPU/GPU)
  (Unlimited: capped only by the implementation — up to 2^30 - 1 variables of each kind, binary and integer)
instance    = n60w60.001  N=61 (顧客 60)  L[0]=748  時間枠の平均幅 54.4
N=61  o vars = 4004  (待機 865 / サービス 3139)
conflict terms = 491291
colocated terms = 0
penalty: RET=749 CUST=261 CONF=131 CONT=131
build       = 4.038 sec (式の構築 + simplify)
solve now...(300.0 sec)
TTS         = 171.135 sec (最良解を見つけた時刻)

----------result(300.0 sec)----------
energy          = 614
objective       = 614
makespan        = 722
total_wait      = 108
once_constraint = 0
conflict_constr = 0
colocated       = 0
contiguity      = 0
violated cons   = 0
  return= 722 (RET var = 722)
tour        = [0, 49, 26, 39, 8, 16, 7, 34, 46, 52, 2, 19, 20, 25, 33, 14, 12, 29, 53, 56, 38, 45, 27, 37, 30, 28, 47, 42, 1, 40, 32, 18, 22, 4, 11, 35, 17, 51, 21, 48, 44, 9, 31, 24, 5, 43, 54, 36, 58, 50, 15, 3, 10, 59, 41, 57, 55, 23, 60, 13, 6, 0]
visited     = 60/60
travel time = 613
return      = 722 (limit 748, 最早開始)
tw violations = 0
feasible    = True
model times = ok (ソルバの時刻: 到着前の開始 0 / 時間枠外 0 / 帰着 722)
var_count   = 4004
term_count  = 481163
      (制約違反がなければ objective >= travel time。等号が既定で、
       大きくなるのは (1) ソルバが時刻を詰め切れず移動中に遊んでいる
       (2) 全ペア制約が三角不等式の破れで余分に効いている
       (conflict_terms() の docstring) とき。評価は travel time で行う)
