QUBO++ Ver. 2026.09.30
Floating License for Hiroshima Univ. CS/IS Lab Member Only
Expires at: 2027/03/31 23:59:59
Variable Limit: Unlimited/Unlimited (CPU/GPU)
  (Unlimited: capped only by the implementation — up to 2^30 - 1 variables of each kind, binary and integer)
instance    = n200w20.001  N=201 (顧客 200)  L[0]=1154  時間枠の平均幅 20.1
N=201  o vars = 5660
conflict terms = 273587 禁止組 / 292700 向き付き組 (逆順組 37615)
scheme=uniform scale=1.0 P_CUST=241 rounds=10 grow=2.0 cap=4.0 rev=4.0 forced=1.0
  制約B 係数: 最小 121 平均 179.4 最大 605
build       = 1.636 sec
round 1/10: energy=1141 objective=1020 conflict=1 once=0 contig=0 tts=25.368
  制約B 係数: 最小 121 平均 179.6 最大 1210
round 2/10: energy=1147 objective=1026 conflict=1 once=0 contig=0 tts=60.036
  制約B 係数: 最小 121 平均 180.6 最大 1210
round 3/10: energy=1151 objective=1030 conflict=1 once=0 contig=0 tts=83.774
  制約B 係数: 最小 121 平均 181.7 最大 1210
round 4/10: energy=1246 objective=1005 conflict=0 once=1 contig=0 tts=119.179
  制約B 係数: 最小 121 平均 181.7 最大 1210
round 5/10: energy=1376 objective=1014 conflict=1 once=1 contig=0 tts=148.325
  制約B 係数: 最小 121 平均 182.0 最大 1210
round 6/10: energy=1249 objective=1008 conflict=0 once=1 contig=0 tts=175.142
  制約B 係数: 最小 121 平均 182.0 最大 1210
round 7/10: energy=1260 objective=1018 conflict=1 once=0 contig=0 tts=207.586
  制約B 係数: 最小 121 平均 182.6 最大 2420
round 8/10: energy=1036 objective=1036 conflict=0 once=0 contig=0 tts=234.673
  制約B 係数: 最小 121 平均 182.6 最大 2420
round 9/10: energy=1284 objective=1042 conflict=1 once=0 contig=0 tts=268.653
  制約B 係数: 最小 121 平均 184.4 最大 2420
round 10/10: energy=1279 objective=1038 conflict=0 once=1 contig=0 tts=299.080
TTS         = 234.673 sec (最良解を見つけた時刻, 全ラウンド通算)

----------result(300.0 sec)----------
energy          = 1036
objective       = 1036
once_constraint = 0
conflict_constr = 0
colocated       = 0
contiguity      = 0
violated cons   = 0
tour        = [0, 106, 60, 24, 34, 25, 23, 173, 134, 135, 84, 74, 96, 37, 109, 127, 49, 15, 116, 184, 129, 197, 1, 20, 114, 138, 76, 112, 143, 107, 130, 183, 136, 59, 50, 55, 46, 53, 97, 104, 89, 41, 9, 172, 51, 43, 18, 8, 73, 56, 193, 2, 95, 113, 128, 86, 186, 105, 156, 171, 58, 64, 108, 27, 61, 29, 87, 22, 119, 99, 117, 182, 52, 158, 36, 166, 196, 123, 67, 47, 11, 6, 78, 159, 30, 126, 81, 147, 31, 195, 168, 38, 75, 177, 63, 148, 174, 122, 102, 199, 33, 66, 118, 32, 190, 179, 139, 16, 68, 188, 90, 111, 180, 77, 48, 167, 13, 194, 100, 132, 7, 69, 94, 110, 93, 181, 72, 10, 146, 71, 157, 140, 83, 3, 121, 79, 162, 176, 82, 80, 137, 120, 150, 101, 17, 65, 152, 103, 88, 142, 164, 125, 45, 151, 198, 54, 19, 12, 26, 161, 153, 192, 169, 175, 57, 91, 165, 70, 4, 131, 163, 14, 154, 39, 85, 187, 178, 21, 115, 40, 145, 42, 144, 149, 189, 35, 62, 170, 44, 98, 141, 92, 191, 124, 133, 185, 160, 155, 5, 200, 28, 0]
visited     = 200/200
travel time = 1029
return      = 1139 (limit 1154, 最早開始)
tw violations = 0
feasible    = True
model times = ok (ソルバの時刻: 到着前の開始 0 / 時間枠外 0 / 帰着 1140)
var_count   = 5660
term_count  = 280769
