QUBO++ Ver. 2026.09.25
Floating License for Hiroshima Univ. CS/IS Lab Member Only
Expires at: 2027/03/31 23:59:59
Variable Limit: Unlimited/Unlimited (CPU/GPU)
  (Unlimited: capped only by the implementation — up to 2^30 - 1 variables of each kind, binary and integer)
instance    = n60w100.001  N=61 (顧客 60)  L[0]=586  時間枠の平均幅 93.7
HINT: この定式化はモデルが重いので 60 秒以上を推奨 (いまは 30.0 秒)
N=61  o vars = 7366  (待機 1811 / サービス 5555)
conflict terms = 2553485
penalty: RET=587 CUST=241 CONF=121 CONT=121
build       = 5.072 sec (式の構築 + simplify)
solve now...(30.0 sec)
TTS         = 19.936 sec (最良解を見つけた時刻)

----------result(30.0 sec)----------
energy          = 747
objective       = 505
makespan        = 580
total_wait      = 75
once_constraint = 0
conflict_constr = 2
contiguity      = 0
violated cons   = 1
  return= 580 (RET var = 580)
tour        = [0, 1, 17, 57, 43, 50, 6, 36, 51, 19, 47, 29, 38, 46, 26, 37, 5, 12, 39, 56, 18, 20, 30, 15, 44, 23, 48, 45, 34, 58, 40, 54, 28, 16, 7, 8, 41, 31, 24, 22, 42, 13, 2, 52, 32, 14, 55, 33, 25, 27, 35, 4, 59, 10, 11, 9, 21, 60, 53, 3, 49, 0]
visited     = 60/60
travel time = 558
return      = 580 (limit 586)
tw violations = 0
feasible    = True
var_count   = 7366
term_count  = 2504029
      (travel time は objective と一致すべき。ただし全ペア制約は
       三角不等式に依存しており、Dumas ではこれが破れているため
       135 件中 15 件で objective が真の travel より +1〜+3 大きい。
       conflict_terms() の docstring を参照)
