QUBO++ Ver. 2026.09.25
Floating License for Hiroshima Univ. CS/IS Lab Member Only
Expires at: 2027/03/31 23:59:59
Variable Limit: Unlimited/Unlimited (CPU/GPU)
  (Unlimited: capped only by the implementation — up to 2^30 - 1 variables of each kind, binary and integer)
instance    = n60w80.001  N=61 (顧客 60)  L[0]=694  時間枠の平均幅 79.9
HINT: この定式化はモデルが重いので 60 秒以上を推奨 (いまは 30.0 秒)
N=61  o vars = 6741  (待機 1898 / サービス 4843)
conflict terms = 1531335
penalty: RET=695 CUST=257 CONF=129 CONT=129
build       = 28.381 sec (式の構築 + simplify)
solve now...(30.0 sec)
TTS         = 21.227 sec (最良解を見つけた時刻)

----------result(30.0 sec)----------
energy          = 478
objective       = 478
makespan        = 606
total_wait      = 128
once_constraint = 0
conflict_constr = 0
contiguity      = 0
violated cons   = 0
  return= 606 (RET var = 606)
tour        = [0, 19, 12, 51, 8, 4, 41, 55, 58, 5, 23, 22, 18, 9, 21, 3, 7, 33, 20, 35, 59, 26, 17, 54, 56, 24, 29, 44, 45, 10, 2, 57, 6, 38, 42, 46, 53, 49, 47, 40, 1, 16, 30, 52, 31, 32, 50, 43, 11, 36, 28, 34, 37, 15, 25, 13, 27, 48, 60, 39, 14, 0]
visited     = 60/60
travel time = 476
return      = 606 (limit 694)
tw violations = 0
feasible    = True
var_count   = 6741
term_count  = 1500593
      (travel time は objective と一致すべき。ただし全ペア制約は
       三角不等式に依存しており、Dumas ではこれが破れているため
       135 件中 15 件で objective が真の travel より +1〜+3 大きい。
       conflict_terms() の docstring を参照)
