QUBO++ Ver. 2026.09.30
Floating License for Hiroshima Univ. CS/IS Lab Member Only
Expires at: 2027/03/31 23:59:59
Variable Limit: Unlimited/Unlimited (CPU/GPU)
  (Unlimited: capped only by the implementation — up to 2^30 - 1 variables of each kind, binary and integer)
instance    = n60w100.001  N=61 (顧客 60)  L[0]=586  時間枠の平均幅 93.7
N=61  o vars = 7366
conflict terms = 2494852 禁止組 / 2553485 向き付き組 (逆順組 275414)
scheme=uniform scale=1.0 P_CUST=241 rounds=10 grow=2.0 cap=4.0 rev=1.0 forced=1.0
  制約B 係数: 最小 121 平均 123.8 最大 242
build       = 7.356 sec
round 1/10: energy=642 objective=521 conflict=1 once=0 contig=0 tts=25.208
  制約B 係数: 最小 121 平均 124.2 最大 484
round 2/10: energy=760 objective=519 conflict=0 once=1 contig=0 tts=55.939
  制約B 係数: 最小 121 平均 124.2 最大 484
round 3/10: energy=766 objective=525 conflict=0 once=1 contig=0 tts=85.338
  制約B 係数: 最小 121 平均 124.2 最大 484
round 4/10: energy=883 objective=520 conflict=2 once=0 contig=0 tts=111.060
  制約B 係数: 最小 121 平均 125.2 最大 968
round 5/10: energy=797 objective=555 conflict=2 once=0 contig=0 tts=145.860
  制約B 係数: 最小 121 平均 125.5 最大 968
round 6/10: energy=670 objective=549 conflict=1 once=0 contig=0 tts=175.954
  制約B 係数: 最小 121 平均 125.7 最大 968
round 7/10: energy=566 objective=566 conflict=0 once=0 contig=0 tts=199.262
  制約B 係数: 最小 121 平均 125.7 最大 968
round 8/10: energy=560 objective=560 conflict=0 once=0 contig=0 tts=235.832
  制約B 係数: 最小 121 平均 125.7 最大 968
round 9/10: energy=565 objective=565 conflict=0 once=0 contig=0 tts=270.858
  制約B 係数: 最小 121 平均 125.7 最大 968
round 10/10: energy=564 objective=564 conflict=0 once=0 contig=0 tts=301.106
TTS         = 235.832 sec (最良解を見つけた時刻, 全ラウンド通算)

----------result(300.0 sec)----------
energy          = 560
objective       = 560
once_constraint = 0
conflict_constr = 0
colocated       = 0
contiguity      = 0
violated cons   = 0
tour        = [0, 6, 50, 43, 17, 57, 1, 19, 51, 36, 47, 29, 38, 26, 37, 12, 39, 56, 18, 30, 20, 5, 58, 46, 45, 34, 15, 44, 23, 40, 48, 28, 54, 41, 8, 16, 7, 31, 24, 22, 13, 2, 42, 52, 32, 14, 55, 33, 25, 27, 10, 59, 4, 35, 21, 11, 3, 9, 60, 53, 49, 0]
visited     = 60/60
travel time = 534
return      = 576 (limit 586, 最早開始)
tw violations = 0
feasible    = True
model times = ok (ソルバの時刻: 到着前の開始 0 / 時間枠外 0 / 帰着 579)
var_count   = 7366
term_count  = 2504029
