QUBO++ Ver. 2026.09.30
Floating License for Hiroshima Univ. CS/IS Lab Member Only
Expires at: 2027/03/31 23:59:59
Variable Limit: Unlimited/Unlimited (CPU/GPU)
  (Unlimited: capped only by the implementation — up to 2^30 - 1 variables of each kind, binary and integer)
instance    = n60w100.001  N=61 (顧客 60)  L[0]=586  時間枠の平均幅 93.7
N=61  o vars = 7366
conflict terms = 2494852 禁止組 / 2553485 向き付き組 (逆順組 275414)
scheme=uniform scale=1.0 P_CUST=241 rounds=10 grow=2.0 cap=4.0 rev=1.0 forced=1.0
  制約B 係数: 最小 121 平均 123.8 最大 242
build       = 6.993 sec
round 1/10: energy=548 objective=548 conflict=0 once=0 contig=0 tts=25.094
  制約B 係数: 最小 121 平均 123.8 最大 242
round 2/10: energy=666 objective=545 conflict=1 once=0 contig=0 tts=53.834
  制約B 係数: 最小 121 平均 124.2 最大 484
round 3/10: energy=770 objective=529 conflict=0 once=1 contig=0 tts=83.767
  制約B 係数: 最小 121 平均 124.2 最大 484
round 4/10: energy=867 objective=505 conflict=1 once=1 contig=0 tts=116.344
  制約B 係数: 最小 121 平均 124.4 最大 484
round 5/10: energy=782 objective=540 conflict=1 once=0 contig=0 tts=131.759
  制約B 係数: 最小 121 平均 125.2 最大 968
round 6/10: energy=569 objective=569 conflict=0 once=0 contig=0 tts=177.165
  制約B 係数: 最小 121 平均 125.2 最大 968
round 7/10: energy=699 objective=578 conflict=1 once=0 contig=0 tts=207.351
  制約B 係数: 最小 121 平均 125.3 最大 968
round 8/10: energy=550 objective=550 conflict=0 once=0 contig=0 tts=240.378
  制約B 係数: 最小 121 平均 125.3 最大 968
round 9/10: energy=674 objective=553 conflict=1 once=0 contig=0 tts=271.276
  制約B 係数: 最小 121 平均 125.6 最大 968
round 10/10: energy=780 objective=538 conflict=2 once=0 contig=0 tts=294.035
TTS         = 25.094 sec (最良解を見つけた時刻, 全ラウンド通算)

----------result(300.0 sec)----------
energy          = 548
objective       = 548
once_constraint = 0
conflict_constr = 0
colocated       = 0
contiguity      = 0
violated cons   = 0
tour        = [0, 1, 17, 57, 43, 50, 6, 36, 51, 19, 47, 29, 38, 46, 26, 5, 12, 39, 56, 18, 20, 30, 44, 23, 15, 37, 58, 45, 34, 28, 40, 48, 54, 8, 41, 31, 16, 7, 24, 22, 13, 42, 2, 52, 32, 14, 55, 33, 25, 27, 10, 59, 4, 35, 21, 11, 3, 9, 60, 53, 49, 0]
visited     = 60/60
travel time = 532
return      = 576 (limit 586, 最早開始)
tw violations = 0
feasible    = True
model times = ok (ソルバの時刻: 到着前の開始 0 / 時間枠外 0 / 帰着 579)
var_count   = 7366
term_count  = 2504029
