QUBO++ Ver. 2026.09.08
Floating License for Hiroshima Univ. CS/IS Lab Member Only
Expires at: 2027/03/31 23:59:59
Variable Limit: Unlimited/Unlimited (CPU/GPU)
  (Unlimited: capped only by the implementation — up to 2^30 - 1 variables of each kind, binary and integer)
instance    = n60w100.001  N=61 (顧客 60)  L[0]=586  時間枠の平均幅 93.7
HINT: この定式化はモデルが重いので 60 秒以上を推奨 (いまは 30.0 秒)
N=61  x vars = 5595  (order-based なら 3600)
conflict terms = 1274267
penalty: ONCE=587 CONF=587
build       = 4.538 sec (式の構築 + simplify)
solve now...(30.0 sec)

----------result(30.0 sec)----------
energy          = 580
objective       = 580
once_constraint = 0
conflict_constr = 0
violated cons   = 0
  return= 580 (RET var = 580)
tour        = [0, 1, 17, 57, 43, 50, 6, 19, 51, 36, 47, 29, 38, 26, 5, 12, 39, 56, 20, 30, 18, 37, 58, 46, 45, 34, 23, 44, 15, 40, 48, 28, 54, 41, 8, 16, 7, 31, 24, 42, 13, 22, 52, 2, 32, 14, 55, 33, 27, 4, 25, 10, 59, 35, 21, 11, 3, 9, 60, 53, 49, 0]
visited     = 60/60
travel time = 557
return      = 580 (limit 586)
tw violations = 0
feasible    = True
var_count   = 5595
term_count  = 1247481
