QUBO++ Ver. 2026.09.08
Floating License for Hiroshima Univ. CS/IS Lab Member Only
Expires at: 2027/03/31 23:59:59
Variable Limit: Unlimited/Unlimited (CPU/GPU)
  (Unlimited: capped only by the implementation — up to 2^30 - 1 variables of each kind, binary and integer)
instance    = n60w100.001  N=61 (顧客 60)  L[0]=586  時間枠の平均幅 93.7
HINT: この定式化はモデルが重いので 60 秒以上を推奨 (いまは 30.0 秒)
N=61  x vars = 5595  (order-based なら 3600)
conflict terms = 1274267
penalty: ONCE=587 CONF=587
build       = 2.063 sec (式の構築 + simplify)
solve now...(30.0 sec)

----------result(30.0 sec)----------
energy          = 1163
objective       = 1163
once_constraint = 1
conflict_constr = 0
violated cons   = 1
node 9: 0 visits VIOLATION!
  return= 576 (RET var = 576)
tour        = [0, 6, 50, 43, 57, 17, 19, 1, 51, 36, 47, 29, 38, 46, 26, 12, 39, 56, 18, 20, 30, 44, 23, 15, 5, 37, 58, 45, 28, 34, 40, 48, 54, 41, 8, 16, 7, 31, 24, 42, 22, 13, 52, 2, 32, 14, 55, 33, 25, 59, 4, 35, 27, 10, 21, 11, 3, 60, 53, 49, 0]
visited     = 59/60
travel time = 534
return      = 576 (limit 586)
tw violations = 0
feasible    = False
var_count   = 5595
term_count  = 1247481
