QUBO++ Ver. 2026.09.25
Floating License for Hiroshima Univ. CS/IS Lab Member Only
Expires at: 2027/03/31 23:59:59
Variable Limit: Unlimited/Unlimited (CPU/GPU)
  (Unlimited: capped only by the implementation — up to 2^30 - 1 variables of each kind, binary and integer)
instance    = n60w80.001  N=61 (顧客 60)  L[0]=694  時間枠の平均幅 79.9
N=61  o vars = 6741  (待機 1898 / サービス 4843)
conflict terms = 1531335
colocated terms = 14
penalty: RET=695 CUST=257 CONF=129 CONT=129
build       = 4.438 sec (式の構築 + simplify)
solve now...(300.0 sec)
TTS         = 19.563 sec (最良解を見つけた時刻)

----------result(300.0 sec)----------
energy          = 462
objective       = 462
makespan        = 606
total_wait      = 144
once_constraint = 0
conflict_constr = 0
colocated       = 0
contiguity      = 0
violated cons   = 0
  return= 606 (RET var = 606)
tour        = [0, 19, 12, 51, 8, 4, 41, 55, 58, 5, 23, 22, 18, 9, 21, 7, 3, 24, 29, 56, 54, 17, 26, 35, 59, 20, 33, 44, 45, 57, 2, 6, 38, 42, 10, 46, 53, 49, 47, 40, 1, 16, 30, 52, 31, 32, 50, 43, 11, 36, 28, 34, 37, 25, 15, 13, 27, 48, 60, 39, 14, 0]
visited     = 60/60
travel time = 462
return      = 606 (limit 694, 最早開始)
tw violations = 0
feasible    = True
model times = ok (ソルバの時刻: 到着前の開始 0 / 時間枠外 0 / 帰着 606)
var_count   = 6741
term_count  = 1500607
      (制約違反がなければ objective >= travel time。等号が既定で、
       大きくなるのは (1) ソルバが時刻を詰め切れず移動中に遊んでいる
       (2) 全ペア制約が三角不等式の破れで余分に効いている
       (conflict_terms() の docstring) とき。評価は travel time で行う)
