QUBO++ Ver. 2026.09.25
Floating License for Hiroshima Univ. CS/IS Lab Member Only
Expires at: 2027/03/31 23:59:59
Variable Limit: Unlimited/Unlimited (CPU/GPU)
  (Unlimited: capped only by the implementation — up to 2^30 - 1 variables of each kind, binary and integer)
instance    = n60w100.001  N=61 (顧客 60)  L[0]=586  時間枠の平均幅 93.7
N=61  o vars = 7366  (待機 1811 / サービス 5555)
conflict terms = 2553485
colocated terms = 0
penalty: RET=587 CUST=241 CONF=121 CONT=121
build       = 5.580 sec (式の構築 + simplify)
solve now...(300.0 sec)
TTS         = 276.907 sec (最良解を見つけた時刻)

----------result(300.0 sec)----------
energy          = 523
objective       = 523
makespan        = 576
total_wait      = 53
once_constraint = 0
conflict_constr = 0
colocated       = 0
contiguity      = 0
violated cons   = 0
  return= 576 (RET var = 576)
tour        = [0, 17, 6, 50, 43, 57, 1, 19, 51, 36, 47, 29, 38, 46, 26, 5, 20, 18, 30, 56, 39, 12, 37, 58, 45, 34, 15, 44, 23, 40, 48, 28, 54, 41, 8, 16, 7, 31, 24, 42, 22, 13, 52, 2, 32, 14, 55, 33, 25, 27, 10, 59, 4, 35, 21, 11, 3, 9, 60, 53, 49, 0]
visited     = 60/60
travel time = 522
return      = 576 (limit 586, 最早開始)
tw violations = 0
feasible    = True
model times = ok (ソルバの時刻: 到着前の開始 0 / 時間枠外 0 / 帰着 576)
var_count   = 7366
term_count  = 2504029
      (制約違反がなければ objective >= travel time。等号が既定で、
       大きくなるのは (1) ソルバが時刻を詰め切れず移動中に遊んでいる
       (2) 全ペア制約が三角不等式の破れで余分に効いている
       (conflict_terms() の docstring) とき。評価は travel time で行う)
