QUBO++ Ver. 2026.09.30
Floating License for Hiroshima Univ. CS/IS Lab Member Only
Expires at: 2027/03/31 23:59:59
Variable Limit: Unlimited/Unlimited (CPU/GPU)
  (Unlimited: capped only by the implementation — up to 2^30 - 1 variables of each kind, binary and integer)
instance    = n200w20.001  N=201 (顧客 200)  L[0]=1154  時間枠の平均幅 20.1
N=201  o vars = 5660
conflict terms = 273587 禁止組 / 292700 向き付き組 (逆順組 37615)
scheme=uniform scale=0.5 P_CUST=120 rounds=1 grow=2.0 cap=0.0 rev=4.0 forced=2.0
  制約B 係数: 最小 60 平均 146.6 最大 605
build       = 1.694 sec
round 1/1: energy=1129 objective=1009 conflict=0 once=1 contig=0 tts=114.322
TTS         = 114.322 sec (最良解を見つけた時刻, 全ラウンド通算)

----------result(120.0 sec)----------
energy          = 1129
objective       = 1009
once_constraint = 1
conflict_constr = 0
colocated       = 0
contiguity      = 0
violated cons   = 1
node 98: 0 visits VIOLATION!
tour        = [0, 106, 60, 24, 34, 25, 23, 173, 134, 135, 84, 74, 96, 37, 109, 127, 49, 15, 116, 184, 129, 197, 1, 20, 114, 138, 76, 112, 143, 107, 130, 183, 136, 59, 50, 55, 46, 53, 97, 104, 89, 41, 8, 9, 172, 51, 43, 18, 73, 56, 193, 2, 128, 95, 113, 86, 186, 105, 156, 171, 58, 64, 27, 108, 61, 29, 87, 119, 22, 99, 117, 182, 52, 158, 36, 166, 196, 123, 47, 67, 11, 6, 78, 159, 30, 126, 81, 147, 31, 168, 195, 38, 75, 177, 63, 148, 174, 122, 102, 199, 33, 66, 118, 32, 190, 179, 139, 16, 68, 188, 90, 111, 180, 77, 48, 167, 13, 194, 100, 132, 7, 69, 94, 110, 93, 181, 72, 10, 146, 71, 157, 140, 83, 3, 121, 79, 162, 176, 82, 80, 137, 120, 150, 101, 17, 65, 152, 103, 88, 142, 164, 125, 45, 151, 198, 19, 54, 12, 26, 161, 153, 192, 169, 175, 57, 91, 165, 70, 4, 131, 163, 14, 154, 39, 85, 187, 178, 21, 115, 40, 145, 42, 144, 149, 189, 35, 44, 62, 170, 141, 92, 191, 124, 133, 185, 160, 155, 5, 200, 28, 0]
visited     = 199/200
travel time = 1007
return      = 1139 (limit 1154, 最早開始)
tw violations = 0
feasible    = False
model times = ok (ソルバの時刻: 到着前の開始 0 / 時間枠外 0 / 帰着 1139)
var_count   = 5660
term_count  = 280769
