QUBO++ Ver. 2026.09.30
Floating License for Hiroshima Univ. CS/IS Lab Member Only
Expires at: 2027/03/31 23:59:59
Variable Limit: Unlimited/Unlimited (CPU/GPU)
  (Unlimited: capped only by the implementation — up to 2^30 - 1 variables of each kind, binary and integer)
instance    = n60w100.001  N=61 (顧客 60)  L[0]=586  時間枠の平均幅 93.7
N=61  o vars = 7366
conflict terms = 2494852 禁止組 / 2553485 向き付き組 (逆順組 275414)
scheme=uniform scale=1.0 P_CUST=241 rounds=6 grow=2.0 cap=2.0 rev=1.0 forced=1.0
  制約B 係数: 最小 121 平均 123.8 最大 242
build       = 7.048 sec
round 1/6: energy=857 objective=495 conflict=1 once=1 contig=0 tts=17.623
  制約B 係数: 最小 121 平均 124.2 最大 484
round 2/6: energy=557 objective=557 conflict=0 once=0 contig=0 tts=32.300
  制約B 係数: 最小 121 平均 124.2 最大 484
round 3/6: energy=683 objective=562 conflict=1 once=0 contig=0 tts=59.773
  制約B 係数: 最小 121 平均 124.4 最大 484
round 4/6: energy=678 objective=557 conflict=1 once=0 contig=0 tts=78.805
  制約B 係数: 最小 121 平均 124.6 最大 484
round 5/6: energy=773 objective=532 conflict=0 once=1 contig=0 tts=90.898
  制約B 係数: 最小 121 平均 124.6 最大 484
round 6/6: energy=773 objective=532 conflict=0 once=1 contig=0 tts=119.312
TTS         = 32.300 sec (最良解を見つけた時刻, 全ラウンド通算)

----------result(120.0 sec)----------
energy          = 557
objective       = 557
once_constraint = 0
conflict_constr = 0
colocated       = 0
contiguity      = 0
violated cons   = 0
tour        = [0, 1, 17, 57, 43, 50, 6, 36, 51, 19, 47, 29, 38, 46, 26, 5, 12, 39, 56, 30, 18, 20, 37, 58, 45, 34, 15, 44, 23, 40, 48, 28, 54, 7, 16, 41, 8, 31, 24, 42, 13, 22, 2, 52, 32, 55, 14, 33, 25, 35, 4, 59, 10, 27, 21, 11, 9, 60, 53, 3, 49, 0]
visited     = 60/60
travel time = 538
return      = 580 (limit 586, 最早開始)
tw violations = 0
feasible    = True
model times = ok (ソルバの時刻: 到着前の開始 0 / 時間枠外 0 / 帰着 580)
var_count   = 7366
term_count  = 2504029
