QUBO++ Ver. 2026.09.30
Floating License for Hiroshima Univ. CS/IS Lab Member Only
Expires at: 2027/03/31 23:59:59
Variable Limit: Unlimited/Unlimited (CPU/GPU)
  (Unlimited: capped only by the implementation — up to 2^30 - 1 variables of each kind, binary and integer)
instance    = n200w40.004  N=201 (顧客 200)  L[0]=1183  時間枠の平均幅 40.5
N=201  o vars = 8709  (待機 1469 / サービス 7240)  prune=True  prec=True (18743 組)  arcgap=True
conflict terms = 920991  (2951 対)  うち 3 次の補正 0
colocated terms = 18
penalty: RET=1184 CUST=237 CONF=119 CONT=119
build       = 1.761 sec
round 0: energy=1205 obj=1086 feasible=True travel=1038 bad_cust=[] bad_pair=1 [(8, 117)] t=20.4
lns 1 early(K=20): energy=9337797 obj=1084 feasible=True travel=1038 bad_cust=[] bad_pair=1 [(8, 117)] t=21.6
lns 3 early(K=20): energy=9337777 obj=1084 feasible=True travel=1038 bad_cust=[] bad_pair=1 [(8, 117)] t=24.0
lns 6 early(K=20): energy=9330779 obj=1083 feasible=True travel=1040 bad_cust=[] bad_pair=1 [(8, 117)] t=27.4
lns 9 early(K=20): energy=9302747 obj=1079 feasible=True travel=1036 bad_cust=[] bad_pair=1 [(8, 117)] t=30.9
lns 12 early(K=20): energy=9302735 obj=1079 feasible=True travel=1034 bad_cust=[] bad_pair=1 [(8, 117)] t=34.4
lns 15 early(K=20): energy=9267751 obj=1074 feasible=True travel=1030 bad_cust=[] bad_pair=1 [(8, 117)] t=37.9
lns 18 early(K=20): energy=9246719 obj=1071 feasible=True travel=1030 bad_cust=[] bad_pair=1 [(8, 117)] t=41.4
lns 21 early(K=20): energy=9246701 obj=1071 feasible=True travel=1027 bad_cust=[] bad_pair=1 [(8, 117)] t=44.9
lns 24 early(K=20): energy=9225680 obj=1068 feasible=True travel=1027 bad_cust=[] bad_pair=1 [(8, 117)] t=48.4
lns 27 early(K=20): energy=9225674 obj=1068 feasible=True travel=1026 bad_cust=[] bad_pair=1 [(8, 117)] t=51.9
lns 30 early(K=20): energy=9218679 obj=1067 feasible=True travel=1027 bad_cust=[] bad_pair=1 [(8, 117)] t=55.4
lns 33 early(K=20): energy=9190597 obj=1063 feasible=True travel=1022 bad_cust=[] bad_pair=1 [(8, 117)] t=58.9
lns 36 early(K=20): energy=9176561 obj=1061 feasible=True travel=1022 bad_cust=[] bad_pair=1 [(8, 117)] t=62.5
lns 39 early(K=20): energy=9113460 obj=1052 feasible=True travel=1021 bad_cust=[] bad_pair=1 [(8, 117)] t=66.0
lns 42 early(K=20): energy=9085410 obj=1048 feasible=True travel=1020 bad_cust=[] bad_pair=1 [(8, 117)] t=69.6
lns 45 early(K=20): energy=9071363 obj=1046 feasible=True travel=1020 bad_cust=[] bad_pair=1 [(8, 117)] t=73.1
lns 48 early(K=20): energy=9008229 obj=1037 feasible=True travel=1015 bad_cust=[] bad_pair=1 [(8, 117)] t=76.7
lns 49 early(K=20): energy=9008228 obj=1037 feasible=True travel=1015 bad_cust=[] bad_pair=1 [(8, 117)] t=77.9
lns 53 early(K=20): energy=8980175 obj=1033 feasible=True travel=1015 bad_cust=[] bad_pair=1 [(8, 117)] t=82.7
lns 56 early(K=20): energy=8924181 obj=1025 feasible=True travel=1014 bad_cust=[] bad_pair=1 [(8, 117)] t=86.3
lns 59 early(K=20): energy=8924155 obj=1025 feasible=True travel=1013 bad_cust=[] bad_pair=1 [(8, 117)] t=89.9
lns 62 early(K=20): energy=8882041 obj=1019 feasible=True travel=1011 bad_cust=[] bad_pair=1 [(8, 117)] t=93.5
lns 65 early(K=20): energy=8882038 obj=1019 feasible=True travel=1011 bad_cust=[] bad_pair=1 [(8, 117)] t=97.1
lns 68 early(K=20): energy=8776906 obj=1004 feasible=True travel=1006 bad_cust=[] bad_pair=1 [(8, 117)] t=100.7
lns 71 early(K=20): energy=8776876 obj=1004 feasible=True travel=1006 bad_cust=[] bad_pair=1 [(8, 117)] t=104.3
lns 74 early(K=20): energy=8713782 obj=995 feasible=True travel=1004 bad_cust=[] bad_pair=1 [(8, 117)] t=108.0
lns 76 early(K=20): energy=8706762 obj=994 feasible=True travel=1003 bad_cust=[] bad_pair=1 [(8, 117)] t=110.4
lns 79 early(K=20): energy=8699751 obj=993 feasible=True travel=1003 bad_cust=[] bad_pair=1 [(8, 117)] t=114.1
lns 83 early(K=20): energy=8692739 obj=992 feasible=True travel=1003 bad_cust=[] bad_pair=1 [(8, 117)] t=118.9
lns 86 early(K=20): energy=8685716 obj=991 feasible=True travel=1003 bad_cust=[] bad_pair=1 [(8, 117)] t=122.6
lns 89 early(K=20): energy=8608665 obj=980 feasible=True travel=999 bad_cust=[] bad_pair=1 [(8, 117)] t=126.3
lns 92 early(K=20): energy=6948234 obj=981 feasible=True travel=981 bad_cust=[] bad_pair=0 [] t=129.9
lns: K = 30 (t=177.4)
lns: K = 45 (t=205.3)
lns: K = 60 (t=231.4)
restart 1: energy=1091 obj=1091 feasible=True travel=1033 bad_cust=[] bad_pair=0 [] t=276.1
lns: K = 20 (t=276.1)
lns 176 early(K=20): energy=7684149 obj=1086 feasible=True travel=1032 bad_cust=[] bad_pair=0 [] t=277.4
lns 178 early(K=20): energy=7684128 obj=1086 feasible=True travel=1032 bad_cust=[] bad_pair=0 [] t=279.9
lns 181 early(K=20): energy=7677111 obj=1085 feasible=True travel=1032 bad_cust=[] bad_pair=0 [] t=283.7
lns 184 early(K=20): energy=7656092 obj=1082 feasible=True travel=1032 bad_cust=[] bad_pair=0 [] t=287.4
lns 187 early(K=20): energy=7586034 obj=1072 feasible=True travel=1026 bad_cust=[] bad_pair=0 [] t=291.2
lns 190 early(K=20): energy=7585990 obj=1072 feasible=True travel=1020 bad_cust=[] bad_pair=0 [] t=295.0
lns 193 early(K=20): energy=7536927 obj=1065 feasible=True travel=1018 bad_cust=[] bad_pair=0 [] t=298.8
lns: 194 回解き直し、改善 39 回、再出発 1 回

----------result(300.0 sec)----------
energy          = 981
objective       = 981
total_wait      = 172
violated cons   = 0
TTS         = 129.932 sec (最良解を見つけた時刻)
tour        = [0, 187, 119, 35, 41, 53, 5, 68, 108, 47, 136, 72, 24, 147, 173, 113, 1, 11, 23, 79, 167, 184, 141, 142, 143, 92, 191, 64, 67, 183, 45, 132, 62, 103, 66, 7, 198, 118, 75, 189, 36, 49, 93, 26, 130, 54, 170, 126, 180, 82, 158, 115, 57, 159, 65, 164, 195, 127, 120, 153, 152, 50, 123, 99, 150, 169, 56, 102, 111, 37, 166, 21, 168, 14, 101, 112, 162, 139, 31, 40, 27, 87, 28, 18, 61, 144, 194, 176, 193, 116, 89, 165, 86, 114, 140, 125, 199, 10, 60, 156, 34, 39, 179, 48, 95, 146, 181, 137, 134, 20, 105, 59, 22, 33, 163, 160, 58, 52, 128, 25, 121, 78, 30, 98, 124, 73, 97, 172, 196, 151, 32, 155, 177, 145, 77, 135, 106, 2, 171, 90, 88, 182, 188, 83, 138, 122, 175, 109, 63, 133, 84, 19, 85, 96, 110, 197, 192, 42, 100, 4, 174, 38, 185, 46, 76, 71, 161, 44, 80, 3, 69, 51, 70, 149, 15, 6, 17, 74, 29, 43, 107, 13, 190, 186, 81, 148, 91, 55, 16, 9, 12, 104, 154, 129, 117, 178, 8, 131, 200, 157, 94, 0]
visited     = 200/200
travel time = 981
return      = 1153 (limit 1183, 最早開始)
tw violations = 0
feasible    = True
model times = ok (ソルバの時刻: 到着前の開始 0 / 時間枠外 0 / 帰着 1153)
var_count   = 8709
term_count  = 885547
build       = 1.761 sec (式の構築 + simplify)
