QUBO++ Ver. 2026.09.30
Floating License for Hiroshima Univ. CS/IS Lab Member Only
Expires at: 2027/03/31 23:59:59
Variable Limit: Unlimited/Unlimited (CPU/GPU)
  (Unlimited: capped only by the implementation — up to 2^30 - 1 variables of each kind, binary and integer)
instance    = n20w20.004  N=21 (顧客 20)  L[0]=408  時間枠の平均幅 20.2
N=21  o vars = 345  (待機 43 / サービス 302)  prune=True  prec=True (186 組)  arcgap=True
conflict terms = 4798  (41 対)  うち 3 次の補正 0
colocated terms = 0
penalty: RET=409 CUST=229 CONF=115 CONT=115
build       = 1.097 sec
round 0: energy=396 obj=396 feasible=True travel=396 bad_cust=[] bad_pair=0 [] t=2.0

----------result(300.0 sec)----------
energy          = 396
objective       = 396
total_wait      = 7
violated cons   = 0
TTS         = 1.973 sec (最良解を見つけた時刻)
tour        = [0, 11, 3, 2, 19, 7, 15, 9, 8, 5, 6, 10, 14, 4, 12, 16, 18, 13, 20, 17, 1, 0]
visited     = 20/20
travel time = 396
return      = 403 (limit 408, 最早開始)
tw violations = 0
feasible    = True
model times = ok (ソルバの時刻: 到着前の開始 0 / 時間枠外 0 / 帰着 403)
var_count   = 345
term_count  = 4823
build       = 1.097 sec (式の構築 + simplify)
