QUBO++ Ver. 2026.09.30
Floating License for Hiroshima Univ. CS/IS Lab Member Only
Expires at: 2027/03/31 23:59:59
Variable Limit: Unlimited/Unlimited (CPU/GPU)
  (Unlimited: capped only by the implementation — up to 2^30 - 1 variables of each kind, binary and integer)
instance    = n20w80.004  N=21 (顧客 20)  L[0]=433  時間枠の平均幅 66.0
N=21  o vars = 1539  (待機 250 / サービス 1289)  prune=True  prec=True (148 組)  arcgap=True
conflict terms = 123140  (106 対)  うち 3 次の補正 0
colocated terms = 0
penalty: RET=434 CUST=209 CONF=105 CONT=105
build       = 1.063 sec
round 0: energy=304 obj=304 feasible=True travel=304 bad_cust=[] bad_pair=0 [] t=4.6

----------result(300.0 sec)----------
energy          = 304
objective       = 304
total_wait      = 41
violated cons   = 0
TTS         = 4.592 sec (最良解を見つけた時刻)
tour        = [0, 10, 18, 3, 17, 8, 19, 2, 7, 11, 4, 1, 14, 9, 13, 16, 6, 5, 20, 15, 12, 0]
visited     = 20/20
travel time = 304
return      = 345 (limit 433, 最早開始)
tw violations = 0
feasible    = True
model times = ok (ソルバの時刻: 到着前の開始 0 / 時間枠外 0 / 帰着 345)
var_count   = 1539
term_count  = 121292
build       = 1.063 sec (式の構築 + simplify)
