QUBO++ Ver. 2026.09.30
Floating License for Hiroshima Univ. CS/IS Lab Member Only
Expires at: 2027/03/31 23:59:59
Variable Limit: Unlimited/Unlimited (CPU/GPU)
  (Unlimited: capped only by the implementation — up to 2^30 - 1 variables of each kind, binary and integer)
instance    = n20w100.004  N=21 (顧客 20)  L[0]=468  時間枠の平均幅 98.2
N=21  o vars = 2318  (待機 355 / サービス 1963)  prune=True  prec=True (125 組)  arcgap=True
conflict terms = 336019  (134 対)  うち 3 次の補正 0
colocated terms = 0
penalty: RET=469 CUST=253 CONF=127 CONT=127
build       = 1.174 sec
round 0: energy=351 obj=351 feasible=True travel=351 bad_cust=[] bad_pair=0 [] t=20.2
lns 2 early(K=20): energy=642631 obj=349 feasible=True travel=349 bad_cust=[] bad_pair=0 [] t=25.9
lns: 2 回解き直し、改善 1 回、再出発 0 回

----------result(300.0 sec)----------
energy          = 349
objective       = 349
total_wait      = 30
violated cons   = 0
TTS         = 25.898 sec (最良解を見つけた時刻)
tour        = [0, 13, 6, 18, 17, 14, 10, 2, 11, 12, 1, 16, 19, 15, 8, 3, 4, 5, 7, 9, 20, 0]
visited     = 20/20
travel time = 349
return      = 379 (limit 468, 最早開始)
tw violations = 0
feasible    = True
model times = ok (ソルバの時刻: 到着前の開始 0 / 時間枠外 0 / 帰着 379)
var_count   = 2318
term_count  = 331504
build       = 1.174 sec (式の構築 + simplify)
