QUBO++ Ver. 2026.09.30
Floating License for Hiroshima Univ. CS/IS Lab Member Only
Expires at: 2027/03/31 23:59:59
Variable Limit: Unlimited/Unlimited (CPU/GPU)
  (Unlimited: capped only by the implementation — up to 2^30 - 1 variables of each kind, binary and integer)
instance    = n20w40.004  N=21 (顧客 20)  L[0]=407  時間枠の平均幅 38.5
N=21  o vars = 376  (待機 27 / サービス 349)  prune=True  prec=True (176 組)  arcgap=True
conflict terms = 6373  (55 対)  うち 3 次の補正 0
colocated terms = 0
penalty: RET=408 CUST=233 CONF=117 CONT=117
build       = 0.966 sec
round 0: energy=388 obj=388 feasible=True travel=388 bad_cust=[] bad_pair=0 [] t=0.4

----------result(300.0 sec)----------
energy          = 388
objective       = 388
total_wait      = 9
violated cons   = 0
TTS         = 0.433 sec (最良解を見つけた時刻)
tour        = [0, 13, 5, 1, 18, 4, 17, 7, 10, 11, 8, 15, 3, 12, 19, 6, 16, 2, 14, 20, 9, 0]
visited     = 20/20
travel time = 388
return      = 397 (limit 407, 最早開始)
tw violations = 0
feasible    = True
model times = ok (ソルバの時刻: 到着前の開始 0 / 時間枠外 0 / 帰着 397)
var_count   = 376
term_count  = 6157
build       = 0.966 sec (式の構築 + simplify)
