QUBO++ Ver. 2026.09.30
Floating License for Hiroshima Univ. CS/IS Lab Member Only
Expires at: 2027/03/31 23:59:59
Variable Limit: Unlimited/Unlimited (CPU/GPU)
  (Unlimited: capped only by the implementation — up to 2^30 - 1 variables of each kind, binary and integer)
instance    = n40w60.004  N=41 (顧客 40)  L[0]=509  時間枠の平均幅 60.4
N=41  o vars = 2916  (待機 527 / サービス 2389)  prune=True  prec=True (593 組)  arcgap=True
conflict terms = 293611  (359 対)  うち 3 次の補正 0
colocated terms = 0
penalty: RET=510 CUST=221 CONF=111 CONT=111
build       = 1.218 sec
round 0: energy=383 obj=383 feasible=True travel=382 bad_cust=[] bad_pair=0 [] t=20.2

----------result(300.0 sec)----------
energy          = 383
objective       = 383
total_wait      = 110
violated cons   = 0
TTS         = 20.188 sec (最良解を見つけた時刻)
tour        = [0, 13, 19, 26, 33, 3, 7, 15, 28, 9, 30, 18, 37, 4, 29, 31, 6, 24, 32, 36, 38, 14, 8, 10, 23, 5, 11, 39, 21, 34, 16, 35, 20, 2, 27, 25, 12, 1, 22, 17, 40, 0]
visited     = 40/40
travel time = 382
return      = 493 (limit 509, 最早開始)
tw violations = 0
feasible    = True
model times = ok (ソルバの時刻: 到着前の開始 0 / 時間枠外 0 / 帰着 493)
var_count   = 2916
term_count  = 285681
build       = 1.218 sec (式の構築 + simplify)
