QUBO++ Ver. 2026.09.30
Floating License for Hiroshima Univ. CS/IS Lab Member Only
Expires at: 2027/03/31 23:59:59
Variable Limit: Unlimited/Unlimited (CPU/GPU)
  (Unlimited: capped only by the implementation — up to 2^30 - 1 variables of each kind, binary and integer)
instance    = n40w80.004  N=41 (顧客 40)  L[0]=549  時間枠の平均幅 68.7
N=41  o vars = 2966  (待機 440 / サービス 2526)  prune=True  prec=True (649 組)  arcgap=True
conflict terms = 381238  (346 対)  うち 3 次の補正 0
colocated terms = 0
penalty: RET=550 CUST=233 CONF=117 CONT=117
build       = 1.148 sec
round 0: energy=418 obj=418 feasible=True travel=417 bad_cust=[] bad_pair=0 [] t=20.2

----------result(300.0 sec)----------
energy          = 418
objective       = 418
total_wait      = 53
violated cons   = 0
TTS         = 20.207 sec (最良解を見つけた時刻)
tour        = [0, 36, 15, 25, 20, 2, 10, 26, 30, 24, 27, 4, 39, 8, 3, 1, 33, 38, 19, 9, 37, 31, 28, 34, 14, 11, 22, 5, 12, 29, 23, 16, 21, 13, 7, 35, 32, 6, 18, 40, 17, 0]
visited     = 40/40
travel time = 417
return      = 471 (limit 549, 最早開始)
tw violations = 0
feasible    = True
model times = ok (ソルバの時刻: 到着前の開始 0 / 時間枠外 0 / 帰着 471)
var_count   = 2966
term_count  = 374919
build       = 1.148 sec (式の構築 + simplify)
