QUBO++ Ver. 2026.09.30
Floating License for Hiroshima Univ. CS/IS Lab Member Only
Expires at: 2027/03/31 23:59:59
Variable Limit: Unlimited/Unlimited (CPU/GPU)
  (Unlimited: capped only by the implementation — up to 2^30 - 1 variables of each kind, binary and integer)
instance    = n40w20.004  N=41 (顧客 40)  L[0]=455  時間枠の平均幅 19.9
N=41  o vars = 526  (待機 74 / サービス 452)  prune=True  prec=True (761 組)  arcgap=True
conflict terms = 6462  (112 対)  うち 3 次の補正 0
colocated terms = 0
penalty: RET=456 CUST=245 CONF=123 CONT=123
build       = 1.033 sec
round 0: energy=404 obj=404 feasible=True travel=404 bad_cust=[] bad_pair=0 [] t=0.4

----------result(300.0 sec)----------
energy          = 404
objective       = 404
total_wait      = 38
violated cons   = 0
TTS         = 0.447 sec (最良解を見つけた時刻)
tour        = [0, 7, 37, 11, 36, 5, 20, 35, 39, 22, 32, 28, 24, 19, 17, 25, 33, 12, 16, 1, 2, 38, 31, 14, 30, 27, 3, 15, 21, 29, 13, 10, 34, 26, 6, 18, 8, 9, 40, 4, 23, 0]
visited     = 40/40
travel time = 404
return      = 442 (limit 455, 最早開始)
tw violations = 0
feasible    = True
model times = ok (ソルバの時刻: 到着前の開始 0 / 時間枠外 0 / 帰着 442)
var_count   = 526
term_count  = 6366
build       = 1.033 sec (式の構築 + simplify)
