QUBO++ Ver. 2026.09.30
Floating License for Hiroshima Univ. CS/IS Lab Member Only
Expires at: 2027/03/31 23:59:59
Variable Limit: Unlimited/Unlimited (CPU/GPU)
  (Unlimited: capped only by the implementation — up to 2^30 - 1 variables of each kind, binary and integer)
instance    = n40w100.004  N=41 (顧客 40)  L[0]=555  時間枠の平均幅 91.8
N=41  o vars = 3446  (待機 484 / サービス 2962)  prune=True  prec=True (624 組)  arcgap=True
conflict terms = 489284  (349 対)  うち 3 次の補正 0
colocated terms = 0
penalty: RET=556 CUST=233 CONF=117 CONT=117
build       = 1.141 sec
round 0: energy=358 obj=358 feasible=True travel=357 bad_cust=[] bad_pair=0 [] t=20.2

----------result(300.0 sec)----------
energy          = 358
objective       = 358
total_wait      = 118
violated cons   = 0
TTS         = 20.222 sec (最良解を見つけた時刻)
tour        = [0, 2, 3, 18, 16, 11, 24, 28, 17, 10, 6, 26, 19, 20, 27, 39, 1, 15, 29, 37, 22, 5, 21, 7, 33, 23, 38, 32, 34, 13, 14, 30, 12, 9, 40, 8, 36, 25, 35, 31, 4, 0]
visited     = 40/40
travel time = 357
return      = 476 (limit 555, 最早開始)
tw violations = 0
feasible    = True
model times = ok (ソルバの時刻: 到着前の開始 0 / 時間枠外 0 / 帰着 476)
var_count   = 3446
term_count  = 479977
build       = 1.141 sec (式の構築 + simplify)
