QUBO++ Ver. 2026.09.30
Floating License for Hiroshima Univ. CS/IS Lab Member Only
Expires at: 2027/03/31 23:59:59
Variable Limit: Unlimited/Unlimited (CPU/GPU)
  (Unlimited: capped only by the implementation — up to 2^30 - 1 variables of each kind, binary and integer)
instance    = n40w40.004  N=41 (顧客 40)  L[0]=525  時間枠の平均幅 38.5
N=41  o vars = 1459  (待機 249 / サービス 1210)  prune=True  prec=True (716 組)  arcgap=True
conflict terms = 58571  (191 対)  うち 3 次の補正 0
colocated terms = 0
penalty: RET=526 CUST=201 CONF=101 CONT=101
build       = 0.989 sec
round 0: energy=452 obj=452 feasible=True travel=452 bad_cust=[] bad_pair=0 [] t=1.9

----------result(300.0 sec)----------
energy          = 452
objective       = 452
total_wait      = 56
violated cons   = 0
TTS         = 1.943 sec (最良解を見つけた時刻)
tour        = [0, 3, 14, 32, 17, 9, 33, 38, 8, 25, 12, 23, 26, 28, 1, 24, 15, 21, 13, 7, 39, 34, 6, 11, 35, 19, 20, 22, 29, 36, 10, 16, 5, 37, 27, 30, 18, 31, 2, 40, 4, 0]
visited     = 40/40
travel time = 452
return      = 508 (limit 525, 最早開始)
tw violations = 0
feasible    = True
model times = ok (ソルバの時刻: 到着前の開始 0 / 時間枠外 0 / 帰着 508)
var_count   = 1459
term_count  = 57538
build       = 0.989 sec (式の構築 + simplify)
