QUBO++ Ver. 2026.09.30
Floating License for Hiroshima Univ. CS/IS Lab Member Only
Expires at: 2027/03/31 23:59:59
Variable Limit: Unlimited/Unlimited (CPU/GPU)
  (Unlimited: capped only by the implementation — up to 2^30 - 1 variables of each kind, binary and integer)
instance    = n60w40.004  N=61 (顧客 60)  L[0]=643  時間枠の平均幅 40.0
N=61  o vars = 1677  (待機 198 / サービス 1479)  prune=True  prec=True (1683 組)  arcgap=True
conflict terms = 71346  (361 対)  うち 3 次の補正 0
colocated terms = 0
penalty: RET=644 CUST=237 CONF=119 CONT=119
build       = 1.049 sec
round 0: energy=597 obj=597 feasible=True travel=597 bad_cust=[] bad_pair=0 [] t=11.7

----------result(300.0 sec)----------
energy          = 597
objective       = 597
total_wait      = 31
violated cons   = 0
TTS         = 11.724 sec (最良解を見つけた時刻)
tour        = [0, 3, 55, 10, 50, 8, 38, 26, 13, 24, 12, 9, 32, 31, 35, 27, 23, 29, 53, 49, 41, 43, 22, 39, 21, 57, 59, 5, 4, 15, 37, 54, 19, 14, 30, 51, 20, 44, 48, 2, 11, 17, 7, 18, 1, 42, 33, 46, 47, 40, 25, 36, 34, 16, 52, 58, 28, 45, 60, 56, 6, 0]
visited     = 60/60
travel time = 597
return      = 628 (limit 643, 最早開始)
tw violations = 0
feasible    = True
model times = ok (ソルバの時刻: 到着前の開始 0 / 時間枠外 0 / 帰着 628)
var_count   = 1677
term_count  = 69678
build       = 1.049 sec (式の構築 + simplify)
