QUBO++ Ver. 2026.09.30
Floating License for Hiroshima Univ. CS/IS Lab Member Only
Expires at: 2027/03/31 23:59:59
Variable Limit: Unlimited/Unlimited (CPU/GPU)
  (Unlimited: capped only by the implementation — up to 2^30 - 1 variables of each kind, binary and integer)
instance    = n60w20.004  N=61 (顧客 60)  L[0]=684  時間枠の平均幅 19.7
N=61  o vars = 925  (待機 144 / サービス 781)  prune=True  prec=True (1723 組)  arcgap=True
conflict terms = 15990  (216 対)  うち 3 次の補正 0
colocated terms = 0
penalty: RET=685 CUST=241 CONF=121 CONT=121
build       = 1.026 sec
round 0: energy=616 obj=616 feasible=True travel=616 bad_cust=[] bad_pair=0 [] t=0.8

----------result(300.0 sec)----------
energy          = 616
objective       = 616
total_wait      = 54
violated cons   = 0
TTS         = 0.763 sec (最良解を見つけた時刻)
tour        = [0, 25, 13, 8, 49, 48, 56, 10, 12, 33, 43, 27, 58, 35, 29, 11, 38, 3, 9, 23, 4, 30, 54, 41, 50, 44, 2, 34, 22, 55, 21, 18, 1, 6, 14, 5, 42, 46, 7, 15, 17, 47, 20, 40, 24, 19, 28, 31, 39, 26, 45, 52, 37, 53, 32, 59, 36, 16, 60, 51, 57, 0]
visited     = 60/60
travel time = 616
return      = 670 (limit 684, 最早開始)
tw violations = 0
feasible    = True
model times = ok (ソルバの時刻: 到着前の開始 0 / 時間枠外 0 / 帰着 670)
var_count   = 925
term_count  = 15656
build       = 1.026 sec (式の構築 + simplify)
