QUBO++ Ver. 2026.09.30
Floating License for Hiroshima Univ. CS/IS Lab Member Only
Expires at: 2027/03/31 23:59:59
Variable Limit: Unlimited/Unlimited (CPU/GPU)
  (Unlimited: capped only by the implementation — up to 2^30 - 1 variables of each kind, binary and integer)
instance    = n80w20.004  N=81 (顧客 80)  L[0]=707  時間枠の平均幅 19.6
N=81  o vars = 1408  (待機 226 / サービス 1182)  prune=True  prec=True (3071 組)  arcgap=True
conflict terms = 27669  (335 対)  うち 3 次の補正 0
colocated terms = 6
penalty: RET=708 CUST=237 CONF=119 CONT=119
build       = 1.022 sec
round 0: energy=615 obj=615 feasible=True travel=615 bad_cust=[] bad_pair=0 [] t=16.2

----------result(300.0 sec)----------
energy          = 615
objective       = 615
total_wait      = 79
violated cons   = 0
TTS         = 16.182 sec (最良解を見つけた時刻)
tour        = [0, 70, 24, 47, 74, 20, 65, 14, 16, 10, 8, 22, 72, 53, 39, 9, 12, 62, 63, 5, 25, 75, 42, 29, 23, 67, 31, 11, 73, 56, 51, 64, 34, 43, 45, 21, 15, 61, 40, 44, 36, 3, 48, 30, 17, 79, 18, 19, 35, 37, 38, 57, 6, 66, 60, 1, 77, 41, 27, 69, 68, 49, 50, 2, 7, 76, 28, 52, 59, 58, 54, 46, 26, 32, 78, 71, 4, 55, 80, 13, 33, 0]
visited     = 80/80
travel time = 615
return      = 694 (limit 707, 最早開始)
tw violations = 0
feasible    = True
model times = ok (ソルバの時刻: 到着前の開始 0 / 時間枠外 0 / 帰着 694)
var_count   = 1408
term_count  = 26701
build       = 1.022 sec (式の構築 + simplify)
