QUBO++ Ver. 2026.09.30
Floating License for Hiroshima Univ. CS/IS Lab Member Only
Expires at: 2027/03/31 23:59:59
Variable Limit: Unlimited/Unlimited (CPU/GPU)
  (Unlimited: capped only by the implementation — up to 2^30 - 1 variables of each kind, binary and integer)
instance    = n80w60.004  N=81 (顧客 80)  L[0]=762  時間枠の平均幅 59.9
N=81  o vars = 4761  (待機 628 / サービス 4133)  prune=True  prec=True (2786 組)  arcgap=True
conflict terms = 583375  (877 対)  うち 3 次の補正 0
colocated terms = 14
penalty: RET=763 CUST=241 CONF=121 CONT=121
build       = 1.286 sec
round 0: energy=633 obj=633 feasible=True travel=632 bad_cust=[] bad_pair=0 [] t=20.3
lns 1 early(K=20): energy=2545616 obj=633 feasible=True travel=632 bad_cust=[] bad_pair=0 [] t=21.4
lns 6 early(K=20): energy=2545613 obj=633 feasible=True travel=632 bad_cust=[] bad_pair=0 [] t=27.1
lns 9 early(K=20): energy=2537636 obj=631 feasible=True travel=631 bad_cust=[] bad_pair=0 [] t=31.0
lns 16 early(K=20): energy=2489700 obj=619 feasible=True travel=619 bad_cust=[] bad_pair=0 [] t=41.2
lns: 16 回解き直し、改善 4 回、再出発 0 回

----------result(300.0 sec)----------
energy          = 619
objective       = 619
total_wait      = 99
violated cons   = 0
TTS         = 41.225 sec (最良解を見つけた時刻)
tour        = [0, 31, 7, 32, 42, 58, 38, 10, 22, 35, 5, 73, 59, 30, 16, 77, 37, 79, 56, 72, 15, 17, 26, 45, 34, 29, 63, 62, 24, 13, 1, 75, 65, 49, 70, 54, 4, 27, 25, 69, 76, 60, 74, 19, 3, 78, 66, 61, 44, 47, 71, 14, 21, 41, 6, 20, 12, 52, 9, 33, 53, 43, 39, 64, 55, 11, 57, 48, 40, 36, 8, 50, 2, 28, 68, 51, 23, 46, 80, 18, 67, 0]
visited     = 80/80
travel time = 619
return      = 718 (limit 762, 最早開始)
tw violations = 0
feasible    = True
model times = ok (ソルバの時刻: 到着前の開始 0 / 時間枠外 0 / 帰着 718)
var_count   = 4761
term_count  = 568201
build       = 1.286 sec (式の構築 + simplify)
