QUBO++ Ver. 2026.09.25
Floating License for Hiroshima Univ. CS/IS Lab Member Only
Expires at: 2027/03/31 23:59:59
Variable Limit: Unlimited/Unlimited (CPU/GPU)
  (Unlimited: capped only by the implementation — up to 2^30 - 1 variables of each kind, binary and integer)
instance    = n100w20.001  N=101 (顧客 100)  L[0]=835  時間枠の平均幅 19.7
vehicles    = 3
objective   = max (帰着時刻の最大値, 不等式制約版)
HINT: この定式化はモデルが重いので 60 秒以上を推奨 (いまは 30.0 秒)
N=101  m=3  x vars = 8631
conflict terms = 2346117
Z in [827, 835] (integer)  ret<=Z cons = 3
penalty: ONCE=836 CONF=836 ZMAX=836
build       = 2.392 sec (式の構築 + simplify)
solve now...(30.0 sec)
TTS         = 0.080 sec (最良解を見つけた時刻)

----------result(30.0 sec)----------
energy          = 827
objective       = 827
ret_total       = 2289
once_constraint = 0
conflict_constr = 0
zmax_constr     = 0
violated cons   = 0

--- vehicle 0 --- (5 顧客)
  travel= 169 return= 678 (RET var = 678)

--- vehicle 1 --- (31 顧客)
  travel= 403 return= 784 (RET var = 784)

--- vehicle 2 --- (64 顧客)
  travel= 559 return= 827 (RET var = 827)

=== summary ===
route[0]    = [0, 68, 57, 70, 43, 80, 0]
route[1]    = [0, 28, 22, 61, 64, 56, 12, 76, 85, 92, 98, 78, 75, 2, 55, 91, 40, 33, 31, 7, 15, 48, 58, 67, 89, 54, 63, 17, 14, 25, 21, 36, 0]
route[2]    = [0, 88, 30, 1, 49, 11, 9, 42, 65, 72, 20, 79, 4, 50, 95, 24, 62, 6, 60, 86, 94, 53, 32, 10, 8, 5, 29, 87, 93, 34, 3, 77, 41, 74, 44, 16, 27, 13, 59, 23, 19, 66, 47, 35, 38, 18, 73, 96, 46, 83, 52, 84, 97, 39, 90, 99, 37, 82, 81, 71, 45, 26, 51, 100, 69, 0]
visited     = 100/100
total travel = 1131
max travel  = 559
return      = [659, 783, 827] (limit 835, 最早開始)
tw violations = 0
feasible    = True
model times = ok (ソルバの時刻: 到着前の開始 0 / 時間枠外 0)
RET var == モデルの帰着 = True
var_count   = 8631
term_count  = 2340816
max return  = 827 (最早開始。Z = 827 以下になるはず)
used vehicles = 3/3
      (最遅以外の車両の RET は Z 以下のどこでも目的が変わらないので、
       「RET var == モデルの帰着」は False になりうる)
