QUBO++ Ver. 2026.09.25
Floating License for Hiroshima Univ. CS/IS Lab Member Only
Expires at: 2027/03/31 23:59:59
Variable Limit: Unlimited/Unlimited (CPU/GPU)
  (Unlimited: capped only by the implementation — up to 2^30 - 1 variables of each kind, binary and integer)
instance    = n100w20.001  N=101 (顧客 100)  L[0]=835  時間枠の平均幅 19.7
vehicles    = 3
objective   = max (帰着時刻の最大値, 不等式制約版)
HINT: この定式化はモデルが重いので 60 秒以上を推奨 (いまは 30.0 秒)
N=101  m=3  x vars = 8631
conflict terms = 2346117
Z in [827, 835] (integer)  ret<=Z cons = 3
penalty: ONCE=836 CONF=836 ZMAX=836
build       = 2.419 sec (式の構築 + simplify)
solve now...(30.0 sec)
TTS         = 0.082 sec (最良解を見つけた時刻)

----------result(30.0 sec)----------
energy          = 827
objective       = 827
ret_total       = 2371
once_constraint = 0
conflict_constr = 0
zmax_constr     = 0
violated cons   = 0

--- vehicle 0 --- (7 顧客)
  travel= 240 return= 761 (RET var = 761)

--- vehicle 1 --- (27 顧客)
  travel= 340 return= 783 (RET var = 783)

--- vehicle 2 --- (66 顧客)
  travel= 594 return= 827 (RET var = 827)

=== summary ===
route[0]    = [0, 11, 8, 43, 38, 18, 99, 21, 0]
route[1]    = [0, 1, 9, 65, 95, 61, 64, 32, 12, 76, 85, 92, 98, 78, 59, 23, 19, 66, 33, 31, 7, 83, 52, 90, 89, 14, 80, 36, 0]
route[2]    = [0, 88, 30, 68, 49, 57, 42, 28, 72, 20, 79, 4, 50, 22, 24, 6, 62, 60, 86, 94, 53, 56, 10, 70, 5, 29, 87, 93, 34, 3, 77, 2, 75, 44, 74, 41, 27, 16, 55, 13, 91, 40, 47, 35, 96, 15, 73, 46, 48, 58, 84, 97, 39, 67, 37, 54, 82, 81, 17, 63, 71, 25, 45, 26, 51, 100, 69, 0]
visited     = 100/100
total travel = 1174
max travel  = 594
return      = [760, 783, 827] (limit 835, 最早開始)
tw violations = 0
feasible    = True
model times = ok (ソルバの時刻: 到着前の開始 0 / 時間枠外 0)
RET var == モデルの帰着 = True
var_count   = 8631
term_count  = 2340816
max return  = 827 (最早開始。Z = 827 以下になるはず)
used vehicles = 3/3
      (最遅以外の車両の RET は Z 以下のどこでも目的が変わらないので、
       「RET var == モデルの帰着」は False になりうる)
