QUBO++ Ver. 2026.09.25
Floating License for Hiroshima Univ. CS/IS Lab Member Only
Expires at: 2027/03/31 23:59:59
Variable Limit: Unlimited/Unlimited (CPU/GPU)
  (Unlimited: capped only by the implementation — up to 2^30 - 1 variables of each kind, binary and integer)
instance    = n100w20.001  N=101 (顧客 100)  L[0]=835  時間枠の平均幅 19.7
vehicles    = 3
objective   = max (帰着時刻の最大値, 不等式制約版)
HINT: この定式化はモデルが重いので 60 秒以上を推奨 (いまは 30.0 秒)
N=101  m=3  x vars = 8631
conflict terms = 2346117
Z in [827, 835] (integer)  ret<=Z cons = 3
penalty: ONCE=836 CONF=836 ZMAX=836
build       = 2.468 sec (式の構築 + simplify)
solve now...(30.0 sec)
TTS         = 0.099 sec (最良解を見つけた時刻)

----------result(30.0 sec)----------
energy          = 827
objective       = 827
ret_total       = 2394
once_constraint = 0
conflict_constr = 0
zmax_constr     = 0
violated cons   = 0

--- vehicle 0 --- (9 顧客)
  travel= 212 return= 776 (RET var = 776)

--- vehicle 1 --- (25 顧客)
  travel= 349 return= 827 (RET var = 827)

--- vehicle 2 --- (66 顧客)
  travel= 562 return= 791 (RET var = 791)

=== summary ===
route[0]    = [0, 64, 56, 92, 43, 91, 47, 38, 37, 100, 0]
route[1]    = [0, 9, 65, 20, 79, 22, 6, 94, 61, 70, 34, 3, 13, 19, 40, 18, 15, 31, 83, 97, 99, 89, 14, 25, 45, 69, 0]
route[2]    = [0, 88, 30, 1, 68, 49, 11, 57, 42, 28, 72, 4, 50, 95, 24, 62, 60, 86, 53, 32, 10, 8, 12, 5, 29, 87, 93, 76, 85, 98, 78, 77, 75, 2, 74, 44, 41, 27, 55, 16, 59, 23, 35, 66, 33, 73, 96, 7, 46, 52, 48, 84, 58, 39, 90, 67, 81, 17, 54, 63, 82, 71, 80, 26, 51, 21, 36, 0]
visited     = 100/100
total travel = 1123
max travel  = 562
return      = [746, 827, 783] (limit 835, 最早開始)
tw violations = 0
feasible    = True
model times = ok (ソルバの時刻: 到着前の開始 0 / 時間枠外 0)
RET var == モデルの帰着 = True
var_count   = 8631
term_count  = 2340816
max return  = 827 (最早開始。Z = 827 以下になるはず)
used vehicles = 3/3
      (最遅以外の車両の RET は Z 以下のどこでも目的が変わらないので、
       「RET var == モデルの帰着」は False になりうる)
