QUBO++ Ver. 2026.09.25
Floating License for Hiroshima Univ. CS/IS Lab Member Only
Expires at: 2027/03/31 23:59:59
Variable Limit: Unlimited/Unlimited (CPU/GPU)
  (Unlimited: capped only by the implementation — up to 2^30 - 1 variables of each kind, binary and integer)
instance    = n60w60.001  N=61 (顧客 60)  L[0]=748  時間枠の平均幅 54.4
vehicles    = 3
objective   = max (帰着時刻の最大値, 不等式制約版)
HINT: この定式化はモデルが重いので 60 秒以上を推奨 (いまは 30.0 秒)
N=61  m=3  x vars = 11793
conflict terms = 3290385
Z in [705, 748] (integer)  ret<=Z cons = 3
penalty: ONCE=749 CONF=749 ZMAX=749
build       = 3.971 sec (式の構築 + simplify)
solve now...(30.0 sec)
TTS         = 1.345 sec (最良解を見つけた時刻)

----------result(30.0 sec)----------
energy          = 705
objective       = 705
ret_total       = 1875
once_constraint = 0
conflict_constr = 0
zmax_constr     = 0
violated cons   = 0

--- vehicle 0 --- (12 顧客)
  travel= 273 return= 705 (RET var = 705)

--- vehicle 1 --- (20 顧客)
  travel= 299 return= 491 (RET var = 491)

--- vehicle 2 --- (28 顧客)
  travel= 378 return= 679 (RET var = 679)

=== summary ===
route[0]    = [0, 49, 33, 14, 27, 45, 42, 22, 4, 5, 3, 23, 6, 0]
route[1]    = [0, 26, 8, 16, 39, 7, 30, 37, 47, 38, 1, 18, 31, 24, 44, 43, 58, 15, 36, 50, 57, 0]
route[2]    = [0, 46, 34, 19, 52, 20, 2, 25, 12, 29, 56, 53, 28, 32, 40, 11, 35, 17, 21, 51, 48, 9, 54, 10, 59, 41, 55, 60, 13, 0]
visited     = 60/60
total travel = 950
max travel  = 378
return      = [705, 450, 668] (limit 748, 最早開始)
tw violations = 0
feasible    = True
model times = ok (ソルバの時刻: 到着前の開始 0 / 時間枠外 0)
RET var == モデルの帰着 = True
var_count   = 11793
term_count  = 3264447
max return  = 705 (最早開始。Z = 705 以下になるはず)
used vehicles = 3/3
      (最遅以外の車両の RET は Z 以下のどこでも目的が変わらないので、
       「RET var == モデルの帰着」は False になりうる)
