QUBO++ Ver. 2026.09.25
Floating License for Hiroshima Univ. CS/IS Lab Member Only
Expires at: 2027/03/31 23:59:59
Variable Limit: Unlimited/Unlimited (CPU/GPU)
  (Unlimited: capped only by the implementation — up to 2^30 - 1 variables of each kind, binary and integer)
instance    = n60w60.001  N=61 (顧客 60)  L[0]=748  時間枠の平均幅 54.4
vehicles    = 3
objective   = max (帰着時刻の最大値, 不等式制約版)
HINT: この定式化はモデルが重いので 60 秒以上を推奨 (いまは 30.0 秒)
N=61  m=3  x vars = 11793
conflict terms = 3290385
Z in [705, 748] (integer)  ret<=Z cons = 3
penalty: ONCE=749 CONF=749 ZMAX=749
build       = 2.871 sec (式の構築 + simplify)
solve now...(30.0 sec)
TTS         = 1.239 sec (最良解を見つけた時刻)

----------result(30.0 sec)----------
energy          = 705
objective       = 705
ret_total       = 1885
once_constraint = 0
conflict_constr = 0
zmax_constr     = 0
violated cons   = 0

--- vehicle 0 --- (14 顧客)
  travel= 327 return= 705 (RET var = 705)

--- vehicle 1 --- (16 顧客)
  travel= 253 return= 497 (RET var = 497)

--- vehicle 2 --- (30 顧客)
  travel= 438 return= 683 (RET var = 683)

=== summary ===
route[0]    = [0, 16, 39, 7, 56, 53, 38, 28, 1, 18, 31, 24, 3, 59, 6, 0]
route[1]    = [0, 34, 20, 46, 25, 12, 29, 45, 30, 42, 32, 48, 44, 9, 54, 10, 41, 0]
route[2]    = [0, 49, 26, 8, 52, 2, 33, 14, 19, 37, 47, 27, 22, 40, 4, 11, 35, 17, 51, 21, 5, 43, 58, 15, 36, 50, 57, 55, 23, 60, 13, 0]
visited     = 60/60
total travel = 1018
max travel  = 438
return      = [705, 479, 668] (limit 748, 最早開始)
tw violations = 0
feasible    = True
model times = ok (ソルバの時刻: 到着前の開始 0 / 時間枠外 0)
RET var == モデルの帰着 = True
var_count   = 11793
term_count  = 3264447
max return  = 705 (最早開始。Z = 705 以下になるはず)
used vehicles = 3/3
      (最遅以外の車両の RET は Z 以下のどこでも目的が変わらないので、
       「RET var == モデルの帰着」は False になりうる)
