QUBO++ Ver. 2026.09.30
Floating License for Hiroshima Univ. CS/IS Lab Member Only
Expires at: 2027/03/31 23:59:59
Variable Limit: Unlimited/Unlimited (CPU/GPU)
  (Unlimited: capped only by the implementation — up to 2^30 - 1 variables of each kind, binary and integer)
instance    = n40w20.001  N=41 (顧客 40)  L[0]=547  時間枠の平均幅 20.8
N=41  o vars = 803  (待機 107 / サービス 696)  prune=True  prec=True (751 組)  arcgap=True
conflict terms = 14388  (136 対)
colocated terms = 4
penalty: RET=548 CUST=241 CONF=121 CONT=121
build       = 1.065 sec
round 0: energy=500 obj=500 feasible=True travel=500 bad_cust=[] bad_pair=0 [] t=7.9

----------result(120.0 sec)----------
energy          = 500
objective       = 500
total_wait      = 26
violated cons   = 0
TTS         = 7.883 sec (最良解を見つけた時刻)
tour        = [0, 7, 13, 16, 37, 6, 15, 12, 39, 2, 35, 25, 4, 23, 32, 3, 38, 8, 1, 18, 33, 14, 5, 36, 10, 31, 22, 21, 26, 11, 29, 9, 19, 27, 34, 28, 24, 20, 17, 40, 30, 0]
visited     = 40/40
travel time = 500
return      = 526 (limit 547, 最早開始)
tw violations = 0
feasible    = True
model times = ok (ソルバの時刻: 到着前の開始 0 / 時間枠外 0 / 帰着 526)
var_count   = 803
term_count  = 14199
build       = 1.065 sec (式の構築 + simplify)
