QUBO++ Ver. 2026.09.30
Floating License for Hiroshima Univ. CS/IS Lab Member Only
Expires at: 2027/03/31 23:59:59
Variable Limit: Unlimited/Unlimited (CPU/GPU)
  (Unlimited: capped only by the implementation — up to 2^30 - 1 variables of each kind, binary and integer)
instance    = n40w60.001  N=41 (顧客 40)  L[0]=608  時間枠の平均幅 58.4
N=41  o vars = 2378  (待機 268 / サービス 2110)  prune=True  prec=True (677 組)  arcgap=True
conflict terms = 180290  (275 対)
colocated terms = 0
penalty: RET=609 CUST=237 CONF=119 CONT=119
build       = 1.065 sec
round 0: energy=608 obj=489 feasible=False travel=488 bad_cust=[] bad_pair=1 [(21, 22)] t=20.5
lns 2 (K=20, 窓 10): energy=500 obj=500 feasible=True travel=498 bad_cust=[] bad_pair=0 [] t=22.7
lns 3 (K=20, 窓 20): energy=498 obj=498 feasible=True travel=498 bad_cust=[] bad_pair=0 [] t=23.7
lns 8 (K=20, 窓 32): energy=494 obj=494 feasible=True travel=494 bad_cust=[] bad_pair=0 [] t=29.0
lns: 8 回解き直し、改善 3 回

----------result(120.0 sec)----------
energy          = 494
objective       = 494
total_wait      = 45
violated cons   = 0
TTS         = 28.970 sec (最良解を見つけた時刻)
tour        = [0, 15, 6, 36, 16, 8, 17, 4, 7, 33, 10, 19, 32, 1, 27, 9, 22, 21, 12, 18, 25, 31, 13, 3, 23, 26, 5, 35, 30, 34, 14, 28, 29, 38, 39, 2, 20, 37, 40, 11, 24, 0]
visited     = 40/40
travel time = 494
return      = 539 (limit 608, 最早開始)
tw violations = 0
feasible    = True
model times = ok (ソルバの時刻: 到着前の開始 0 / 時間枠外 0 / 帰着 539)
var_count   = 2378
term_count  = 176588
build       = 1.065 sec (式の構築 + simplify)
