QUBO++ Ver. 2026.09.30
Floating License for Hiroshima Univ. CS/IS Lab Member Only
Expires at: 2027/03/31 23:59:59
Variable Limit: Unlimited/Unlimited (CPU/GPU)
  (Unlimited: capped only by the implementation — up to 2^30 - 1 variables of each kind, binary and integer)
instance    = n60w20.001  N=61 (顧客 60)  L[0]=601  時間枠の平均幅 19.3
N=61  o vars = 1055  (待機 163 / サービス 892)  prune=True  prec=True (1710 組)  arcgap=True
conflict terms = 20593  (213 対)
colocated terms = 0
penalty: RET=602 CUST=249 CONF=125 CONT=125
build       = 0.983 sec
round 0: energy=668 obj=543 feasible=True travel=552 bad_cust=[] bad_pair=1 [(39, 43)] t=20.5
lns: K を 30 に広げる (t=26.7)
lns: K を 45 に広げる (t=32.8)
lns 12 (K=45, 窓 40): energy=554 obj=554 feasible=True travel=552 bad_cust=[] bad_pair=0 [] t=37.4
lns 14 (K=45, 窓 24): energy=552 obj=552 feasible=True travel=552 bad_cust=[] bad_pair=0 [] t=41.9
lns 16 (K=45, 窓 8): energy=551 obj=551 feasible=True travel=551 bad_cust=[] bad_pair=0 [] t=46.5
lns: 16 回解き直し、改善 3 回

----------result(120.0 sec)----------
energy          = 551
objective       = 551
total_wait      = 35
violated cons   = 0
TTS         = 46.514 sec (最良解を見つけた時刻)
tour        = [0, 6, 12, 38, 48, 9, 15, 51, 34, 56, 17, 19, 42, 58, 22, 59, 32, 7, 25, 13, 4, 52, 5, 44, 50, 30, 18, 47, 46, 31, 16, 23, 21, 2, 28, 41, 10, 29, 11, 27, 39, 43, 45, 35, 26, 8, 57, 3, 33, 54, 1, 24, 49, 37, 20, 36, 55, 14, 40, 60, 53, 0]
visited     = 60/60
travel time = 551
return      = 586 (limit 601, 最早開始)
tw violations = 0
feasible    = True
model times = ok (ソルバの時刻: 到着前の開始 0 / 時間枠外 0 / 帰着 586)
var_count   = 1055
term_count  = 19953
build       = 0.983 sec (式の構築 + simplify)
