QUBO++ Ver. 2026.09.25
Floating License for Hiroshima Univ. CS/IS Lab Member Only
Expires at: 2027/03/31 23:59:59
Variable Limit: Unlimited/Unlimited (CPU/GPU)
  (Unlimited: capped only by the implementation — up to 2^30 - 1 variables of each kind, binary and integer)
instance    = n100w20.001  N=101 (顧客 100)  L[0]=835  時間枠の平均幅 19.7
vehicles    = 2
objective   = max (帰着時刻の最大値, 不等式制約版)
HINT: この定式化はモデルが重いので 60 秒以上を推奨 (いまは 30.0 秒)
N=101  m=2  x vars = 5754
conflict terms = 1564078
Z in [827, 835] (integer)  ret<=Z cons = 2
penalty: ONCE=836 CONF=836 ZMAX=836
build       = 1.432 sec (式の構築 + simplify)
solve now...(30.0 sec)
TTS         = 0.024 sec (最良解を見つけた時刻)

----------result(30.0 sec)----------
energy          = 827
objective       = 827
ret_total       = 1619
once_constraint = 0
conflict_constr = 0
zmax_constr     = 0
violated cons   = 0

--- vehicle 0 --- (28 顧客)
  travel= 427 return= 792 (RET var = 792)

--- vehicle 1 --- (72 顧客)
  travel= 553 return= 827 (RET var = 827)

=== summary ===
route[0]    = [0, 68, 42, 20, 22, 53, 10, 32, 34, 3, 77, 43, 74, 41, 59, 91, 19, 47, 31, 7, 52, 99, 90, 37, 82, 63, 45, 51, 36, 0]
route[1]    = [0, 88, 30, 1, 49, 11, 57, 9, 65, 28, 72, 4, 79, 50, 95, 24, 6, 62, 60, 86, 94, 64, 56, 61, 8, 12, 70, 5, 29, 87, 93, 76, 85, 92, 98, 78, 2, 75, 44, 27, 16, 55, 13, 23, 66, 40, 35, 38, 18, 33, 96, 73, 15, 83, 46, 48, 84, 58, 39, 97, 67, 89, 81, 17, 54, 71, 14, 80, 25, 26, 21, 100, 69, 0]
visited     = 100/100
total travel = 980
max travel  = 553
return      = [783, 827] (limit 835, 最早開始)
tw violations = 0
feasible    = True
model times = ok (ソルバの時刻: 到着前の開始 0 / 時間枠外 0)
RET var == モデルの帰着 = True
var_count   = 5754
term_count  = 1560544
max return  = 827 (最早開始。Z = 827 以下になるはず)
used vehicles = 2/2
      (最遅以外の車両の RET は Z 以下のどこでも目的が変わらないので、
       「RET var == モデルの帰着」は False になりうる)
