QUBO++ Ver. 2026.09.25
Floating License for Hiroshima Univ. CS/IS Lab Member Only
Expires at: 2027/03/31 23:59:59
Variable Limit: Unlimited/Unlimited (CPU/GPU)
  (Unlimited: capped only by the implementation — up to 2^30 - 1 variables of each kind, binary and integer)
instance    = n100w20.001  N=101 (顧客 100)  L[0]=835  時間枠の平均幅 19.7
vehicles    = 2
objective   = max (帰着時刻の最大値, 不等式制約版)
HINT: この定式化はモデルが重いので 60 秒以上を推奨 (いまは 30.0 秒)
N=101  m=2  x vars = 5754
conflict terms = 1564078
Z in [827, 835] (integer)  ret<=Z cons = 2
penalty: ONCE=836 CONF=836 ZMAX=836
build       = 1.383 sec (式の構築 + simplify)
solve now...(30.0 sec)
TTS         = 0.023 sec (最良解を見つけた時刻)

----------result(30.0 sec)----------
energy          = 827
objective       = 827
ret_total       = 1588
once_constraint = 0
conflict_constr = 0
zmax_constr     = 0
violated cons   = 0

--- vehicle 0 --- (34 顧客)
  travel= 419 return= 761 (RET var = 761)

--- vehicle 1 --- (66 顧客)
  travel= 621 return= 827 (RET var = 827)

=== summary ===
route[0]    = [0, 68, 42, 28, 95, 62, 64, 32, 10, 70, 34, 92, 78, 77, 43, 2, 41, 59, 91, 19, 40, 38, 33, 15, 7, 46, 48, 97, 67, 54, 63, 81, 25, 45, 100, 0]
route[1]    = [0, 88, 30, 1, 49, 11, 57, 9, 65, 72, 20, 4, 79, 50, 22, 24, 6, 60, 86, 94, 53, 61, 56, 8, 12, 5, 29, 87, 93, 85, 76, 98, 3, 75, 74, 44, 27, 55, 16, 13, 23, 35, 66, 47, 18, 31, 96, 73, 83, 52, 58, 84, 39, 99, 90, 89, 37, 82, 17, 71, 14, 80, 26, 51, 21, 36, 69, 0]
visited     = 100/100
total travel = 1040
max travel  = 621
return      = [746, 827] (limit 835, 最早開始)
tw violations = 0
feasible    = True
model times = ok (ソルバの時刻: 到着前の開始 0 / 時間枠外 0)
RET var == モデルの帰着 = True
var_count   = 5754
term_count  = 1560544
max return  = 827 (最早開始。Z = 827 以下になるはず)
used vehicles = 2/2
      (最遅以外の車両の RET は Z 以下のどこでも目的が変わらないので、
       「RET var == モデルの帰着」は False になりうる)
