QUBO++ Ver. 2026.09.25
Floating License for Hiroshima Univ. CS/IS Lab Member Only
Expires at: 2027/03/31 23:59:59
Variable Limit: Unlimited/Unlimited (CPU/GPU)
  (Unlimited: capped only by the implementation — up to 2^30 - 1 variables of each kind, binary and integer)
instance    = n60w60.001  N=61 (顧客 60)  L[0]=748  時間枠の平均幅 54.4
vehicles    = 2
objective   = max (帰着時刻の最大値, 不等式制約版)
HINT: この定式化はモデルが重いので 60 秒以上を推奨 (いまは 30.0 秒)
N=61  m=2  x vars = 7862
conflict terms = 2193590
Z in [705, 748] (integer)  ret<=Z cons = 2
penalty: ONCE=749 CONF=749 ZMAX=749
build       = 1.536 sec (式の構築 + simplify)
solve now...(30.0 sec)
TTS         = 0.313 sec (最良解を見つけた時刻)

----------result(30.0 sec)----------
energy          = 705
objective       = 705
ret_total       = 1373
once_constraint = 0
conflict_constr = 0
zmax_constr     = 0
violated cons   = 0

--- vehicle 0 --- (26 顧客)
  travel= 477 return= 668 (RET var = 668)

--- vehicle 1 --- (34 顧客)
  travel= 454 return= 705 (RET var = 705)

=== summary ===
route[0]    = [0, 16, 7, 2, 12, 56, 53, 27, 45, 28, 1, 40, 4, 11, 21, 51, 44, 48, 58, 36, 15, 10, 57, 59, 23, 60, 13, 0]
route[1]    = [0, 49, 39, 26, 8, 46, 52, 19, 34, 25, 20, 33, 14, 29, 30, 38, 37, 47, 42, 32, 22, 18, 35, 17, 31, 9, 5, 24, 43, 54, 50, 3, 41, 55, 6, 0]
visited     = 60/60
total travel = 931
max travel  = 477
return      = [668, 705] (limit 748, 最早開始)
tw violations = 0
feasible    = True
model times = ok (ソルバの時刻: 到着前の開始 0 / 時間枠外 0)
RET var == モデルの帰着 = True
var_count   = 7862
term_count  = 2176298
max return  = 705 (最早開始。Z = 705 以下になるはず)
used vehicles = 2/2
      (最遅以外の車両の RET は Z 以下のどこでも目的が変わらないので、
       「RET var == モデルの帰着」は False になりうる)
