QUBO++ Ver. 2026.09.25
Floating License for Hiroshima Univ. CS/IS Lab Member Only
Expires at: 2027/03/31 23:59:59
Variable Limit: Unlimited/Unlimited (CPU/GPU)
  (Unlimited: capped only by the implementation — up to 2^30 - 1 variables of each kind, binary and integer)
instance    = n60w20.001  N=61 (顧客 60)  L[0]=601  時間枠の平均幅 19.3
vehicles    = 2
objective   = max (帰着時刻の最大値, 不等式制約版)
HINT: この定式化はモデルが重いので 60 秒以上を推奨 (いまは 30.0 秒)
N=61  m=2  x vars = 3600
conflict terms = 654726
Z in [577, 601] (integer)  ret<=Z cons = 2
penalty: ONCE=602 CONF=602 ZMAX=602
build       = 1.166 sec (式の構築 + simplify)
solve now...(30.0 sec)
TTS         = 0.166 sec (最良解を見つけた時刻)

----------result(30.0 sec)----------
energy          = 577
objective       = 577
ret_total       = 1133
once_constraint = 0
conflict_constr = 0
zmax_constr     = 0
violated cons   = 0

--- vehicle 0 --- (26 顧客)
  travel= 350 return= 556 (RET var = 556)

--- vehicle 1 --- (34 顧客)
  travel= 369 return= 577 (RET var = 577)

=== summary ===
route[0]    = [0, 6, 48, 51, 34, 15, 42, 13, 4, 52, 50, 30, 46, 23, 16, 10, 11, 27, 39, 45, 57, 3, 24, 36, 55, 14, 40, 0]
route[1]    = [0, 38, 12, 19, 9, 56, 17, 58, 22, 59, 32, 7, 25, 5, 44, 31, 18, 47, 2, 41, 28, 21, 29, 43, 26, 8, 35, 33, 54, 1, 49, 37, 20, 60, 53, 0]
visited     = 60/60
total travel = 719
max travel  = 369
return      = [556, 577] (limit 601, 最早開始)
tw violations = 0
feasible    = True
model times = ok (ソルバの時刻: 到着前の開始 0 / 時間枠外 0)
RET var == モデルの帰着 = True
var_count   = 3600
term_count  = 653372
max return  = 577 (最早開始。Z = 577 以下になるはず)
used vehicles = 2/2
      (最遅以外の車両の RET は Z 以下のどこでも目的が変わらないので、
       「RET var == モデルの帰着」は False になりうる)
