QUBO++ Ver. 2026.09.25
Floating License for Hiroshima Univ. CS/IS Lab Member Only
Expires at: 2027/03/31 23:59:59
Variable Limit: Unlimited/Unlimited (CPU/GPU)
  (Unlimited: capped only by the implementation — up to 2^30 - 1 variables of each kind, binary and integer)
instance    = n200w20.001  N=201 (顧客 200)  L[0]=1154  時間枠の平均幅 20.1
HINT: この定式化はモデルが重いので 60 秒以上を推奨 (いまは 30.0 秒)
N=201  x vars = 4238  (order-based なら 40000)
conflict terms = 153253
penalty: ONCE=1155 CONF=1155
build       = 3.397 sec (式の構築 + simplify)
solve now...(30.0 sec)
TTS         = 2.488 sec (最良解を見つけた時刻)

----------result(30.0 sec)----------
energy          = 1139
objective       = 1139
once_constraint = 0
conflict_constr = 0
violated cons   = 0
  return=1139 (RET var = 1139)
tour        = [0, 106, 60, 24, 34, 25, 23, 173, 134, 135, 84, 74, 96, 37, 109, 127, 49, 15, 116, 184, 129, 197, 1, 20, 114, 138, 76, 143, 112, 107, 130, 136, 183, 59, 50, 55, 53, 97, 104, 46, 89, 41, 9, 51, 172, 8, 43, 18, 73, 56, 193, 2, 113, 95, 128, 86, 186, 105, 156, 171, 64, 58, 108, 27, 61, 29, 119, 99, 87, 22, 117, 182, 52, 158, 36, 166, 196, 123, 47, 67, 11, 6, 78, 159, 30, 147, 31, 81, 126, 168, 195, 177, 38, 75, 148, 63, 174, 122, 102, 199, 33, 66, 190, 32, 118, 16, 68, 188, 139, 179, 111, 90, 180, 77, 48, 167, 13, 194, 100, 132, 7, 69, 94, 110, 93, 181, 72, 10, 146, 157, 71, 140, 83, 3, 121, 79, 162, 176, 82, 80, 137, 150, 120, 101, 17, 65, 152, 103, 88, 125, 142, 164, 45, 151, 198, 54, 19, 12, 26, 161, 153, 192, 169, 175, 57, 91, 165, 70, 4, 131, 163, 14, 154, 39, 85, 187, 178, 21, 115, 40, 145, 42, 144, 149, 189, 35, 62, 170, 44, 98, 141, 92, 191, 124, 133, 185, 160, 155, 5, 200, 28, 0]
visited     = 200/200
travel time = 1055
return      = 1139 (limit 1154)
tw violations = 0
feasible    = True
var_count   = 4238
term_count  = 147190
