instance    = n200w20.001  N=201 (顧客 200)  L[0]=1154  時間枠の平均幅 20.1
N=201  x vars = 4159  b vars = 1501  total = 5660
conflict terms = 292700
penalty: RET=1155 CUST=241 CONF=121 CONT=121
build       = 1.569 sec (式の構築 + simplify)
solve now...(7200.0 sec)

----------result(7200.0 sec)----------
energy          = 1019
objective       = 1019
makespan        = 1019
total_wait      = 120
once_constraint = 0
conflict_constr = 0
contiguity      = 0
violated cons   = 0
  return=1139 (RET var = 1139)
tour        = [0, 106, 60, 24, 34, 25, 173, 23, 134, 135, 84, 74, 96, 37, 109, 127, 49, 15, 116, 184, 129, 197, 1, 20, 114, 138, 76, 112, 143, 107, 130, 183, 136, 59, 50, 55, 46, 53, 97, 104, 89, 41, 9, 172, 51, 43, 18, 8, 73, 56, 193, 2, 128, 113, 95, 86, 186, 105, 156, 171, 58, 64, 108, 27, 61, 29, 87, 22, 119, 99, 117, 182, 52, 158, 36, 166, 196, 123, 47, 67, 11, 6, 78, 159, 30, 126, 147, 81, 31, 195, 168, 38, 177, 75, 148, 63, 174, 122, 102, 199, 33, 66, 190, 32, 118, 16, 139, 68, 188, 179, 111, 90, 180, 77, 48, 167, 13, 194, 100, 132, 7, 69, 94, 110, 93, 181, 72, 10, 146, 71, 157, 140, 83, 3, 121, 79, 162, 176, 82, 80, 137, 150, 120, 101, 17, 65, 152, 103, 88, 142, 164, 125, 45, 151, 198, 54, 19, 12, 26, 161, 153, 192, 169, 175, 57, 91, 165, 70, 4, 131, 163, 14, 154, 39, 85, 187, 178, 21, 115, 40, 145, 42, 149, 144, 189, 35, 62, 170, 44, 98, 141, 92, 191, 124, 133, 185, 160, 155, 5, 200, 28, 0]
visited     = 200/200
travel time = 1019
return      = 1139 (limit 1154)
tw violations = 0
feasible    = True
var_count   = 5660
term_count  = 280748
      (travel time は objective と一致すべき。ただし全ペア制約は
       三角不等式に依存しており、Dumas ではこれが破れているため
       135 件中 15 件で objective が真の travel より +1〜+3 大きい。
       conflict_terms() の docstring を参照)
