QUBO++ Ver. 2026.09.25
Floating License for Hiroshima Univ. CS/IS Lab Member Only
Expires at: 2027/03/31 23:59:59
Variable Limit: Unlimited/Unlimited (CPU/GPU)
  (Unlimited: capped only by the implementation — up to 2^30 - 1 variables of each kind, binary and integer)
instance    = n200w20.001  N=201 (顧客 200)  L[0]=1154  時間枠の平均幅 20.1
HINT: この定式化はモデルが重いので 60 秒以上を推奨 (いまは 30.0 秒)
N=201  x vars = 4238  (order-based なら 40000)
conflict terms = 153253
penalty: ONCE=1155 CONF=1155
build       = 4.073 sec (式の構築 + simplify)
solve now...(30.0 sec)
TTS         = 5.636 sec (最良解を見つけた時刻)

----------result(30.0 sec)----------
energy          = 1139
objective       = 1139
once_constraint = 0
conflict_constr = 0
violated cons   = 0
  return=1139 (RET var = 1139)
tour        = [0, 106, 60, 24, 173, 23, 25, 34, 134, 135, 84, 74, 96, 37, 109, 127, 49, 15, 116, 184, 129, 197, 1, 20, 114, 138, 76, 112, 107, 143, 130, 183, 136, 59, 50, 55, 53, 46, 97, 104, 89, 9, 41, 172, 51, 43, 18, 8, 73, 56, 193, 113, 128, 86, 186, 2, 95, 105, 156, 171, 58, 64, 27, 108, 61, 29, 87, 119, 99, 22, 117, 182, 52, 158, 36, 166, 196, 123, 47, 67, 11, 78, 6, 126, 30, 159, 147, 31, 81, 195, 168, 38, 75, 177, 63, 148, 174, 122, 199, 102, 33, 66, 190, 118, 32, 179, 16, 68, 139, 188, 111, 90, 180, 77, 167, 48, 13, 194, 100, 132, 7, 69, 94, 110, 93, 181, 72, 10, 146, 71, 157, 140, 83, 3, 121, 79, 162, 176, 82, 80, 137, 150, 120, 101, 17, 65, 152, 103, 88, 142, 164, 125, 45, 151, 198, 12, 19, 54, 26, 161, 153, 192, 169, 175, 57, 91, 4, 165, 70, 131, 163, 14, 154, 39, 85, 187, 178, 21, 115, 40, 145, 42, 144, 149, 189, 35, 62, 170, 44, 98, 141, 92, 191, 124, 133, 185, 160, 155, 5, 200, 28, 0]
visited     = 200/200
travel time = 1054
return      = 1139 (limit 1154, 最早開始)
tw violations = 0
feasible    = True
model times = ok (ソルバの時刻: 到着前の開始 0 / 時間枠外 0 / 帰着 1139)
var_count   = 4238
term_count  = 147190
      (制約違反がなければモデルの時刻はそのまま実行可能なスケジュール
       なので objective >= return（最早開始）。評価は return で行う)
