QUBO++ Ver. 2026.09.01 (Latest: 2026.09.08 - update available)
Floating License for Hiroshima Univ. CS/IS Lab Member Only
Expires at: 2027/03/31 23:59:59
Variable Limit: Unlimited/Unlimited (CPU/GPU)
  (Unlimited: capped only by the implementation — up to 2^30 - 1 variables of each kind, binary and integer)
instance    = n80w20.001  N=81 (顧客 80)  L[0]=740  時間枠の平均幅 21.4
N=81  x vars = 6561  w vars = 81 (整数, 上限 100 固定)
ROW_P = 5000  COL_P = 5000  TIME_P = 1000 (固定値)
build       = 7.565 sec (式の構築 + simplify)
solve now...(1.0 sec)

----------result(1.0 sec)----------
energy          = 800000
objective       = 400000
row_constraint  = 80
col_constraint  = 80
time_constraint = 0
violated cons   = 160
tour        = [0, 0]
visited     = 0/80
travel time = 0
return      = 0 (limit 740)
tw violations = 0
feasible    = False
var_count   = 6960
term_count  = 505924
