QUBO++ Ver. 2026.09.30
Floating License for Hiroshima Univ. CS/IS Lab Member Only
Expires at: 2027/03/31 23:59:59
Variable Limit: Unlimited/Unlimited (CPU/GPU)
  (Unlimited: capped only by the implementation — up to 2^30 - 1 variables of each kind, binary and integer)
instance    = n60w100.001  N=61 (顧客 60)  L[0]=586  時間枠の平均幅 93.7
N=61  o vars = 7366
conflict terms = 2494852 禁止組 / 2553485 向き付き組 (逆順組 275414)
scheme=uniform scale=1.0 P_CUST=241 rounds=10 grow=2.0 cap=4.0 rev=4.0 forced=1.0
  制約B 係数: 最小 121 平均 163.9 最大 605
build       = 7.261 sec
round 1/10: energy=563 objective=563 conflict=0 once=0 contig=0 tts=25.168
  制約B 係数: 最小 121 平均 163.9 最大 605
round 2/10: energy=762 objective=520 conflict=2 once=0 contig=0 tts=54.288
  制約B 係数: 最小 121 平均 165.0 最大 1210
round 3/10: energy=775 objective=534 conflict=0 once=1 contig=0 tts=90.440
  制約B 係数: 最小 121 平均 165.0 最大 1210
round 4/10: energy=558 objective=558 conflict=0 once=0 contig=0 tts=115.930
  制約B 係数: 最小 121 平均 165.0 最大 1210
round 5/10: energy=791 objective=549 conflict=2 once=0 contig=0 tts=143.721
  制約B 係数: 最小 121 平均 165.5 最大 1210
round 6/10: energy=553 objective=553 conflict=0 once=0 contig=0 tts=180.784
  制約B 係数: 最小 121 平均 165.5 最大 1210
round 7/10: energy=686 objective=565 conflict=1 once=0 contig=0 tts=209.964
  制約B 係数: 最小 121 平均 165.8 最大 1210
round 8/10: energy=550 objective=550 conflict=0 once=0 contig=0 tts=241.036
  制約B 係数: 最小 121 平均 165.8 最大 1210
round 9/10: energy=673 objective=552 conflict=1 once=0 contig=0 tts=270.851
  制約B 係数: 最小 121 平均 166.2 最大 1210
round 10/10: energy=803 objective=562 conflict=0 once=1 contig=0 tts=302.435
TTS         = 241.036 sec (最良解を見つけた時刻, 全ラウンド通算)

----------result(300.0 sec)----------
energy          = 550
objective       = 550
once_constraint = 0
conflict_constr = 0
colocated       = 0
contiguity      = 0
violated cons   = 0
tour        = [0, 1, 17, 50, 43, 57, 6, 51, 19, 36, 47, 29, 38, 46, 26, 5, 20, 30, 18, 56, 39, 12, 37, 58, 45, 34, 15, 44, 23, 40, 48, 54, 28, 8, 7, 16, 41, 31, 24, 42, 13, 22, 2, 52, 32, 14, 55, 33, 25, 27, 10, 59, 4, 35, 21, 11, 3, 9, 60, 53, 49, 0]
visited     = 60/60
travel time = 529
return      = 576 (limit 586, 最早開始)
tw violations = 0
feasible    = True
model times = ok (ソルバの時刻: 到着前の開始 0 / 時間枠外 0 / 帰着 576)
var_count   = 7366
term_count  = 2504029
