QUBO++ Ver. 2026.09.30
Floating License for Hiroshima Univ. CS/IS Lab Member Only
Expires at: 2027/03/31 23:59:59
Variable Limit: Unlimited/Unlimited (CPU/GPU)
  (Unlimited: capped only by the implementation — up to 2^30 - 1 variables of each kind, binary and integer)
instance    = n60w100.001  N=61 (顧客 60)  L[0]=586  時間枠の平均幅 93.7
N=61  o vars = 7366
conflict terms = 2494852 禁止組 / 2553485 向き付き組 (逆順組 275414)
scheme=uniform scale=1.0 P_CUST=241 rounds=10 grow=2.0 cap=4.0 rev=4.0 forced=1.0
  制約B 係数: 最小 121 平均 163.9 最大 605
build       = 7.127 sec
round 1/10: energy=657 objective=536 conflict=1 once=0 contig=0 tts=28.366
  制約B 係数: 最小 121 平均 164.7 最大 1210
round 2/10: energy=663 objective=542 conflict=1 once=0 contig=0 tts=59.968
  制約B 係数: 最小 121 平均 165.0 最大 1210
round 3/10: energy=686 objective=565 conflict=1 once=0 contig=0 tts=86.457
  制約B 係数: 最小 121 平均 165.3 最大 1210
round 4/10: energy=556 objective=556 conflict=0 once=0 contig=0 tts=119.588
  制約B 係数: 最小 121 平均 165.3 最大 1210
round 5/10: energy=762 objective=521 conflict=0 once=1 contig=0 tts=144.994
  制約B 係数: 最小 121 平均 165.3 最大 1210
round 6/10: energy=975 objective=493 conflict=0 once=2 contig=0 tts=177.496
  制約B 係数: 最小 121 平均 165.3 最大 1210
round 7/10: energy=782 objective=541 conflict=0 once=1 contig=0 tts=211.333
  制約B 係数: 最小 121 平均 165.3 最大 1210
round 8/10: energy=554 objective=554 conflict=0 once=0 contig=0 tts=236.213
  制約B 係数: 最小 121 平均 165.3 最大 1210
round 9/10: energy=557 objective=557 conflict=0 once=0 contig=0 tts=268.328
  制約B 係数: 最小 121 平均 165.3 最大 1210
round 10/10: energy=558 objective=558 conflict=0 once=0 contig=0 tts=300.172
TTS         = 236.213 sec (最良解を見つけた時刻, 全ラウンド通算)

----------result(300.0 sec)----------
energy          = 554
objective       = 554
once_constraint = 0
conflict_constr = 0
colocated       = 0
contiguity      = 0
violated cons   = 0
tour        = [0, 17, 6, 50, 43, 57, 1, 19, 51, 36, 47, 29, 38, 46, 26, 5, 20, 30, 18, 56, 39, 12, 37, 58, 45, 34, 15, 44, 23, 40, 48, 54, 28, 8, 41, 7, 31, 16, 24, 42, 22, 13, 2, 52, 32, 14, 55, 33, 25, 27, 10, 59, 4, 35, 21, 11, 3, 9, 60, 53, 49, 0]
visited     = 60/60
travel time = 527
return      = 576 (limit 586, 最早開始)
tw violations = 0
feasible    = True
model times = ok (ソルバの時刻: 到着前の開始 0 / 時間枠外 0 / 帰着 576)
var_count   = 7366
term_count  = 2504029
