QUBO++ Ver. 2026.09.30
Floating License for Hiroshima Univ. CS/IS Lab Member Only
Expires at: 2027/03/31 23:59:59
Variable Limit: Unlimited/Unlimited (CPU/GPU)
  (Unlimited: capped only by the implementation — up to 2^30 - 1 variables of each kind, binary and integer)
instance    = n60w100.001  N=61 (顧客 60)  L[0]=586  時間枠の平均幅 93.7
N=61  o vars = 7366
conflict terms = 2494852 禁止組 / 2553485 向き付き組 (逆順組 275414)
scheme=uniform scale=1.0 P_CUST=241 rounds=10 grow=2.0 cap=4.0 rev=4.0 forced=1.0
  制約B 係数: 最小 121 平均 163.9 最大 605
build       = 7.359 sec
round 1/10: energy=757 objective=515 conflict=2 once=0 contig=0 tts=24.740
  制約B 係数: 最小 121 平均 165.0 最大 1210
round 2/10: energy=872 objective=510 conflict=1 once=1 contig=0 tts=59.478
  制約B 係数: 最小 121 平均 165.1 最大 1210
round 3/10: energy=669 objective=548 conflict=1 once=0 contig=0 tts=86.887
  制約B 係数: 最小 121 平均 165.5 最大 1210
round 4/10: energy=762 objective=521 conflict=0 once=1 contig=0 tts=120.069
  制約B 係数: 最小 121 平均 165.5 最大 1210
round 5/10: energy=671 objective=550 conflict=1 once=0 contig=0 tts=147.653
  制約B 係数: 最小 121 平均 165.6 最大 1210
round 6/10: energy=779 objective=538 conflict=0 once=1 contig=0 tts=175.892
  制約B 係数: 最小 121 平均 165.6 最大 1210
round 7/10: energy=560 objective=560 conflict=0 once=0 contig=0 tts=205.592
  制約B 係数: 最小 121 平均 165.6 最大 1210
round 8/10: energy=561 objective=561 conflict=0 once=0 contig=0 tts=237.306
  制約B 係数: 最小 121 平均 165.6 最大 1210
round 9/10: energy=555 objective=555 conflict=0 once=0 contig=0 tts=271.947
  制約B 係数: 最小 121 平均 165.6 最大 1210
round 10/10: energy=569 objective=569 conflict=0 once=0 contig=0 tts=286.093
TTS         = 271.947 sec (最良解を見つけた時刻, 全ラウンド通算)

----------result(300.0 sec)----------
energy          = 555
objective       = 555
once_constraint = 0
conflict_constr = 0
colocated       = 0
contiguity      = 0
violated cons   = 0
tour        = [0, 17, 57, 43, 50, 6, 1, 19, 51, 36, 47, 29, 38, 46, 26, 5, 12, 39, 56, 20, 18, 30, 44, 23, 48, 34, 45, 58, 37, 15, 40, 28, 54, 41, 8, 16, 31, 7, 24, 42, 22, 13, 2, 52, 32, 14, 55, 33, 25, 35, 4, 59, 10, 27, 21, 11, 3, 9, 60, 53, 49, 0]
visited     = 60/60
travel time = 541
return      = 576 (limit 586, 最早開始)
tw violations = 0
feasible    = True
model times = ok (ソルバの時刻: 到着前の開始 0 / 時間枠外 0 / 帰着 576)
var_count   = 7366
term_count  = 2504029
