QUBO++ Ver. 2026.09.25
Floating License for Hiroshima Univ. CS/IS Lab Member Only
Expires at: 2027/03/31 23:59:59
Variable Limit: Unlimited/Unlimited (CPU/GPU)
  (Unlimited: capped only by the implementation — up to 2^30 - 1 variables of each kind, binary and integer)
instance    = n60w60.001  N=61 (顧客 60)  L[0]=748  時間枠の平均幅 54.4
vehicles    = 2
objective   = max (帰着時刻の最大値, 不等式制約版)
HINT: この定式化はモデルが重いので 60 秒以上を推奨 (いまは 30.0 秒)
N=61  m=2  x vars = 7862
conflict terms = 2193590
Z in [705, 748] (integer)  ret<=Z cons = 2
penalty: ONCE=749 CONF=749 ZMAX=749
build       = 1.512 sec (式の構築 + simplify)
solve now...(30.0 sec)
TTS         = 0.347 sec (最良解を見つけた時刻)

----------result(30.0 sec)----------
energy          = 705
objective       = 705
ret_total       = 1377
once_constraint = 0
conflict_constr = 0
zmax_constr     = 0
violated cons   = 0

--- vehicle 0 --- (31 顧客)
  travel= 476 return= 705 (RET var = 705)

--- vehicle 1 --- (29 顧客)
  travel= 437 return= 672 (RET var = 672)

=== summary ===
route[0]    = [0, 8, 26, 7, 52, 34, 25, 14, 29, 19, 12, 37, 45, 40, 42, 22, 35, 51, 48, 31, 24, 44, 21, 5, 43, 15, 50, 10, 57, 55, 23, 6, 0]
route[1]    = [0, 49, 39, 16, 46, 20, 33, 2, 53, 56, 38, 47, 30, 27, 28, 1, 32, 18, 4, 9, 17, 11, 36, 58, 54, 3, 59, 41, 60, 13, 0]
visited     = 60/60
total travel = 913
max travel  = 476
return      = [705, 668] (limit 748, 最早開始)
tw violations = 0
feasible    = True
model times = ok (ソルバの時刻: 到着前の開始 0 / 時間枠外 0)
RET var == モデルの帰着 = True
var_count   = 7862
term_count  = 2176298
max return  = 705 (最早開始。Z = 705 以下になるはず)
used vehicles = 2/2
      (最遅以外の車両の RET は Z 以下のどこでも目的が変わらないので、
       「RET var == モデルの帰着」は False になりうる)
