QUBO++ Ver. 2026.09.25
Floating License for Hiroshima Univ. CS/IS Lab Member Only
Expires at: 2027/03/31 23:59:59
Variable Limit: Unlimited/Unlimited (CPU/GPU)
  (Unlimited: capped only by the implementation — up to 2^30 - 1 variables of each kind, binary and integer)
instance    = n200w20.001  N=200 (顧客 1..200, デポ 0 / 201)  L[201]=1154  時間枠の平均幅 20.1
vehicles    = 2
objective   = max (帰着時刻の最大値, 不等式制約版)
HINT: この定式化はモデルが重いので 60 秒以上を推奨 (いまは 10.0 秒)
N=200  m=2  x vars = 10748
conflict terms = 3893172
Z in [1136, 1154] (integer)  ret<=Z cons = 2
penalty: ONCE=1155 CONF=1155 ZMAX=1155
build       = 3.616 sec (式の構築 + simplify)
solve now...(10.0 sec)
TTS         = 1.926 sec (最良解を見つけた時刻)

----------result(10.0 sec)----------
energy          = 1136
objective       = 1136
ret_total       = 2217
once_constraint = 0
conflict_constr = 0
zmax_constr     = 0
violated cons   = 0

--- vehicle 0 --- (105 顧客)
  travel= 719 return=1081 (x[·][201] = 1081)

--- vehicle 1 --- (95 顧客)
  travel= 798 return=1136 (x[·][201] = 1136)

=== summary ===
route[0]    = [0, 60, 24, 173, 23, 25, 84, 15, 184, 116, 49, 129, 197, 20, 138, 76, 130, 59, 50, 46, 53, 97, 41, 172, 9, 8, 43, 18, 193, 2, 113, 86, 186, 95, 171, 27, 58, 61, 29, 87, 22, 11, 123, 47, 67, 6, 196, 78, 159, 81, 126, 168, 177, 63, 148, 122, 66, 32, 190, 118, 139, 77, 90, 180, 167, 13, 194, 132, 7, 181, 72, 146, 10, 121, 162, 80, 137, 150, 17, 103, 65, 88, 151, 12, 19, 192, 169, 175, 131, 163, 39, 14, 154, 115, 21, 178, 145, 42, 149, 189, 44, 98, 133, 185, 155, 200, 201]
route[1]    = [0, 106, 34, 134, 135, 74, 96, 37, 127, 109, 1, 114, 143, 136, 112, 107, 183, 55, 104, 89, 51, 73, 56, 128, 105, 156, 108, 64, 119, 158, 52, 117, 99, 36, 182, 166, 147, 30, 38, 195, 31, 75, 174, 102, 33, 199, 68, 179, 16, 188, 111, 48, 100, 69, 110, 93, 94, 157, 140, 3, 83, 71, 79, 176, 82, 120, 101, 152, 142, 125, 164, 45, 198, 26, 54, 161, 153, 4, 70, 57, 91, 165, 85, 187, 40, 144, 35, 62, 170, 141, 92, 191, 124, 160, 5, 28, 201]
visited     = 200/200
total travel = 1517
max travel  = 798
return      = [1069, 1136] (limit 1154, 最早開始)
tw violations = 0
feasible    = True
model times = ok (ソルバの時刻: 到着前の開始 0 / 時間枠外 0)
帰着デポ 201 の変数 == モデルの帰着 = True
var_count   = 10748
term_count  = 3874880
max return  = 1136 (最早開始。Z = 1136 以下になるはず)
used vehicles = 2/2
      (最遅以外の車両の帰着デポ変数は Z 以下のどこでも目的が変わらないので、
       「帰着デポの変数 == モデルの帰着」は False になりうる)
