QUBO++ Ver. 2026.09.25
Floating License for Hiroshima Univ. CS/IS Lab Member Only
Expires at: 2027/03/31 23:59:59
Variable Limit: Unlimited/Unlimited (CPU/GPU)
  (Unlimited: capped only by the implementation — up to 2^30 - 1 variables of each kind, binary and integer)
instance    = n60w20.001  N=60 (顧客 1..60, デポ 0 / 61)  L[61]=601  時間枠の平均幅 19.3
vehicles    = 2
objective   = max (帰着時刻の最大値, 不等式制約版)
HINT: この定式化はモデルが重いので 60 秒以上を推奨 (いまは 10.0 秒)
N=60  m=2  x vars = 3600
conflict terms = 654726
Z in [577, 601] (integer)  ret<=Z cons = 2
penalty: ONCE=602 CONF=602 ZMAX=602
build       = 1.442 sec (式の構築 + simplify)
solve now...(10.0 sec)
TTS         = 0.388 sec (最良解を見つけた時刻)

----------result(10.0 sec)----------
energy          = 577
objective       = 577
ret_total       = 1152
once_constraint = 0
conflict_constr = 0
zmax_constr     = 0
violated cons   = 0

--- vehicle 0 --- (27 顧客)
  travel= 317 return= 577 (x[·][61] = 577)

--- vehicle 1 --- (33 顧客)
  travel= 412 return= 575 (x[·][61] = 575)

=== summary ===
route[0]    = [0, 12, 38, 19, 32, 22, 59, 25, 4, 5, 50, 47, 18, 46, 16, 21, 10, 41, 43, 45, 8, 54, 1, 49, 20, 36, 14, 53, 61]
route[1]    = [0, 6, 48, 9, 51, 17, 56, 15, 34, 42, 58, 7, 13, 52, 44, 30, 31, 23, 28, 2, 29, 11, 27, 39, 35, 26, 57, 33, 3, 24, 37, 55, 40, 60, 61]
visited     = 60/60
total travel = 729
max travel  = 412
return      = [577, 575] (limit 601, 最早開始)
tw violations = 0
feasible    = True
model times = ok (ソルバの時刻: 到着前の開始 0 / 時間枠外 0)
帰着デポ 61 の変数 == モデルの帰着 = True
var_count   = 3600
term_count  = 653372
max return  = 577 (最早開始。Z = 577 以下になるはず)
used vehicles = 2/2
      (最遅以外の車両の帰着デポ変数は Z 以下のどこでも目的が変わらないので、
       「帰着デポの変数 == モデルの帰着」は False になりうる)
