QUBO++ Ver. 2026.09.25
Floating License for Hiroshima Univ. CS/IS Lab Member Only
Expires at: 2027/03/31 23:59:59
Variable Limit: Unlimited/Unlimited (CPU/GPU)
  (Unlimited: capped only by the implementation — up to 2^30 - 1 variables of each kind, binary and integer)
instance    = n60w60.001  N=60 (顧客 1..60, デポ 0 / 61)  L[61]=748  時間枠の平均幅 54.4
vehicles    = 2
objective   = max (帰着時刻の最大値, 不等式制約版)
HINT: この定式化はモデルが重いので 60 秒以上を推奨 (いまは 10.0 秒)
N=60  m=2  x vars = 7862
conflict terms = 2193590
Z in [705, 748] (integer)  ret<=Z cons = 2
penalty: ONCE=749 CONF=749 ZMAX=749
build       = 2.897 sec (式の構築 + simplify)
solve now...(10.0 sec)
TTS         = 1.159 sec (最良解を見つけた時刻)

----------result(10.0 sec)----------
energy          = 705
objective       = 705
ret_total       = 1373
once_constraint = 0
conflict_constr = 0
zmax_constr     = 0
violated cons   = 0

--- vehicle 0 --- (25 顧客)
  travel= 379 return= 705 (x[·][61] = 705)

--- vehicle 1 --- (35 顧客)
  travel= 496 return= 668 (x[·][61] = 668)

=== summary ===
route[0]    = [0, 49, 39, 26, 8, 19, 20, 25, 53, 27, 38, 1, 32, 22, 11, 4, 51, 21, 24, 5, 58, 50, 57, 59, 60, 6, 61]
route[1]    = [0, 16, 7, 46, 34, 52, 33, 14, 2, 12, 29, 56, 45, 37, 47, 30, 28, 42, 40, 18, 35, 17, 48, 9, 31, 44, 43, 54, 36, 15, 3, 10, 41, 55, 23, 13, 61]
visited     = 60/60
total travel = 875
max travel  = 496
return      = [705, 668] (limit 748, 最早開始)
tw violations = 0
feasible    = True
model times = ok (ソルバの時刻: 到着前の開始 0 / 時間枠外 0)
帰着デポ 61 の変数 == モデルの帰着 = True
var_count   = 7862
term_count  = 2176298
max return  = 705 (最早開始。Z = 705 以下になるはず)
used vehicles = 2/2
      (最遅以外の車両の帰着デポ変数は Z 以下のどこでも目的が変わらないので、
       「帰着デポの変数 == モデルの帰着」は False になりうる)
