QUBO++ Ver. 2026.09.30
Floating License for Hiroshima Univ. CS/IS Lab Member Only
Expires at: 2027/03/31 23:59:59
Variable Limit: Unlimited/Unlimited (CPU/GPU)
  (Unlimited: capped only by the implementation — up to 2^30 - 1 variables of each kind, binary and integer)
instance    = n200w20.001  N=201 (顧客 200)  L[0]=1154  時間枠の平均幅 20.1
N=201  o vars = 5660
conflict terms = 273587 禁止組 / 292700 向き付き組 (逆順組 37615)
scheme=uniform scale=1.0 P_CUST=241 rounds=10 grow=2.0 cap=4.0 rev=1.0 forced=1.0
  制約B 係数: 最小 121 平均 129.5 最大 242
build       = 1.771 sec
round 1/10: energy=1259 objective=1017 conflict=2 once=0 contig=0 tts=28.333
  制約B 係数: 最小 121 平均 129.8 最大 484
round 2/10: energy=1142 objective=1021 conflict=1 once=0 contig=0 tts=58.431
  制約B 係数: 最小 121 平均 130.0 最大 484
round 3/10: energy=1158 objective=1037 conflict=1 once=0 contig=0 tts=86.136
  制約B 係数: 最小 121 平均 130.1 最大 484
round 4/10: energy=1141 objective=1020 conflict=1 once=0 contig=0 tts=119.049
  制約B 係数: 最小 121 平均 129.8 最大 484
round 5/10: energy=1375 objective=1012 conflict=3 once=0 contig=0 tts=149.115
  制約B 係数: 最小 121 平均 130.3 最大 484
round 6/10: energy=1146 objective=1025 conflict=1 once=0 contig=0 tts=179.211
  制約B 係数: 最小 121 平均 130.3 最大 484
round 7/10: energy=1139 objective=1018 conflict=1 once=0 contig=0 tts=205.376
  制約B 係数: 最小 121 平均 129.8 最大 484
round 8/10: energy=1259 objective=1017 conflict=2 once=0 contig=0 tts=238.691
  制約B 係数: 最小 121 平均 130.1 最大 484
round 9/10: energy=1150 objective=1029 conflict=1 once=0 contig=0 tts=263.952
  制約B 係数: 最小 121 平均 130.2 最大 484
round 10/10: energy=1144 objective=1023 conflict=1 once=0 contig=0 tts=298.926
TTS         = 149.115 sec (最良解を見つけた時刻, 全ラウンド通算)

----------result(300.0 sec)----------
energy          = 1375
objective       = 1012
once_constraint = 0
conflict_constr = 3
colocated       = 0
contiguity      = 0
violated cons   = 1
tour        = [0, 106, 60, 24, 34, 25, 173, 23, 134, 135, 84, 74, 96, 37, 109, 127, 49, 15, 116, 184, 129, 197, 1, 114, 20, 138, 76, 143, 112, 107, 130, 183, 136, 59, 50, 55, 46, 53, 97, 104, 89, 41, 9, 8, 172, 51, 43, 18, 73, 56, 193, 2, 86, 95, 128, 113, 186, 105, 156, 171, 58, 64, 108, 27, 61, 29, 117, 99, 22, 87, 119, 52, 182, 158, 36, 166, 196, 123, 67, 47, 11, 6, 78, 159, 30, 126, 147, 81, 31, 195, 168, 38, 75, 177, 148, 63, 174, 122, 102, 199, 33, 66, 190, 118, 32, 179, 16, 139, 68, 188, 90, 111, 180, 77, 48, 167, 13, 194, 100, 132, 7, 69, 94, 110, 93, 181, 72, 10, 146, 71, 157, 140, 83, 3, 121, 79, 162, 176, 82, 80, 137, 150, 120, 101, 17, 65, 152, 103, 88, 142, 164, 125, 45, 151, 198, 12, 19, 54, 26, 161, 153, 192, 169, 175, 57, 91, 165, 70, 4, 131, 163, 14, 154, 39, 85, 187, 178, 21, 115, 40, 145, 42, 149, 144, 189, 35, 44, 62, 170, 141, 98, 92, 191, 124, 133, 185, 160, 155, 5, 200, 28, 0]
visited     = 200/200
travel time = 1019
return      = 1143 (limit 1154, 最早開始)
tw violations = 6
feasible    = False
model times = INCONSISTENT (ソルバの時刻: 到着前の開始 3 / 時間枠外 0 / 帰着 1139)
var_count   = 5660
term_count  = 280769
