QUBO++ Ver. 2026.09.30
Floating License for Hiroshima Univ. CS/IS Lab Member Only
Expires at: 2027/03/31 23:59:59
Variable Limit: Unlimited/Unlimited (CPU/GPU)
  (Unlimited: capped only by the implementation — up to 2^30 - 1 variables of each kind, binary and integer)
instance    = n60w100.001  N=61 (顧客 60)  L[0]=586  時間枠の平均幅 93.7
N=61  o vars = 7366
conflict terms = 2494852 禁止組 / 2553485 向き付き組 (逆順組 275414)
scheme=uniform scale=1.0 P_CUST=241 rounds=6 grow=2.0 cap=2.0 rev=4.0 forced=1.0
  制約B 係数: 最小 121 平均 163.9 最大 605
build       = 7.625 sec
round 1/6: energy=884 objective=522 conflict=1 once=1 contig=0 tts=17.116
  制約B 係数: 最小 121 平均 164.7 最大 1210
round 2/6: energy=760 objective=519 conflict=0 once=1 contig=0 tts=37.747
  制約B 係数: 最小 121 平均 164.7 最大 1210
round 3/6: energy=884 objective=522 conflict=1 once=1 contig=0 tts=60.232
  制約B 係数: 最小 121 平均 165.0 最大 1210
round 4/6: energy=1010 objective=528 conflict=0 once=2 contig=0 tts=78.854
  制約B 係数: 最小 121 平均 165.0 最大 1210
round 5/6: energy=686 objective=565 conflict=1 once=0 contig=0 tts=100.914
  制約B 係数: 最小 121 平均 165.1 最大 1210
round 6/6: energy=752 objective=511 conflict=0 once=1 contig=0 tts=121.231
TTS         = 121.231 sec (最良解を見つけた時刻, 全ラウンド通算)

----------result(120.0 sec)----------
energy          = 752
objective       = 511
once_constraint = 1
conflict_constr = 0
colocated       = 0
contiguity      = 0
violated cons   = 1
node 9: 0 visits VIOLATION!
tour        = [0, 1, 17, 57, 43, 50, 6, 36, 19, 51, 47, 29, 38, 46, 26, 37, 12, 39, 56, 20, 18, 30, 5, 58, 45, 34, 15, 44, 23, 40, 48, 28, 54, 41, 8, 16, 7, 31, 24, 42, 13, 22, 2, 52, 32, 14, 55, 33, 25, 10, 59, 4, 35, 27, 11, 21, 60, 53, 3, 49, 0]
visited     = 59/60
travel time = 490
return      = 580 (limit 586, 最早開始)
tw violations = 0
feasible    = False
model times = ok (ソルバの時刻: 到着前の開始 0 / 時間枠外 0 / 帰着 580)
var_count   = 7366
term_count  = 2504029
