QUBO++ Ver. 2026.09.30
Floating License for Hiroshima Univ. CS/IS Lab Member Only
Expires at: 2027/03/31 23:59:59
Variable Limit: Unlimited/Unlimited (CPU/GPU)
  (Unlimited: capped only by the implementation — up to 2^30 - 1 variables of each kind, binary and integer)
instance    = n150w20.001  N=151 (顧客 150)  L[0]=1039  時間枠の平均幅 20.4
N=151  o vars = 2832  (待機 423 / サービス 2409)  prune=True  prec=True (10884 組)  arcgap=True
conflict terms = 70379  (910 対)  うち 3 次の補正 0
colocated terms = 0
penalty: RET=1040 CUST=253 CONF=127 CONT=127
build       = 1.146 sec
round 0: energy=928 obj=928 feasible=True travel=927 bad_cust=[] bad_pair=0 [] t=20.4
lns 1 early(K=20): energy=2146100 obj=928 feasible=True travel=927 bad_cust=[] bad_pair=0 [] t=21.4
lns 4 early(K=20): energy=2146099 obj=928 feasible=True travel=927 bad_cust=[] bad_pair=0 [] t=24.6
lns 7 early(K=20): energy=2146091 obj=928 feasible=True travel=927 bad_cust=[] bad_pair=0 [] t=27.8
lns 12 early(K=20): energy=2143842 obj=927 feasible=True travel=926 bad_cust=[] bad_pair=0 [] t=33.0
lns 16 early(K=20): energy=2143838 obj=927 feasible=True travel=926 bad_cust=[] bad_pair=0 [] t=37.2
lns 19 early(K=20): energy=2141515 obj=926 feasible=True travel=926 bad_cust=[] bad_pair=0 [] t=40.4
lns 24 early(K=20): energy=2139235 obj=925 feasible=True travel=925 bad_cust=[] bad_pair=0 [] t=45.6
lns: 24 回解き直し、改善 7 回、再出発 0 回

----------result(300.0 sec)----------
energy          = 925
objective       = 925
total_wait      = 109
violated cons   = 0
TTS         = 45.638 sec (最良解を見つけた時刻)
tour        = [0, 99, 92, 95, 40, 22, 132, 65, 149, 134, 48, 43, 104, 33, 46, 45, 67, 86, 146, 125, 82, 31, 5, 25, 143, 62, 121, 64, 137, 84, 71, 118, 147, 29, 4, 148, 41, 3, 124, 78, 32, 94, 59, 42, 127, 51, 108, 68, 110, 17, 6, 98, 77, 96, 102, 11, 18, 97, 112, 117, 61, 34, 60, 14, 116, 100, 23, 72, 106, 30, 91, 128, 122, 47, 53, 63, 36, 1, 9, 119, 90, 114, 130, 105, 37, 141, 93, 142, 74, 73, 126, 111, 69, 123, 15, 83, 129, 107, 70, 140, 8, 81, 7, 131, 12, 145, 135, 56, 58, 54, 76, 10, 26, 88, 66, 44, 19, 57, 79, 55, 52, 136, 2, 113, 24, 20, 80, 138, 85, 27, 21, 38, 133, 101, 109, 115, 103, 49, 35, 28, 87, 75, 39, 139, 89, 13, 16, 120, 50, 150, 144, 0]
visited     = 150/150
travel time = 925
return      = 1034 (limit 1039, 最早開始)
tw violations = 0
feasible    = True
model times = ok (ソルバの時刻: 到着前の開始 0 / 時間枠外 0 / 帰着 1034)
var_count   = 2832
term_count  = 66906
build       = 1.146 sec (式の構築 + simplify)
