QUBO++ Ver. 2026.09.30
Floating License for Hiroshima Univ. CS/IS Lab Member Only
Expires at: 2027/03/31 23:59:59
Variable Limit: Unlimited/Unlimited (CPU/GPU)
  (Unlimited: capped only by the implementation — up to 2^30 - 1 variables of each kind, binary and integer)
instance    = n40w60.001  N=41 (顧客 40)  L[0]=608  時間枠の平均幅 58.4
N=41  o vars = 2378  (待機 268 / サービス 2110)  prune=True  prec=True (677 組)  arcgap=True
conflict terms = 180290  (275 対)  うち 3 次の補正 0
colocated terms = 0
penalty: RET=609 CUST=237 CONF=119 CONT=119
build       = 1.034 sec
round 0: energy=510 obj=510 feasible=True travel=510 bad_cust=[] bad_pair=0 [] t=20.2
lns 1 early(K=20): energy=1009814 obj=506 feasible=True travel=506 bad_cust=[] bad_pair=0 [] t=21.3
lns 4 early(K=20): energy=997753 obj=500 feasible=True travel=500 bad_cust=[] bad_pair=0 [] t=24.4
lns 7 early(K=20): energy=993789 obj=498 feasible=True travel=498 bad_cust=[] bad_pair=0 [] t=27.6
lns 11 early(K=20): energy=985854 obj=494 feasible=True travel=494 bad_cust=[] bad_pair=0 [] t=31.8
lns: 11 回解き直し、改善 4 回、再出発 0 回

----------result(300.0 sec)----------
energy          = 494
objective       = 494
total_wait      = 45
violated cons   = 0
TTS         = 31.846 sec (最良解を見つけた時刻)
tour        = [0, 15, 6, 36, 16, 8, 17, 4, 7, 33, 10, 19, 32, 1, 27, 9, 22, 18, 12, 21, 25, 31, 13, 3, 23, 26, 5, 35, 30, 34, 14, 28, 29, 38, 39, 2, 20, 37, 40, 11, 24, 0]
visited     = 40/40
travel time = 494
return      = 539 (limit 608, 最早開始)
tw violations = 0
feasible    = True
model times = ok (ソルバの時刻: 到着前の開始 0 / 時間枠外 0 / 帰着 539)
var_count   = 2378
term_count  = 176588
build       = 1.034 sec (式の構築 + simplify)
