QUBO++ Ver. 2026.09.30
Floating License for Hiroshima Univ. CS/IS Lab Member Only
Expires at: 2027/03/31 23:59:59
Variable Limit: Unlimited/Unlimited (CPU/GPU)
  (Unlimited: capped only by the implementation — up to 2^30 - 1 variables of each kind, binary and integer)
instance    = n40w100.001  N=41 (顧客 40)  L[0]=582  時間枠の平均幅 99.7
N=41  o vars = 4617  (待機 698 / サービス 3919)  prune=True  prec=True (526 組)  arcgap=True
conflict terms = 1011808  (481 対)  うち 3 次の補正 0
colocated terms = 0
penalty: RET=583 CUST=229 CONF=115 CONT=115
build       = 1.404 sec
round 0: energy=456 obj=456 feasible=True travel=453 bad_cust=[] bad_pair=0 [] t=20.4
lns 1 early(K=20): energy=1715773 obj=454 feasible=True travel=451 bad_cust=[] bad_pair=0 [] t=23.3
lns 3 early(K=20): energy=1711976 obj=453 feasible=True travel=450 bad_cust=[] bad_pair=0 [] t=29.7
lns 6 early(K=20): energy=1670459 obj=442 feasible=True travel=439 bad_cust=[] bad_pair=0 [] t=41.7
lns 9 early(K=20): energy=1662933 obj=440 feasible=True travel=439 bad_cust=[] bad_pair=0 [] t=55.2
lns 12 early(K=20): energy=1659168 obj=439 feasible=True travel=439 bad_cust=[] bad_pair=0 [] t=68.1
lns 14 early(K=20): energy=1640204 obj=434 feasible=True travel=434 bad_cust=[] bad_pair=0 [] t=75.4
lns: K = 30 (t=106.1)
lns: K = 40 (t=126.5)
restart 1: energy=464 obj=464 feasible=True travel=450 bad_cust=[] bad_pair=0 [] t=167.4
lns: K = 20 (t=167.4)
lns 34 early(K=20): energy=1741965 obj=461 feasible=True travel=453 bad_cust=[] bad_pair=0 [] t=170.0
lns 35 early(K=20): energy=1741956 obj=461 feasible=True travel=452 bad_cust=[] bad_pair=0 [] t=173.3
lns 37 early(K=20): energy=1726892 obj=457 feasible=True travel=452 bad_cust=[] bad_pair=0 [] t=180.4
lns 39 early(K=20): energy=1704184 obj=451 feasible=True travel=446 bad_cust=[] bad_pair=0 [] t=187.6
lns 41 early(K=20): energy=1700419 obj=450 feasible=True travel=445 bad_cust=[] bad_pair=0 [] t=194.4
lns 44 early(K=20): energy=1670310 obj=442 feasible=True travel=436 bad_cust=[] bad_pair=0 [] t=207.4
lns 47 early(K=20): energy=1662781 obj=440 feasible=True travel=436 bad_cust=[] bad_pair=0 [] t=221.0
lns 50 early(K=20): energy=1647723 obj=436 feasible=True travel=436 bad_cust=[] bad_pair=0 [] t=234.2
lns: K = 30 (t=263.1)
lns 61 early(K=30): energy=1640204 obj=434 feasible=True travel=434 bad_cust=[] bad_pair=0 [] t=269.8
lns: 66 回解き直し、改善 15 回、再出発 1 回

----------result(300.0 sec)----------
energy          = 434
objective       = 434
total_wait      = 46
violated cons   = 0
TTS         = 75.389 sec (最良解を見つけた時刻)
tour        = [0, 34, 5, 16, 26, 1, 27, 18, 32, 20, 31, 19, 33, 13, 2, 14, 8, 22, 21, 3, 24, 37, 36, 25, 15, 30, 4, 12, 35, 39, 11, 9, 29, 17, 23, 38, 6, 10, 40, 7, 28, 0]
visited     = 40/40
travel time = 434
return      = 480 (limit 582, 最早開始)
tw violations = 0
feasible    = True
model times = ok (ソルバの時刻: 到着前の開始 0 / 時間枠外 0 / 帰着 480)
var_count   = 4617
term_count  = 992880
build       = 1.404 sec (式の構築 + simplify)
