QUBO++ Ver. 2026.09.30
Floating License for Hiroshima Univ. CS/IS Lab Member Only
Expires at: 2027/03/31 23:59:59
Variable Limit: Unlimited/Unlimited (CPU/GPU)
  (Unlimited: capped only by the implementation — up to 2^30 - 1 variables of each kind, binary and integer)
instance    = n80w20.001  N=81 (顧客 80)  L[0]=740  時間枠の平均幅 21.4
N=81  o vars = 1675  (待機 310 / サービス 1365)  prune=True  prec=True (3052 組)  arcgap=True
conflict terms = 43853  (387 対)  うち 3 次の補正 0
colocated terms = 0
penalty: RET=741 CUST=261 CONF=131 CONT=131
build       = 0.994 sec
round 0: energy=616 obj=616 feasible=True travel=616 bad_cust=[] bad_pair=0 [] t=10.0

----------result(300.0 sec)----------
energy          = 616
objective       = 616
total_wait      = 113
violated cons   = 0
TTS         = 9.969 sec (最良解を見つけた時刻)
tour        = [0, 17, 37, 39, 29, 58, 31, 34, 53, 64, 77, 19, 79, 50, 9, 38, 2, 33, 1, 6, 48, 8, 3, 74, 66, 54, 14, 15, 5, 49, 7, 55, 73, 44, 56, 76, 22, 30, 71, 24, 35, 25, 60, 62, 47, 20, 32, 21, 61, 13, 18, 4, 65, 52, 41, 46, 16, 28, 67, 68, 59, 57, 40, 23, 43, 72, 78, 36, 12, 45, 51, 27, 70, 26, 42, 11, 10, 69, 75, 80, 63, 0]
visited     = 80/80
travel time = 616
return      = 729 (limit 740, 最早開始)
tw violations = 0
feasible    = True
model times = ok (ソルバの時刻: 到着前の開始 0 / 時間枠外 0 / 帰着 729)
var_count   = 1675
term_count  = 42506
build       = 0.994 sec (式の構築 + simplify)
