QUBO++ Ver. 2026.09.30
Floating License for Hiroshima Univ. CS/IS Lab Member Only
Expires at: 2027/03/31 23:59:59
Variable Limit: Unlimited/Unlimited (CPU/GPU)
  (Unlimited: capped only by the implementation — up to 2^30 - 1 variables of each kind, binary and integer)
instance    = n60w20.001  N=61 (顧客 60)  L[0]=601  時間枠の平均幅 19.3
N=61  o vars = 1593
conflict terms = 45076 禁止組 / 47572 向き付き組 (逆順組 6407)
scheme=uniform scale=1.0 P_CUST=249 rounds=6 grow=2.0 cap=0.0 rev=1.0 forced=1.0
  制約B 係数: 最小 125 平均 131.9 最大 250
build       = 1.037 sec
round 1/6: energy=668 objective=543 conflict=1 once=0 contig=0 tts=1.870
  制約B 係数: 最小 125 平均 133.2 最大 500
round 2/6: energy=666 objective=541 conflict=1 once=0 contig=0 tts=6.965
  制約B 係数: 最小 125 平均 134.2 最大 500
round 3/6: energy=668 objective=543 conflict=1 once=0 contig=0 tts=12.561
  制約B 係数: 最小 125 平均 135.0 最大 500
round 4/6: energy=780 objective=531 conflict=0 once=1 contig=0 tts=19.508
  制約B 係数: 最小 125 平均 135.0 最大 500
round 5/6: energy=782 objective=533 conflict=0 once=1 contig=0 tts=24.621
  制約B 係数: 最小 125 平均 135.0 最大 500
round 6/6: energy=551 objective=551 conflict=0 once=0 contig=0 tts=29.104
TTS         = 29.104 sec (最良解を見つけた時刻, 全ラウンド通算)

----------result(30.0 sec)----------
energy          = 551
objective       = 551
once_constraint = 0
conflict_constr = 0
colocated       = 0
contiguity      = 0
violated cons   = 0
tour        = [0, 6, 12, 38, 48, 9, 15, 51, 34, 56, 17, 19, 42, 58, 22, 59, 32, 7, 25, 13, 4, 52, 5, 50, 44, 30, 47, 18, 46, 31, 16, 23, 21, 2, 28, 41, 10, 29, 11, 27, 39, 43, 45, 35, 26, 8, 57, 3, 33, 54, 1, 24, 49, 37, 20, 36, 55, 14, 40, 60, 53, 0]
visited     = 60/60
travel time = 551
return      = 586 (limit 601, 最早開始)
tw violations = 0
feasible    = True
model times = ok (ソルバの時刻: 到着前の開始 0 / 時間枠外 0 / 帰着 586)
var_count   = 1593
term_count  = 47088
