QUBO++ Ver. 2026.09.01 (Latest: 2026.09.08 - update available)
Floating License for Hiroshima Univ. CS/IS Lab Member Only
Expires at: 2027/03/31 23:59:59
Variable Limit: Unlimited/Unlimited (CPU/GPU)
  (Unlimited: capped only by the implementation — up to 2^30 - 1 variables of each kind, binary and integer)
instance    = n100w20.001  N=101 (顧客 100)  L[0]=835  時間枠の平均幅 19.7
N=101  x vars = 10201  w vars = 101 (整数, 上限 100 固定)
ROW_P = 5000  COL_P = 5000  TIME_P = 1000 (固定値)
build       = 14.655 sec (式の構築 + simplify)
solve now...(1.0 sec)

----------result(1.0 sec)----------
energy          = 1000000
objective       = 500000
row_constraint  = 100
col_constraint  = 100
time_constraint = 0
violated cons   = 200
tour        = [0, 0]
visited     = 0/100
travel time = 0
return      = 0 (limit 835)
tw violations = 0
feasible    = False
var_count   = 10700
term_count  = 990404
