QUBO++ Ver. 2026.09.30
Floating License for Hiroshima Univ. CS/IS Lab Member Only
Expires at: 2027/03/31 23:59:59
Variable Limit: Unlimited/Unlimited (CPU/GPU)
  (Unlimited: capped only by the implementation — up to 2^30 - 1 variables of each kind, binary and integer)
instance    = n60w20.001  N=61 (顧客 60)  L[0]=601  時間枠の平均幅 19.3
N=61  o vars = 1593
conflict terms = 45076 禁止組 / 47572 向き付き組 (逆順組 6407)
scheme=uniform scale=1.0 P_CUST=249 rounds=6 grow=2.0 cap=2.0 rev=4.0 forced=1.0
  制約B 係数: 最小 125 平均 185.2 最大 625
build       = 1.038 sec
round 1/6: energy=670 objective=545 conflict=1 once=0 contig=0 tts=3.827
  制約B 係数: 最小 125 平均 187.8 最大 1250
round 2/6: energy=904 objective=529 conflict=3 once=0 contig=0 tts=9.553
  制約B 係数: 最小 125 平均 193.9 最大 1250
round 3/6: energy=663 objective=538 conflict=1 once=0 contig=0 tts=13.827
  制約B 係数: 最小 125 平均 196.4 最大 1250
round 4/6: energy=669 objective=544 conflict=1 once=0 contig=0 tts=16.711
  制約B 係数: 最小 125 平均 197.6 最大 1250
round 5/6: energy=780 objective=531 conflict=0 once=1 contig=0 tts=23.612
  制約B 係数: 最小 125 平均 197.6 最大 1250
round 6/6: energy=780 objective=531 conflict=0 once=1 contig=0 tts=27.016
TTS         = 9.553 sec (最良解を見つけた時刻, 全ラウンド通算)

----------result(30.0 sec)----------
energy          = 904
objective       = 529
once_constraint = 0
conflict_constr = 3
colocated       = 0
contiguity      = 0
violated cons   = 1
tour        = [0, 6, 12, 38, 48, 9, 51, 15, 19, 17, 56, 34, 42, 58, 22, 59, 32, 7, 25, 13, 4, 52, 5, 44, 50, 30, 46, 18, 47, 31, 16, 23, 21, 2, 28, 41, 10, 11, 29, 27, 39, 43, 45, 35, 26, 8, 57, 3, 33, 54, 1, 24, 49, 37, 20, 36, 55, 14, 40, 60, 53, 0]
visited     = 60/60
travel time = 555
return      = 586 (limit 601, 最早開始)
tw violations = 1
feasible    = False
model times = INCONSISTENT (ソルバの時刻: 到着前の開始 3 / 時間枠外 0 / 帰着 586)
var_count   = 1593
term_count  = 47088
