QUBO++ Ver. 2026.09.25
Floating License for Hiroshima Univ. CS/IS Lab Member Only
Expires at: 2027/03/31 23:59:59
Variable Limit: Unlimited/Unlimited (CPU/GPU)
  (Unlimited: capped only by the implementation — up to 2^30 - 1 variables of each kind, binary and integer)
instance    = n100w20.001  N=101 (顧客 100)  L[0]=835  時間枠の平均幅 19.7
vehicles    = 3
objective   = max (帰着時刻の最大値, 不等式制約版)
HINT: この定式化はモデルが重いので 60 秒以上を推奨 (いまは 30.0 秒)
N=101  m=3  x vars = 8631
conflict terms = 2346117
Z in [827, 835] (integer)  ret<=Z cons = 3
penalty: ONCE=836 CONF=836 ZMAX=836
build       = 2.408 sec (式の構築 + simplify)
solve now...(30.0 sec)
TTS         = 0.010 sec (最良解を見つけた時刻)

----------result(30.0 sec)----------
energy          = 827
objective       = 827
ret_total       = 2255
once_constraint = 0
conflict_constr = 0
zmax_constr     = 0
violated cons   = 0

--- vehicle 0 --- (72 顧客)
  travel= 659 return= 827 (RET var = 827)

--- vehicle 1 --- (21 顧客)
  travel= 345 return= 659 (RET var = 682)

--- vehicle 2 --- (7 顧客)
  travel= 144 return= 746 (RET var = 746)

=== summary ===
route[0]    = [0, 88, 30, 68, 1, 11, 65, 9, 28, 72, 20, 79, 4, 24, 22, 60, 62, 6, 61, 32, 64, 10, 8, 12, 70, 5, 29, 34, 76, 78, 3, 43, 2, 13, 16, 27, 55, 59, 23, 19, 66, 35, 40, 33, 18, 15, 31, 73, 83, 7, 46, 48, 58, 84, 39, 97, 90, 67, 89, 37, 81, 54, 82, 17, 63, 14, 25, 45, 26, 51, 21, 36, 69, 0]
route[1]    = [0, 57, 42, 50, 95, 86, 94, 56, 87, 93, 85, 92, 75, 41, 91, 47, 38, 96, 52, 99, 71, 80, 0]
route[2]    = [0, 49, 53, 98, 77, 74, 44, 100, 0]
visited     = 100/100
total travel = 1148
max travel  = 659
return      = [827, 659, 746] (limit 835, 最早開始)
tw violations = 0
feasible    = True
model times = ok (ソルバの時刻: 到着前の開始 0 / 時間枠外 0)
RET var == モデルの帰着 = False
var_count   = 8631
term_count  = 2340816
max return  = 827 (最早開始。Z = 827 以下になるはず)
used vehicles = 3/3
      (最遅以外の車両の RET は Z 以下のどこでも目的が変わらないので、
       「RET var == モデルの帰着」は False になりうる)
