QUBO++ Ver. 2026.09.25
Floating License for Hiroshima Univ. CS/IS Lab Member Only
Expires at: 2027/03/31 23:59:59
Variable Limit: Unlimited/Unlimited (CPU/GPU)
  (Unlimited: capped only by the implementation — up to 2^30 - 1 variables of each kind, binary and integer)
instance    = n100w20.001  N=101 (顧客 100)  L[0]=835  時間枠の平均幅 19.7
vehicles    = 3
objective   = max (帰着時刻の最大値, 不等式制約版)
HINT: この定式化はモデルが重いので 60 秒以上を推奨 (いまは 30.0 秒)
N=101  m=3  x vars = 8631
conflict terms = 2346117
Z in [827, 835] (integer)  ret<=Z cons = 3
penalty: ONCE=836 CONF=836 ZMAX=836
build       = 3.937 sec (式の構築 + simplify)
solve now...(30.0 sec)
TTS         = 0.115 sec (最良解を見つけた時刻)

----------result(30.0 sec)----------
energy          = 827
objective       = 827
ret_total       = 2380
once_constraint = 0
conflict_constr = 0
zmax_constr     = 0
violated cons   = 0

--- vehicle 0 --- (11 顧客)
  travel= 298 return= 696 (RET var = 764)

--- vehicle 1 --- (28 顧客)
  travel= 365 return= 789 (RET var = 789)

--- vehicle 2 --- (61 顧客)
  travel= 486 return= 827 (RET var = 827)

=== summary ===
route[0]    = [0, 28, 86, 32, 3, 75, 35, 33, 7, 84, 67, 45, 0]
route[1]    = [0, 57, 42, 4, 53, 64, 56, 8, 29, 93, 87, 34, 98, 77, 43, 41, 59, 23, 19, 96, 18, 15, 52, 97, 99, 37, 25, 51, 36, 0]
route[2]    = [0, 88, 30, 68, 1, 49, 11, 9, 65, 72, 20, 79, 50, 95, 24, 22, 6, 60, 62, 94, 61, 10, 12, 5, 70, 76, 85, 92, 78, 2, 74, 44, 27, 55, 16, 13, 91, 47, 66, 40, 38, 31, 73, 46, 83, 48, 58, 39, 90, 89, 54, 82, 81, 63, 17, 71, 14, 80, 26, 100, 21, 69, 0]
visited     = 100/100
total travel = 1149
max travel  = 486
return      = [682, 783, 827] (limit 835, 最早開始)
tw violations = 0
feasible    = True
model times = ok (ソルバの時刻: 到着前の開始 0 / 時間枠外 0)
RET var == モデルの帰着 = False
var_count   = 8631
term_count  = 2340816
max return  = 827 (最早開始。Z = 827 以下になるはず)
used vehicles = 3/3
      (最遅以外の車両の RET は Z 以下のどこでも目的が変わらないので、
       「RET var == モデルの帰着」は False になりうる)
