QUBO++ Ver. 2026.09.25
Floating License for Hiroshima Univ. CS/IS Lab Member Only
Expires at: 2027/03/31 23:59:59
Variable Limit: Unlimited/Unlimited (CPU/GPU)
  (Unlimited: capped only by the implementation — up to 2^30 - 1 variables of each kind, binary and integer)
instance    = n100w20.001  N=101 (顧客 100)  L[0]=835  時間枠の平均幅 19.7
vehicles    = 3
objective   = max (帰着時刻の最大値, 不等式制約版)
HINT: この定式化はモデルが重いので 60 秒以上を推奨 (いまは 30.0 秒)
N=101  m=3  x vars = 8631
conflict terms = 2346117
Z in [827, 835] (integer)  ret<=Z cons = 3
penalty: ONCE=836 CONF=836 ZMAX=836
build       = 3.177 sec (式の構築 + simplify)
solve now...(30.0 sec)
TTS         = 0.012 sec (最良解を見つけた時刻)

----------result(30.0 sec)----------
energy          = 827
objective       = 827
ret_total       = 2278
once_constraint = 0
conflict_constr = 0
zmax_constr     = 0
violated cons   = 0

--- vehicle 0 --- (71 顧客)
  travel= 684 return= 827 (RET var = 827)

--- vehicle 1 --- (22 顧客)
  travel= 266 return= 691 (RET var = 742)

--- vehicle 2 --- (7 顧客)
  travel= 212 return= 709 (RET var = 709)

=== summary ===
route[0]    = [0, 88, 30, 1, 11, 9, 28, 72, 20, 79, 4, 24, 22, 60, 62, 6, 61, 32, 64, 56, 10, 8, 12, 29, 5, 34, 76, 78, 3, 43, 2, 74, 13, 16, 27, 41, 55, 59, 91, 19, 35, 38, 18, 33, 96, 31, 15, 73, 7, 52, 48, 58, 39, 97, 99, 67, 89, 37, 17, 54, 81, 63, 82, 71, 14, 80, 45, 26, 100, 21, 36, 69, 0]
route[1]    = [0, 68, 49, 42, 65, 50, 53, 94, 70, 87, 93, 85, 92, 98, 77, 44, 23, 66, 40, 47, 46, 83, 25, 0]
route[2]    = [0, 57, 95, 86, 75, 84, 90, 51, 0]
visited     = 100/100
total travel = 1162
max travel  = 684
return      = [827, 659, 708] (limit 835, 最早開始)
tw violations = 0
feasible    = True
model times = ok (ソルバの時刻: 到着前の開始 0 / 時間枠外 0)
RET var == モデルの帰着 = False
var_count   = 8631
term_count  = 2340816
max return  = 827 (最早開始。Z = 827 以下になるはず)
used vehicles = 3/3
      (最遅以外の車両の RET は Z 以下のどこでも目的が変わらないので、
       「RET var == モデルの帰着」は False になりうる)
