QUBO++ Ver. 2026.09.25
Floating License for Hiroshima Univ. CS/IS Lab Member Only
Expires at: 2027/03/31 23:59:59
Variable Limit: Unlimited/Unlimited (CPU/GPU)
  (Unlimited: capped only by the implementation — up to 2^30 - 1 variables of each kind, binary and integer)
instance    = n20w20.001  N=21 (顧客 20)  L[0]=408  時間枠の平均幅 16.8
vehicles    = 3
objective   = max (帰着時刻の最大値, 不等式制約版)
HINT: この定式化はモデルが重いので 60 秒以上を推奨 (いまは 30.0 秒)
N=21  m=3  x vars = 2214
conflict terms = 180966
Z in [375, 408] (integer)  ret<=Z cons = 3
penalty: ONCE=409 CONF=409 ZMAX=409
build       = 1.094 sec (式の構築 + simplify)
solve now...(30.0 sec)
TTS         = 0.197 sec (最良解を見つけた時刻)

----------result(30.0 sec)----------
energy          = 375
objective       = 375
ret_total       = 900
once_constraint = 0
conflict_constr = 0
zmax_constr     = 0
violated cons   = 0

--- vehicle 0 --- (7 顧客)
  travel= 177 return= 375 (RET var = 375)

--- vehicle 1 --- (9 顧客)
  travel= 211 return= 340 (RET var = 340)

--- vehicle 2 --- (4 顧客)
  travel=  68 return=  81 (RET var = 185)

=== summary ===
route[0]    = [0, 16, 17, 11, 13, 4, 20, 14, 0]
route[1]    = [0, 9, 10, 5, 12, 6, 7, 2, 8, 3, 0]
route[2]    = [0, 19, 18, 15, 1, 0]
visited     = 20/20
total travel = 456
max travel  = 211
return      = [375, 340, 81] (limit 408, 最早開始)
tw violations = 0
feasible    = True
model times = ok (ソルバの時刻: 到着前の開始 0 / 時間枠外 0)
RET var == モデルの帰着 = False
var_count   = 2214
term_count  = 181914
max return  = 375 (最早開始。Z = 375 以下になるはず)
used vehicles = 3/3
      (最遅以外の車両の RET は Z 以下のどこでも目的が変わらないので、
       「RET var == モデルの帰着」は False になりうる)
