QUBO++ Ver. 2026.09.25
Floating License for Hiroshima Univ. CS/IS Lab Member Only
Expires at: 2027/03/31 23:59:59
Variable Limit: Unlimited/Unlimited (CPU/GPU)
  (Unlimited: capped only by the implementation — up to 2^30 - 1 variables of each kind, binary and integer)
instance    = n60w20.001  N=61 (顧客 60)  L[0]=601  時間枠の平均幅 19.3
vehicles    = 3
objective   = max (帰着時刻の最大値, 不等式制約版)
HINT: この定式化はモデルが重いので 60 秒以上を推奨 (いまは 30.0 秒)
N=61  m=3  x vars = 5400
conflict terms = 982089
Z in [577, 601] (integer)  ret<=Z cons = 3
penalty: ONCE=602 CONF=602 ZMAX=602
build       = 1.558 sec (式の構築 + simplify)
solve now...(30.0 sec)
TTS         = 0.612 sec (最良解を見つけた時刻)

----------result(30.0 sec)----------
energy          = 577
objective       = 577
ret_total       = 1329
once_constraint = 0
conflict_constr = 0
zmax_constr     = 0
violated cons   = 0

--- vehicle 0 --- (11 顧客)
  travel=  99 return= 156 (RET var = 196)

--- vehicle 1 --- (27 顧客)
  travel= 311 return= 556 (RET var = 556)

--- vehicle 2 --- (22 顧客)
  travel= 301 return= 577 (RET var = 577)

=== summary ===
route[0]    = [0, 38, 9, 17, 19, 34, 42, 58, 7, 25, 4, 52, 0]
route[1]    = [0, 6, 12, 51, 15, 32, 22, 13, 5, 44, 30, 31, 47, 18, 21, 2, 10, 28, 41, 11, 27, 39, 26, 8, 57, 1, 37, 40, 0]
route[2]    = [0, 48, 56, 59, 50, 46, 16, 23, 29, 43, 45, 35, 3, 33, 54, 49, 20, 24, 36, 55, 14, 60, 53, 0]
visited     = 60/60
total travel = 711
max travel  = 311
return      = [156, 556, 577] (limit 601, 最早開始)
tw violations = 0
feasible    = True
model times = ok (ソルバの時刻: 到着前の開始 0 / 時間枠外 0)
RET var == モデルの帰着 = False
var_count   = 5400
term_count  = 980058
max return  = 577 (最早開始。Z = 577 以下になるはず)
used vehicles = 3/3
      (最遅以外の車両の RET は Z 以下のどこでも目的が変わらないので、
       「RET var == モデルの帰着」は False になりうる)
