QUBO++ Ver. 2026.09.25
Floating License for Hiroshima Univ. CS/IS Lab Member Only
Expires at: 2027/03/31 23:59:59
Variable Limit: Unlimited/Unlimited (CPU/GPU)
  (Unlimited: capped only by the implementation — up to 2^30 - 1 variables of each kind, binary and integer)
instance    = n60w100.001  N=61 (顧客 60)  L[0]=586  時間枠の平均幅 93.7
HINT: この定式化はモデルが重いので 60 秒以上を推奨 (いまは 30.0 秒)
N=61  x vars = 5595  (order-based なら 3600)
conflict terms = 1274267
penalty: ONCE=587 CONF=587
build       = 1.755 sec (式の構築 + simplify)
solve now...(30.0 sec)
TTS         = 6.655 sec (最良解を見つけた時刻)

----------result(30.0 sec)----------
energy          = 1163
objective       = 1163
once_constraint = 1
conflict_constr = 0
violated cons   = 1
node 21: 0 visits VIOLATION!
  return= 576 (RET var = 576)
tour        = [0, 17, 43, 57, 50, 6, 1, 19, 51, 36, 47, 29, 38, 46, 26, 5, 12, 39, 56, 18, 20, 30, 44, 23, 15, 34, 45, 37, 58, 40, 48, 54, 28, 31, 41, 8, 16, 7, 24, 42, 13, 22, 52, 2, 32, 55, 14, 33, 25, 4, 59, 10, 35, 27, 11, 3, 9, 60, 53, 49, 0]
visited     = 59/60
travel time = 526
return      = 576 (limit 586, 最早開始)
tw violations = 0
feasible    = False
model times = ok (ソルバの時刻: 到着前の開始 0 / 時間枠外 0 / 帰着 576)
var_count   = 5595
term_count  = 1247481
      (制約違反がなければモデルの時刻はそのまま実行可能なスケジュール
       なので objective >= return（最早開始）。評価は return で行う)
