QUBO++ Ver. 2026.09.30
Floating License for Hiroshima Univ. CS/IS Lab Member Only
Expires at: 2027/03/31 23:59:59
Variable Limit: Unlimited/Unlimited (CPU/GPU)
  (Unlimited: capped only by the implementation — up to 2^30 - 1 variables of each kind, binary and integer)
instance    = n60w100.001  N=61 (顧客 60)  L[0]=586  時間枠の平均幅 93.7
N=61  o vars = 7366
conflict terms = 2494852 禁止組 / 2553485 向き付き組 (逆順組 275414)
scheme=uniform scale=0.5 P_CUST=120 rounds=10 grow=2.0 cap=4.0 rev=1.0 forced=1.0
  制約B 係数: 最小 60 平均 61.4 最大 121
build       = 7.627 sec
round 1/10: energy=651 objective=531 conflict=2 once=0 contig=0 tts=17.904
  制約B 係数: 最小 60 平均 61.7 最大 242
round 2/10: energy=753 objective=513 conflict=0 once=2 contig=0 tts=55.867
  制約B 係数: 最小 60 平均 61.7 最大 242
round 3/10: energy=694 objective=514 conflict=1 once=1 contig=0 tts=89.528
  制約B 係数: 最小 60 平均 61.8 最大 242
round 4/10: energy=666 objective=546 conflict=0 once=1 contig=0 tts=119.561
  制約B 係数: 最小 60 平均 61.8 最大 242
round 5/10: energy=565 objective=565 conflict=0 once=0 contig=0 tts=146.899
  制約B 係数: 最小 60 平均 61.8 最大 242
round 6/10: energy=706 objective=525 conflict=2 once=0 contig=0 tts=179.344
  制約B 係数: 最小 60 平均 62.3 最大 484
round 7/10: energy=551 objective=551 conflict=0 once=0 contig=0 tts=206.564
  制約B 係数: 最小 60 平均 62.3 最大 484
round 8/10: energy=718 objective=538 conflict=1 once=1 contig=0 tts=236.931
  制約B 係数: 最小 60 平均 62.4 最大 484
round 9/10: energy=539 objective=539 conflict=0 once=0 contig=0 tts=264.865
  制約B 係数: 最小 60 平均 62.4 最大 484
round 10/10: energy=730 objective=550 conflict=3 once=0 contig=0 tts=299.298
TTS         = 264.865 sec (最良解を見つけた時刻, 全ラウンド通算)

----------result(300.0 sec)----------
energy          = 539
objective       = 539
once_constraint = 0
conflict_constr = 0
colocated       = 0
contiguity      = 0
violated cons   = 0
tour        = [0, 1, 17, 57, 43, 50, 6, 19, 51, 36, 47, 29, 38, 46, 26, 5, 12, 39, 56, 18, 30, 20, 37, 58, 45, 34, 48, 23, 15, 44, 40, 28, 54, 41, 8, 16, 7, 31, 24, 42, 22, 13, 2, 52, 32, 14, 55, 33, 25, 27, 10, 59, 4, 35, 21, 11, 3, 9, 60, 53, 49, 0]
visited     = 60/60
travel time = 533
return      = 576 (limit 586, 最早開始)
tw violations = 0
feasible    = True
model times = ok (ソルバの時刻: 到着前の開始 0 / 時間枠外 0 / 帰着 576)
var_count   = 7366
term_count  = 2504029
