QUBO++ Ver. 2026.09.30
Floating License for Hiroshima Univ. CS/IS Lab Member Only
Expires at: 2027/03/31 23:59:59
Variable Limit: Unlimited/Unlimited (CPU/GPU)
  (Unlimited: capped only by the implementation — up to 2^30 - 1 variables of each kind, binary and integer)
instance    = n60w100.001  N=61 (顧客 60)  L[0]=586  時間枠の平均幅 93.7
N=61  o vars = 7366
conflict terms = 2494852 禁止組 / 2553485 向き付き組 (逆順組 275414)
scheme=uniform scale=0.5 P_CUST=120 rounds=10 grow=2.0 cap=4.0 rev=1.0 forced=1.0
  制約B 係数: 最小 60 平均 61.4 最大 121
build       = 7.218 sec
round 1/10: energy=610 objective=550 conflict=1 once=0 contig=0 tts=28.712
  制約B 係数: 最小 60 平均 61.5 最大 242
round 2/10: energy=681 objective=501 conflict=1 once=1 contig=0 tts=55.837
  制約B 係数: 最小 60 平均 61.7 最大 242
round 3/10: energy=621 objective=501 conflict=0 once=1 contig=0 tts=77.991
  制約B 係数: 最小 60 平均 61.7 最大 242
round 4/10: energy=713 objective=533 conflict=1 once=1 contig=0 tts=113.576
  制約B 係数: 最小 60 平均 61.8 最大 242
round 5/10: energy=638 objective=578 conflict=1 once=0 contig=0 tts=150.815
  制約B 係数: 最小 60 平均 61.9 最大 242
round 6/10: energy=692 objective=511 conflict=2 once=0 contig=0 tts=181.117
  制約B 係数: 最小 60 平均 62.4 最大 484
round 7/10: energy=644 objective=524 conflict=0 once=1 contig=0 tts=204.884
  制約B 係数: 最小 60 平均 62.4 最大 484
round 8/10: energy=572 objective=572 conflict=0 once=0 contig=0 tts=241.233
  制約B 係数: 最小 60 平均 62.4 最大 484
round 9/10: energy=547 objective=547 conflict=0 once=0 contig=0 tts=270.735
  制約B 係数: 最小 60 平均 62.4 最大 484
round 10/10: energy=644 objective=524 conflict=0 once=1 contig=0 tts=297.930
TTS         = 270.735 sec (最良解を見つけた時刻, 全ラウンド通算)

----------result(300.0 sec)----------
energy          = 547
objective       = 547
once_constraint = 0
conflict_constr = 0
colocated       = 0
contiguity      = 0
violated cons   = 0
tour        = [0, 6, 50, 43, 57, 17, 1, 36, 51, 19, 47, 29, 46, 38, 26, 5, 12, 39, 56, 30, 20, 18, 37, 58, 45, 34, 15, 44, 23, 40, 48, 28, 54, 8, 41, 31, 7, 16, 24, 42, 22, 13, 52, 2, 32, 14, 55, 33, 25, 27, 10, 59, 4, 35, 21, 11, 3, 9, 60, 53, 49, 0]
visited     = 60/60
travel time = 530
return      = 576 (limit 586, 最早開始)
tw violations = 0
feasible    = True
model times = ok (ソルバの時刻: 到着前の開始 0 / 時間枠外 0 / 帰着 576)
var_count   = 7366
term_count  = 2504029
