QUBO++ Ver. 2026.09.30
Floating License for Hiroshima Univ. CS/IS Lab Member Only
Expires at: 2027/03/31 23:59:59
Variable Limit: Unlimited/Unlimited (CPU/GPU)
  (Unlimited: capped only by the implementation — up to 2^30 - 1 variables of each kind, binary and integer)
instance    = n200w20.001  N=201 (顧客 200)  L[0]=1154  時間枠の平均幅 20.1
N=201  o vars = 5660
conflict terms = 273587 禁止組 / 292700 向き付き組 (逆順組 37615)
scheme=uniform scale=1.0 P_CUST=241 rounds=10 grow=2.0 cap=4.0 rev=1.0 forced=1.0
  制約B 係数: 最小 121 平均 129.5 最大 242
build       = 1.722 sec
round 1/10: energy=1260 objective=1018 conflict=2 once=0 contig=0 tts=28.527
  制約B 係数: 最小 121 平均 129.8 最大 484
round 2/10: energy=1136 objective=1015 conflict=1 once=0 contig=0 tts=55.798
  制約B 係数: 最小 121 平均 130.2 最大 484
round 3/10: energy=1144 objective=1023 conflict=1 once=0 contig=0 tts=88.196
  制約B 係数: 最小 121 平均 130.7 最大 484
round 4/10: energy=1265 objective=1024 conflict=0 once=1 contig=0 tts=119.079
  制約B 係数: 最小 121 平均 130.7 最大 484
round 5/10: energy=1269 objective=1028 conflict=0 once=1 contig=0 tts=146.905
  制約B 係数: 最小 121 平均 130.7 最大 484
round 6/10: energy=1263 objective=1022 conflict=0 once=1 contig=0 tts=173.431
  制約B 係数: 最小 121 平均 130.7 最大 484
round 7/10: energy=1157 objective=1036 conflict=1 once=0 contig=0 tts=209.282
  制約B 係数: 最小 121 平均 130.8 最大 484
round 8/10: energy=1036 objective=1036 conflict=0 once=0 contig=0 tts=237.231
  制約B 係数: 最小 121 平均 130.8 最大 484
round 9/10: energy=1268 objective=1026 conflict=1 once=0 contig=0 tts=268.953
  制約B 係数: 最小 121 平均 131.1 最大 968
round 10/10: energy=1271 objective=1029 conflict=1 once=0 contig=0 tts=297.393
TTS         = 237.231 sec (最良解を見つけた時刻, 全ラウンド通算)

----------result(300.0 sec)----------
energy          = 1036
objective       = 1036
once_constraint = 0
conflict_constr = 0
colocated       = 0
contiguity      = 0
violated cons   = 0
tour        = [0, 106, 60, 24, 34, 25, 173, 23, 134, 135, 84, 74, 96, 37, 109, 127, 49, 15, 116, 184, 129, 197, 1, 20, 114, 138, 76, 112, 143, 107, 130, 183, 136, 59, 50, 55, 46, 53, 97, 104, 89, 41, 9, 8, 172, 51, 43, 18, 73, 56, 193, 2, 128, 95, 113, 86, 186, 105, 156, 171, 58, 64, 27, 108, 61, 29, 87, 22, 119, 99, 117, 182, 52, 158, 36, 166, 196, 123, 47, 67, 11, 6, 78, 159, 30, 126, 81, 147, 31, 195, 168, 38, 177, 75, 148, 63, 174, 122, 102, 199, 33, 66, 190, 32, 188, 179, 68, 139, 16, 118, 111, 90, 180, 77, 48, 167, 13, 194, 100, 132, 7, 69, 94, 110, 93, 181, 72, 10, 146, 71, 83, 140, 157, 3, 121, 79, 162, 176, 82, 80, 137, 120, 150, 101, 17, 65, 152, 103, 88, 142, 164, 125, 45, 151, 198, 54, 19, 12, 26, 161, 153, 192, 169, 175, 57, 91, 165, 70, 4, 131, 163, 14, 154, 39, 85, 187, 178, 21, 115, 40, 145, 42, 149, 144, 189, 35, 62, 170, 44, 98, 141, 92, 191, 124, 133, 185, 160, 155, 5, 200, 28, 0]
visited     = 200/200
travel time = 1027
return      = 1139 (limit 1154, 最早開始)
tw violations = 0
feasible    = True
model times = ok (ソルバの時刻: 到着前の開始 0 / 時間枠外 0 / 帰着 1139)
var_count   = 5660
term_count  = 280769
